{|
| '''Warning'''
* This is a '''readonly''' and '''text-based''' archive of a deprecated wiki.
* '''Images''' and '''attachments''' have been removed to conserve space.
* '''Links''' may not work and there may be formatting issues.
* A '''compressed''' version with images and the original syntax is in the repo '''Releases'''.
|}

__TOC__

<pre>
[    0.000000] Initializing cgroup subsys cpuset
[    0.000000] Initializing cgroup subsys cpu
[    0.000000] Linux version 2.6.24-17-generic (buildd@palmer) (gcc version 4.2.3 (Ubuntu 4.2.3-2ubuntu7)) #1 SMP Thu May 1 14:31:33 UTC 2008 (Ubuntu 2.6.24-17.31-generic)
[    0.000000] BIOS-provided physical RAM map:
[    0.000000]  BIOS-e820: 0000000000000000 - 000000000009fc00 (usable)
[    0.000000]  BIOS-e820: 000000000009fc00 - 00000000000a0000 (reserved)
[    0.000000]  BIOS-e820: 00000000000e0000 - 0000000000100000 (reserved)
[    0.000000]  BIOS-e820: 0000000000100000 - 0000000037fd0000 (usable)
[    0.000000]  BIOS-e820: 0000000037fd0000 - 0000000037fe5600 (reserved)
[    0.000000]  BIOS-e820: 0000000037fe5600 - 0000000037ff8000 (ACPI NVS)
[    0.000000]  BIOS-e820: 0000000037ff8000 - 0000000040000000 (reserved)
[    0.000000]  BIOS-e820: 00000000e0000000 - 00000000f0000000 (reserved)
[    0.000000]  BIOS-e820: 00000000fec00000 - 00000000fec02000 (reserved)
[    0.000000]  BIOS-e820: 00000000ffbc0000 - 00000000ffcc0000 (reserved)
[    0.000000]  BIOS-e820: 00000000fff00000 - 0000000100000000 (reserved)
[    0.000000] 0MB HIGHMEM available.
[    0.000000] 895MB LOWMEM available.
[    0.000000] Entering add_active_range(0, 0, 229328) 0 entries of 256 used
[    0.000000] Zone PFN ranges:
[    0.000000]   DMA             0 ->     4096
[    0.000000]   Normal       4096 ->   229328
[    0.000000]   HighMem    229328 ->   229328
[    0.000000] Movable zone start PFN for each node
[    0.000000] early_node_map[1] active PFN ranges
[    0.000000]     0:        0 ->   229328
[    0.000000] On node 0 totalpages: 229328
[    0.000000]   DMA zone: 32 pages used for memmap
[    0.000000]   DMA zone: 0 pages reserved
[    0.000000]   DMA zone: 4064 pages, LIFO batch:0
[    0.000000]   Normal zone: 1759 pages used for memmap
[    0.000000]   Normal zone: 223473 pages, LIFO batch:31
[    0.000000]   HighMem zone: 0 pages used for memmap
[    0.000000]   Movable zone: 0 pages used for memmap
[    0.000000] DMI 2.4 present.
[    0.000000] ACPI: RSDP signature @ 0xC00F7A90 checksum 0
[    0.000000] ACPI: RSDP 000F7A90, 0024 (r2 HP    )
[    0.000000] ACPI: XSDT 37FE57B8, 005C (r1 HPQOEM SLIC-MPC        1 HP          1)
[    0.000000] ACPI: FACP 37FE5684, 00F4 (r4 HP     0944            3 HP          1)
[    0.000000] ACPI: DSDT 37FE5A60, F6D3 (r1 HP        SB400    10000 MSFT  100000E)
[    0.000000] ACPI: FACS 37FF7E80, 0040
[    0.000000] ACPI: SLIC 37FE5814, 0176 (r1 HPQOEM SLIC-MPC        1 HP          1)
[    0.000000] ACPI: APIC 37FE598C, 0062 (r1 HP     0944            1 HP          1)
[    0.000000] ACPI: MCFG 37FE59F0, 003C (r1 HP     0944            1 HP          1)
[    0.000000] ACPI: TCPA 37FE5A2C, 0032 (r2 HP     0944            1 HP          1)
[    0.000000] ACPI: SSDT 37FF5133, 0059 (r1 HP       HPQNLP        1 MSFT  100000E)
[    0.000000] ACPI: SSDT 37FF518C, 00F4 (r1 HP     PSSTBLID        1 HP          1)
[    0.000000] ACPI: DMI detected: Hewlett-Packard
[    0.000000] ATI board detected. Disabling timer routing over 8254.
[    0.000000] ACPI: PM-Timer IO Port: 0x8008
[    0.000000] ACPI: Local APIC address 0xfee00000
[    0.000000] ACPI: LAPIC (acpi_id[0x01] lapic_id[0x00] enabled)
[    0.000000] Processor #0 15:12 APIC version 16
[    0.000000] ACPI: LAPIC (acpi_id[0x02] lapic_id[0x01] disabled)
[    0.000000] ACPI: LAPIC_NMI (acpi_id[0x01] high edge lint[0x1])
[    0.000000] ACPI: IOAPIC (id[0x02] address[0xfec00000] gsi_base[0])
[    0.000000] IOAPIC[0]: apic_id 2, version 33, address 0xfec00000, GSI 0-23
[    0.000000] ACPI: INT_SRC_OVR (bus 0 bus_irq 0 global_irq 2 dfl dfl)
[    0.000000] ACPI: INT_SRC_OVR (bus 0 bus_irq 9 global_irq 21 low level)
[    0.000000] ACPI: IRQ0 used by override.
[    0.000000] ACPI: IRQ2 used by override.
[    0.000000] Enabling APIC mode:  Flat.  Using 1 I/O APICs
[    0.000000] Using ACPI (MADT) for SMP configuration information
[    0.000000] Allocating PCI resources starting at 50000000 (gap: 40000000:a0000000)
[    0.000000] swsusp: Registered nosave memory region: 000000000009f000 - 00000000000a0000
[    0.000000] swsusp: Registered nosave memory region: 00000000000a0000 - 00000000000e0000
[    0.000000] swsusp: Registered nosave memory region: 00000000000e0000 - 0000000000100000
[    0.000000] Built 1 zonelists in Zone order, mobility grouping on.  Total pages: 227537
[    0.000000] Kernel command line: root=UUID=2bf4e4c5-32f5-4d57-b59b-19afc96b230e ro quiet splash
[    0.000000] mapped APIC to ffffb000 (fee00000)
[    0.000000] mapped IOAPIC to ffffa000 (fec00000)
[    0.000000] Enabling fast FPU save and restore... done.
[    0.000000] Enabling unmasked SIMD FPU exception support... done.
[    0.000000] Initializing CPU#0
[    0.000000] PID hash table entries: 4096 (order: 12, 16384 bytes)
[    0.000000] Detected 1795.657 MHz processor.
[   17.981455] Console: colour VGA+ 80x25
[   17.981458] console [tty0] enabled
[   17.981778] Dentry cache hash table entries: 131072 (order: 7, 524288 bytes)
[   17.982141] Inode-cache hash table entries: 65536 (order: 6, 262144 bytes)
[   17.996750] Memory: 897284k/917312k available (2176k kernel code, 19396k reserved, 1007k data, 368k init, 0k highmem)
[   17.996758] virtual kernel memory layout:
[   17.996759]     fixmap  : 0xfff4b000 - 0xfffff000   ( 720 kB)
[   17.996760]     pkmap   : 0xff800000 - 0xffc00000   (4096 kB)
[   17.996762]     vmalloc : 0xf8800000 - 0xff7fe000   ( 111 MB)
[   17.996763]     lowmem  : 0xc0000000 - 0xf7fd0000   ( 895 MB)
[   17.996764]       .init : 0xc0421000 - 0xc047d000   ( 368 kB)
[   17.996765]       .data : 0xc0320134 - 0xc041bdc4   (1007 kB)
[   17.996767]       .text : 0xc0100000 - 0xc0320134   (2176 kB)
[   17.996770] Checking if this processor honours the WP bit even in supervisor mode... Ok.
[   17.996801] SLUB: Genslabs=11, HWalign=64, Order=0-1, MinObjects=4, CPUs=1, Nodes=1
[   18.076791] Calibrating delay using timer specific routine.. 3594.95 BogoMIPS (lpj=7189909)
[   18.076813] Security Framework initialized
[   18.076817] SELinux:  Disabled at boot.
[   18.076830] AppArmor: AppArmor initialized
[   18.076834] Failure registering capabilities with primary security module.
[   18.076841] Mount-cache hash table entries: 512
[   18.076937] Initializing cgroup subsys ns
[   18.076941] Initializing cgroup subsys cpuacct
[   18.076949] CPU: After generic identify, caps: 078bfbff ebd3fbff 00000000 00000000 00002001 00000000 00000019 00000000
[   18.076958] CPU: L1 I Cache: 64K (64 bytes/line), D cache 64K (64 bytes/line)
[   18.076960] CPU: L2 Cache: 512K (64 bytes/line)
[   18.076963] CPU: After all inits, caps: 078bfbff ebd3fbff 00000000 00000410 00002001 00000000 00000019 00000000
[   18.076971] Compat vDSO mapped to ffffe000.
[   18.076981] Checking 'hlt' instruction... OK.
[   18.093037] SMP alternatives: switching to UP code
[   18.094102] Freeing SMP alternatives: 11k freed
[   18.094211] Early unpacking initramfs... done
[   18.435600] ACPI: Core revision 20070126
[   18.435719] ACPI: Looking for DSDT in initramfs... error, file /DSDT.aml not found.
[   18.472317] CPU0: AMD Mobile AMD Sempron(tm) Processor 3500+ stepping 02
[   18.472343] Total of 1 processors activated (3594.95 BogoMIPS).
[   18.472515] ENABLING IO-APIC IRQs
[   18.472698] ..TIMER: vector=0x31 apic1=0 pin1=2 apic2=-1 pin2=-1
[   18.512425] ..MP-BIOS bug: 8254 timer not connected to IO-APIC
[   18.512466] ...trying to set up timer (IRQ0) through the 8259A ...  failed.
[   18.512468] ...trying to set up timer as Virtual Wire IRQ... works.
[   18.656557] Brought up 1 CPUs
[   18.656577] CPU0 attaching sched-domain:
[   18.656580]  domain 0: span 01
[   18.656581]   groups: 01
[   18.656743] net_namespace: 64 bytes
[   18.656749] HP Compaq Laptop series board detected. Selecting BIOS-method for reboots.
[   18.656752] Booting paravirtualized kernel on bare hardware
[   18.657204] Time: 20:09:19  Date: 05/11/08
[   18.657227] NET: Registered protocol family 16
[   18.657391] EISA bus registered
[   18.657421] ACPI: bus type pci registered
[   18.658255] PCI: PCI BIOS revision 2.10 entry at 0xf0322, last bus=48
[   18.658257] PCI: Using configuration type 1
[   18.658259] Setting up standard PCI resources
[   18.660077] ACPI: EC: Look up EC in DSDT
[   18.661590] ACPI: EC: non-query interrupt received, switching to interrupt mode
[   18.677222] ACPI: Interpreter enabled
[   18.677226] ACPI: (supports S0 S3 S4 S5)
[   18.677236] ACPI: Using IOAPIC for interrupt routing
[   18.685435] ACPI: EC: GPE = 0x11, I/O: command/status = 0x66, data = 0x62
[   18.685438] ACPI: EC: driver started in interrupt mode
[   18.685491] ACPI: PCI Root Bridge [C079] (0000:00)
[   18.687242] PCI: Transparent bridge - 0000:00:14.4
[   18.687325] ACPI: PCI Interrupt Routing Table [\_SB_.C079._PRT]
[   18.687597] ACPI: PCI Interrupt Routing Table [\_SB_.C079.C07A._PRT]
[   18.687701] ACPI: PCI Interrupt Routing Table [\_SB_.C079.C0E5._PRT]
[   18.705024] ACPI: PCI Interrupt Link [C12B] (IRQs 10 11) *0, disabled.
[   18.705190] ACPI: PCI Interrupt Link [C12C] (IRQs 10 11) *0, disabled.
[   18.705354] ACPI: PCI Interrupt Link [C12D] (IRQs 10 11) *0, disabled.
[   18.705518] ACPI: PCI Interrupt Link [C12E] (IRQs 10 11) *0, disabled.
[   18.705681] ACPI: PCI Interrupt Link [C12F] (IRQs 10 11) *0, disabled.
[   18.705843] ACPI: PCI Interrupt Link [C130] (IRQs 9) *0, disabled.
[   18.706005] ACPI: PCI Interrupt Link [C131] (IRQs 10 11) *0, disabled.
[   18.706175] ACPI: PCI Interrupt Link [C132] (IRQs 10 11) *5
[   18.706334] ACPI: Power Resource [C22D] (off)
[   18.706534] ACPI: Power Resource [C204] (off)
[   18.706582] ACPI: Power Resource [C221] (on)
[   18.706687] ACPI: Power Resource [C360] (off)
[   18.706780] ACPI: Power Resource [C361] (off)
[   18.706875] ACPI: Power Resource [C362] (off)
[   18.706968] ACPI: Power Resource [C363] (off)
[   18.707015] Linux Plug and Play Support v0.97 (c) Adam Belay
[   18.707043] pnp: PnP ACPI init
[   18.707049] ACPI: bus type pnp registered
[   18.713953] pnp: PnP ACPI: found 13 devices
[   18.713955] ACPI: ACPI bus type pnp unregistered
[   18.713959] PnPBIOS: Disabled by ACPI PNP
[   18.714155] PCI: Using ACPI for IRQ routing
[   18.714157] PCI: If a device doesn't work, try "pci=routeirq".  If it helps, post a report
[   18.714189] PCI: Cannot allocate resource region 0 of device 0000:00:14.2
[   18.884409] NET: Registered protocol family 8
[   18.884411] NET: Registered protocol family 20
[   18.884469] AppArmor: AppArmor Filesystem Enabled
[   18.888400] Time: tsc clocksource has been installed.
[   18.896426] system 00:00: iomem range 0x0-0x9ffff could not be reserved
[   18.896429] system 00:00: iomem range 0xe0000-0xfffff could not be reserved
[   18.896432] system 00:00: iomem range 0x100000-0x37ffffff could not be reserved
[   18.896441] system 00:0a: ioport range 0x40b-0x40b has been reserved
[   18.896443] system 00:0a: ioport range 0x4d0-0x4d1 has been reserved
[   18.896446] system 00:0a: ioport range 0x4d6-0x4d6 has been reserved
[   18.896449] system 00:0a: ioport range 0x500-0x51f has been reserved
[   18.896451] system 00:0a: ioport range 0xc00-0xc01 has been reserved
[   18.896454] system 00:0a: ioport range 0xc14-0xc14 has been reserved
[   18.896457] system 00:0a: ioport range 0xc50-0xc51 has been reserved
[   18.896460] system 00:0a: ioport range 0xc52-0xc52 has been reserved
[   18.896462] system 00:0a: ioport range 0xc6c-0xc6c has been reserved
[   18.896465] system 00:0a: ioport range 0xc6f-0xc6f has been reserved
[   18.896467] system 00:0a: ioport range 0xcd4-0xcdf has been reserved
[   18.896471] system 00:0a: iomem range 0xffb00000-0xffbfffff could not be reserved
[   18.896474] system 00:0a: iomem range 0xfff00000-0xffffffff could not be reserved
[   18.896479] system 00:0b: ioport range 0x8000-0x802f has been reserved
[   18.896482] system 00:0b: ioport range 0x8100-0x811f has been reserved
[   18.896485] system 00:0b: iomem range 0xe0000000-0xefffffff could not be reserved
[   18.896488] system 00:0b: iomem range 0xfec00000-0xfec00fff could not be reserved
[   18.896494] system 00:0c: iomem range 0x38000000-0x3fffffff could not be reserved
[   18.896497] system 00:0c: iomem range 0xfee00000-0xfee00fff has been reserved
[   18.926855] PCI: Bridge: 0000:00:01.0
[   18.926858]   IO window: 6000-6fff
[   18.926861]   MEM window: d4300000-d43fffff
[   18.926863]   PREFETCH window: c0000000-c7ffffff
[   18.926866] PCI: Bridge: 0000:00:04.0
[   18.926868]   IO window: 4000-5fff
[   18.926870]   MEM window: d0000000-d3ffffff
[   18.926872]   PREFETCH window: disabled.
[   18.926875] PCI: Bridge: 0000:00:05.0
[   18.926877]   IO window: 2000-3fff
[   18.926879]   MEM window: cc000000-cfffffff
[   18.926881]   PREFETCH window: disabled.
[   18.926884] PCI: Bridge: 0000:00:06.0
[   18.926885]   IO window: disabled.
[   18.926888]   MEM window: c8000000-c80fffff
[   18.926890]   PREFETCH window: disabled.
[   18.926896] PCI: Bus 3, cardbus bridge: 0000:02:04.0
[   18.926898]   IO window: 00001000-000010ff
[   18.926906]   IO window: 00001400-000014ff
[   18.926912]   PREFETCH window: 54000000-57ffffff
[   18.926917]   MEM window: 58000000-5bffffff
[   18.926922] PCI: Bridge: 0000:00:14.4
[   18.926924]   IO window: disabled.
[   18.926929]   MEM window: d4000000-d42fffff
[   18.926934]   PREFETCH window: disabled.
[   18.926953] PCI: Setting latency timer of device 0000:00:04.0 to 64
[   18.926960] PCI: Setting latency timer of device 0000:00:05.0 to 64
[   18.926967] PCI: Setting latency timer of device 0000:00:06.0 to 64
[   18.926994] ACPI: PCI Interrupt 0000:02:04.0[A] -> GSI 20 (level, low) -> IRQ 16
[   18.927009] NET: Registered protocol family 2
[   18.964433] IP route cache hash table entries: 32768 (order: 5, 131072 bytes)
[   18.964714] TCP established hash table entries: 131072 (order: 8, 1048576 bytes)
[   18.965411] TCP bind hash table entries: 65536 (order: 7, 524288 bytes)
[   18.965738] TCP: Hash tables configured (established 131072 bind 65536)
[   18.965741] TCP reno registered
[   18.976486] checking if image is initramfs... it is
[   19.428139] Switched to high resolution mode on CPU 0
[   19.621982] Freeing initrd memory: 7289k freed
[   19.622521] audit: initializing netlink socket (disabled)
[   19.622532] audit(1210536559.460:1): initialized
[   19.624217] VFS: Disk quotas dquot_6.5.1
[   19.624280] Dquot-cache hash table entries: 1024 (order 0, 4096 bytes)
[   19.624396] io scheduler noop registered
[   19.624398] io scheduler anticipatory registered
[   19.624400] io scheduler deadline registered
[   19.624410] io scheduler cfq registered (default)
[   19.624416] PCI: MSI quirk detected. MSI deactivated.
[   19.624463] Boot video device is 0000:01:05.0
[   19.624573] PCI: Setting latency timer of device 0000:00:04.0 to 64
[   19.624595] assign_interrupt_mode Found MSI capability
[   19.624597] Allocate Port Service[0000:00:04.0:pcie00]
[   19.624654] PCI: Setting latency timer of device 0000:00:05.0 to 64
[   19.624674] assign_interrupt_mode Found MSI capability
[   19.624676] Allocate Port Service[0000:00:05.0:pcie00]
[   19.624730] PCI: Setting latency timer of device 0000:00:06.0 to 64
[   19.624750] assign_interrupt_mode Found MSI capability
[   19.624752] Allocate Port Service[0000:00:06.0:pcie00]
[   19.624936] isapnp: Scanning for PnP cards...
[   19.981551] isapnp: No Plug & Play device found
[   20.007145] Real Time Clock Driver v1.12ac
[   20.007252] Serial: 8250/16550 driver $Revision: 1.90 $ 4 ports, IRQ sharing enabled
[   20.008267] RAMDISK driver initialized: 16 RAM disks of 65536K size 1024 blocksize
[   20.008329] input: Macintosh mouse button emulation as /devices/virtual/input/input0
[   20.008408] PNP: PS/2 Controller [PNP0303:C21E,PNP0f13:C21F] at 0x60,0x64 irq 1,12
[   20.010328] i8042.c: Detected active multiplexing controller, rev 1.1.
[   20.011108] serio: i8042 KBD port at 0x60,0x64 irq 1
[   20.011112] serio: i8042 AUX0 port at 0x60,0x64 irq 12
[   20.011115] serio: i8042 AUX1 port at 0x60,0x64 irq 12
[   20.011117] serio: i8042 AUX2 port at 0x60,0x64 irq 12
[   20.011120] serio: i8042 AUX3 port at 0x60,0x64 irq 12
[   20.016042] mice: PS/2 mouse device common for all mice
[   20.016147] EISA: Probing bus 0 at eisa.0
[   20.016157] Cannot allocate resource for EISA slot 1
[   20.016159] Cannot allocate resource for EISA slot 2
[   20.016161] Cannot allocate resource for EISA slot 3
[   20.016163] Cannot allocate resource for EISA slot 4
[   20.016165] Cannot allocate resource for EISA slot 5
[   20.016167] Cannot allocate resource for EISA slot 6
[   20.016169] Cannot allocate resource for EISA slot 7
[   20.016171] Cannot allocate resource for EISA slot 8
[   20.016173] EISA: Detected 0 cards.
[   20.016175] cpuidle: using governor ladder
[   20.016177] cpuidle: using governor menu
[   20.016258] NET: Registered protocol family 1
[   20.016281] Using IPI No-Shortcut mode
[   20.016312] registered taskstats version 1
[   20.016421]   Magic number: 8:557:194
[   20.016473]   hash matches device ttys6
[   20.016603] BIOS EDD facility v0.16 2004-Jun-25, 0 devices found
[   20.016605] EDD information not available.
[   20.016850] Freeing unused kernel memory: 368k freed
[   20.043804] input: AT Translated Set 2 keyboard as /devices/platform/i8042/serio0/input/input1
[   21.228364] fuse init (API version 7.9)
[   21.242215] ACPI: Transitioning device [C364] to D3
[   21.242220] ACPI: Transitioning device [C364] to D3
[   21.242223] ACPI: Fan [C364] (off)
[   21.242395] ACPI: Transitioning device [C365] to D3
[   21.242397] ACPI: Transitioning device [C365] to D3
[   21.242400] ACPI: Fan [C365] (off)
[   21.242565] ACPI: Transitioning device [C366] to D3
[   21.242567] ACPI: Transitioning device [C366] to D3
[   21.242570] ACPI: Fan [C366] (off)
[   21.242745] ACPI: Transitioning device [C367] to D3
[   21.242747] ACPI: Transitioning device [C367] to D3
[   21.242750] ACPI: Fan [C367] (off)
[   21.248523] ACPI: Processor [C000] (supports 8 throttling states)
[   21.248536] ACPI Exception (processor_core-0816): AE_NOT_FOUND, Processor Device is not present [20070126]
[   21.256631] ACPI: Thermal Zone [TZ1] (37 C)
[   21.259956] ACPI: Thermal Zone [TZ2] (33 C)
[   21.267997] ACPI: Thermal Zone [TZ3] (30 C)
[   22.069116] SCSI subsystem initialized
[   22.139846] libata version 3.00 loaded.
[   22.150779] usbcore: registered new interface driver usbfs
[   22.150802] usbcore: registered new interface driver hub
[   22.153904] ACPI: PCI Interrupt 0000:30:00.0[A] -> GSI 18 (level, low) -> IRQ 17
[   22.153915] PCI: Setting latency timer of device 0000:30:00.0 to 64
[   22.165436] usbcore: registered new device driver usb
[   22.185411] ohci_hcd: 2006 August 04 USB 1.1 'Open' Host Controller (OHCI) Driver
[   22.210744] ssb: Sonics Silicon Backplane found on PCI device 0000:30:00.0
[   22.210806] ACPI: PCI Interrupt 0000:00:12.0[A] -> GSI 16 (level, low) -> IRQ 18
[   22.210858] ACPI: PCI interrupt for device 0000:00:12.0 disabled
[   22.210879] ACPI: PCI Interrupt 0000:00:14.1[A] -> GSI 16 (level, low) -> IRQ 18
[   22.210905] ACPI: PCI interrupt for device 0000:00:14.1 disabled
[   22.210931] ACPI: PCI Interrupt 0000:00:13.0[A] -> GSI 19 (level, low) -> IRQ 19
[   22.210944] ohci_hcd 0000:00:13.0: OHCI Host Controller
[   22.211218] ohci_hcd 0000:00:13.0: new USB bus registered, assigned bus number 1
[   22.211241] ohci_hcd 0000:00:13.0: irq 19, io mem 0xd4401000
[   22.214709] Uniform Multi-Platform E-IDE driver Revision: 7.00alpha2
[   22.217704] ide: Assuming 33MHz system bus speed for PIO modes; override with idebus=xx
[   22.270750] usb usb1: configuration #1 chosen from 1 choice
[   22.270775] hub 1-0:1.0: USB hub found
[   22.270788] hub 1-0:1.0: 4 ports detected
[   22.374690] ACPI: PCI Interrupt 0000:00:13.1[A] -> GSI 19 (level, low) -> IRQ 19
[   22.374708] ohci_hcd 0000:00:13.1: OHCI Host Controller
[   22.374729] ohci_hcd 0000:00:13.1: new USB bus registered, assigned bus number 2
[   22.374746] ohci_hcd 0000:00:13.1: irq 19, io mem 0xd4402000
[   22.434654] usb usb2: configuration #1 chosen from 1 choice
[   22.434679] hub 2-0:1.0: USB hub found
[   22.434691] hub 2-0:1.0: 4 ports detected
[   22.538730] ACPI: PCI Interrupt 0000:00:13.2[A] -> GSI 19 (level, low) -> IRQ 19
[   22.538745] ehci_hcd 0000:00:13.2: EHCI Host Controller
[   22.538768] ehci_hcd 0000:00:13.2: new USB bus registered, assigned bus number 3
[   22.538814] ehci_hcd 0000:00:13.2: irq 19, io mem 0xd4403000
[   22.550496] ehci_hcd 0000:00:13.2: USB 2.0 started, EHCI 1.00, driver 10 Dec 2004
[   22.550637] usb usb3: configuration #1 chosen from 1 choice
[   22.550658] hub 3-0:1.0: USB hub found
[   22.550664] hub 3-0:1.0: 8 ports detected
[   22.654662] sata_sil 0000:00:12.0: version 2.3
[   22.654701] ACPI: PCI Interrupt 0000:00:12.0[A] -> GSI 16 (level, low) -> IRQ 18
[   22.655498] scsi0 : sata_sil
[   22.656092] scsi1 : sata_sil
[   22.656349] ata1: SATA max UDMA/100 mmio m512@0xd4409000 tf 0xd4409080 irq 18
[   22.656353] ata2: SATA max UDMA/100 mmio m512@0xd4409000 tf 0xd44090c0 irq 18
[   23.122219] ata1: SATA link up 1.5 Gbps (SStatus 113 SControl 300)
[   23.132490] ata1.00: ATA-8: SAMSUNG HM250JI, HS100-08, max UDMA7
[   23.132494] ata1.00: 488397168 sectors, multi 16: LBA48 NCQ (depth 0/32)
[   23.148475] ata1.00: configured for UDMA/100
[   23.306094] usb 3-8: new high speed USB device using ehci_hcd and address 3
[   23.438422] usb 3-8: configuration #1 chosen from 1 choice
[   23.438653] hub 3-8:1.0: USB hub found
[   23.438761] hub 3-8:1.0: 4 ports detected
[   23.458020] ata2: SATA link down (SStatus 0 SControl 300)
[   23.458131] scsi 0:0:0:0: Direct-Access     ATA      SAMSUNG HM250JI  HS10 PQ: 0 ANSI: 5
[   23.460892] ATIIXP: IDE controller (0x1002:0x4376 rev 0x80) at  PCI slot 0000:00:14.1
[   23.460908] ACPI: PCI Interrupt 0000:00:14.1[A] -> GSI 16 (level, low) -> IRQ 18
[   23.460918] ATIIXP: not 100% native mode: will probe irqs later
[   23.460935]     ide0: BM-DMA at 0x7040-0x7047, BIOS settings: hda:DMA, hdb:pio
[   23.460949] ATIIXP: simplex device: DMA disabled
[   23.460951] ide1: ATIIXP Bus-Master DMA disabled (BIOS)
[   23.460954] Probing IDE interface ide0...
[   23.845807] usb 2-1: new full speed USB device using ohci_hcd and address 2
[   24.050801] usb 2-1: configuration #1 chosen from 1 choice
[   24.265636] usb 3-8.2: new low speed USB device using ehci_hcd and address 4
[   24.380542] usb 3-8.2: configuration #1 chosen from 1 choice
[   24.529913] hda: HL-DT-ST DVDRAM GMA-4082N, ATAPI CD/DVD-ROM drive
[   24.529942] hda: host max PIO4 wanted PIO255(auto-tune) selected PIO4
[   24.530991] hda: MWDMA2 mode selected
[   24.531505] ide0 at 0x1f0-0x1f7,0x3f6 on irq 14
[   24.535075] Probing IDE interface ide1...
[   24.597502] usb 3-8.3: new high speed USB device using ehci_hcd and address 5
[   24.708037] usb 3-8.3: configuration #1 chosen from 1 choice
[   24.921373] usb 3-8.4: new high speed USB device using ehci_hcd and address 6
[   25.029660] usb 3-8.4: configuration #1 chosen from 1 choice
[   25.029912] hub 3-8.4:1.0: USB hub found
[   25.030378] hub 3-8.4:1.0: 4 ports detected
[   25.099719] tg3.c:v3.86 (November 9, 2007)
[   25.099753] ACPI: PCI Interrupt 0000:02:01.0[A] -> GSI 23 (level, low) -> IRQ 20
[   25.139518] eth0: Tigon3 [partno(BCM95788A50) rev 3003 PHY(5705)] (PCI:33MHz:32-bit) 10/100/1000Base-T Ethernet 00:17:08:31:33:f1
[   25.139526] eth0: RXcsums[1] LinkChgREG[0] MIirq[0] ASF[0] WireSpeed[0] TSOcap[1]
[   25.139528] eth0: dma_rwctrl[763f0000] dma_mask[32-bit]
[   25.139564] ACPI: PCI Interrupt 0000:02:04.1[A] -> GSI 20 (level, low) -> IRQ 16
[   25.189377] ohci1394: fw-host0: OHCI-1394 1.1 (PCI): IRQ=[16]  MMIO=[d4011000-d40117ff]  Max Packet=[2048]  IR/IT contexts=[4/8]
[   25.201641] Driver 'sd' needs updating - please use bus_type methods
[   25.201720] sd 0:0:0:0: [sda] 488397168 512-byte hardware sectors (250059 MB)
[   25.201732] sd 0:0:0:0: [sda] Write Protect is off
[   25.201735] sd 0:0:0:0: [sda] Mode Sense: 00 3a 00 00
[   25.201750] sd 0:0:0:0: [sda] Write cache: enabled, read cache: enabled, doesn't support DPO or FUA
[   25.201791] sd 0:0:0:0: [sda] 488397168 512-byte hardware sectors (250059 MB)
[   25.201800] sd 0:0:0:0: [sda] Write Protect is off
[   25.201802] sd 0:0:0:0: [sda] Mode Sense: 00 3a 00 00
[   25.201816] sd 0:0:0:0: [sda] Write cache: enabled, read cache: enabled, doesn't support DPO or FUA
[   25.201819]  sda:<6>hda: ATAPI 24X DVD-ROM DVD-R-RAM CD-R/RW drive, 2048kB Cache
[   25.210392] Uniform CD-ROM driver Revision: 3.20
[   25.228009]  sda1 sda2 < sda5 sda6 sda7 >
[   25.257393] sd 0:0:0:0: [sda] Attached SCSI disk
[   25.262582] sd 0:0:0:0: Attached scsi generic sg0 type 0
[   25.409053] usb 3-8.4.1: new full speed USB device using ehci_hcd and address 7
[   25.519341] usb 3-8.4.1: configuration #1 chosen from 1 choice
[   25.550739] Attempting manual resume
[   25.550743] swsusp: Resume From Partition 8:6
[   25.550745] PM: Checking swsusp image.
[   25.550961] PM: Resume from disk failed.
[   25.592599] kjournald starting.  Commit interval 5 seconds
[   25.592611] EXT3-fs: mounted filesystem with ordered data mode.
[   25.732937] usb 3-8.4.3: new low speed USB device using ehci_hcd and address 8
[   25.848461] usb 3-8.4.3: configuration #1 chosen from 1 choice
[   25.849424] usbcore: registered new interface driver hiddev
[   25.849458] usbcore: registered new interface driver libusual
[   25.852160] input: MLK AGK 2.4G Optical combo as /devices/pci0000:00/0000:00:13.2/usb3/3-8/3-8.2/3-8.2:1.0/input/input2
[   25.864782] input,hidraw0: USB HID v1.00 Keyboard [MLK AGK 2.4G Optical combo] on usb-0000:00:13.2-8.2
[   25.869391] input: MLK AGK 2.4G Optical combo as /devices/pci0000:00/0000:00:13.2/usb3/3-8/3-8.2/3-8.2:1.1/input/input3
[   25.900791] input,hiddev96,hidraw1: USB HID v1.00 Mouse [MLK AGK 2.4G Optical combo] on usb-0000:00:13.2-8.2
[   25.904394] input: Mega World USB Game Pad     as /devices/pci0000:00/0000:00:13.2/usb3/3-8/3-8.4/3-8.4.3/3-8.4.3:1.0/input/input4
[   25.904410] input,hidraw2: USB HID v1.00 Gamepad [Mega World USB Game Pad    ] on usb-0000:00:13.2-8.4.3
[   25.904422] usbcore: registered new interface driver usbhid
[   25.904426] /build/buildd/linux-2.6.24/drivers/hid/usbhid/hid-core.c: v2.6:USB HID core driver
[   26.238451] Initializing USB Mass Storage driver...
[   26.238513] scsi2 : SCSI emulation for USB Mass Storage devices
[   26.238571] usbcore: registered new interface driver usb-storage
[   26.238574] USB Mass Storage support registered.
[   26.238734] usb-storage: device found at 5
[   26.238736] usb-storage: waiting for device to settle before scanning
[   31.234154] usb-storage: device scan complete
[   31.234761] scsi 2:0:0:0: Direct-Access     Generic  USB SD Reader    1.00 PQ: 0 ANSI: 0
[   31.235264] scsi 2:0:0:1: Direct-Access     Generic  USB CF Reader    1.01 PQ: 0 ANSI: 0
[   31.235887] scsi 2:0:0:2: Direct-Access     Generic  USB SM Reader    1.02 PQ: 0 ANSI: 0
[   31.236510] scsi 2:0:0:3: Direct-Access     Generic  USB MS Reader    1.03 PQ: 0 ANSI: 0
[   31.237784] sd 2:0:0:0: [sdb] Attached SCSI removable disk
[   31.237813] sd 2:0:0:0: Attached scsi generic sg1 type 0
[   31.238904] sd 2:0:0:1: [sdc] Attached SCSI removable disk
[   31.238929] sd 2:0:0:1: Attached scsi generic sg2 type 0
[   31.240026] sd 2:0:0:2: [sdd] Attached SCSI removable disk
[   31.240051] sd 2:0:0:2: Attached scsi generic sg3 type 0
[   31.241161] sd 2:0:0:3: [sde] Attached SCSI removable disk
[   31.241188] sd 2:0:0:3: Attached scsi generic sg4 type 0
[   35.249836] Linux agpgart interface v0.102
[   35.375847] pci_hotplug: PCI Hot Plug PCI Core version: 0.5
[   35.431881] shpchp: Standard Hot Plug PCI Controller Driver version: 0.4
[   35.727775] input: Power Button (FF) as /devices/virtual/input/input5
[   35.731653] ACPI: Power Button (FF) [PWRF]
[   35.731793] input: Sleep Button (CM) as /devices/virtual/input/input6
[   35.743598] ACPI: Sleep Button (CM) [C266]
[   35.743660] input: Lid Switch as /devices/virtual/input/input7
[   35.743758] ACPI: Lid Switch [C267]
[   35.794828] ACPI: AC Adapter [C1C3] (on-line)
[   36.040795] ACPI: Battery Slot [C1C5] (battery present)
[   36.041016] ACPI: Battery Slot [C1C4] (battery absent)
[   36.063954] ACPI: WMI-Acer: Mapper loaded
[   37.547200] input: Video Bus as /devices/LNXSYSTM:00/device:00/PNP0A03:00/device:01/LNXVIDEO:00/input/input8
[   37.562671] ACPI: Video Device [C07B] (multi-head: yes  rom: no  post: no)
[   38.449292] b43-phy0: Broadcom 4311 WLAN found
[   38.553883] phy0: Selected rate control algorithm 'simple'
[   38.633567] Linux video capture interface: v2.00
[   38.722156] /build/buildd/linux-ubuntu-modules-2.6.24-2.6.24/debian/build/build-generic/media/gspcav1/gspca_core.c: USB GSPCA camera found.(ZC3XX) 
[   39.147876] usbcore: registered new interface driver gspca
[   39.147883] /build/buildd/linux-ubuntu-modules-2.6.24-2.6.24/debian/build/build-generic/media/gspcav1/gspca_core.c: gspca driver 01.00.20 registered
[   39.281785] zc0301: V4L2 driver for ZC0301[P] Image Processor and Control Chip v1:1.10
[   39.281830] usbcore: registered new interface driver zc0301
[   39.529722] piix4_smbus 0000:00:14.0: Found 0000:00:14.0 device
[   40.203908] input: PC Speaker as /devices/platform/pcspkr/input/input9
[   40.369273] Yenta: CardBus bridge found at 0000:02:04.0 [103c:30b0]
[   40.369301] Yenta: Enabling burst memory read transactions
[   40.369307] Yenta: Using INTVAL to route CSC interrupts to PCI
[   40.369309] Yenta: Routing CardBus interrupts to PCI
[   40.369316] Yenta TI: socket 0000:02:04.0, mfunc 0x01a11002, devctl 0x64
[   40.605936] Yenta: ISA IRQ mask 0x0ef8, PCI irq 16
[   40.605942] Socket status: 30000006
[   40.605945] Yenta: Raising subordinate bus# of parent bus (#02) from #03 to #06
[   40.605952] pcmcia: parent PCI bridge Memory window: 0xd4000000 - 0xd42fffff
[   40.649075] sdhci: Secure Digital Host Controller Interface driver
[   40.649080] sdhci: Copyright(c) Pierre Ossman
[   40.672781] ACPI: PCI Interrupt 0000:02:04.2[A] -> GSI 20 (level, low) -> IRQ 16
[   40.672863] sdhci: SDHCI controller found at 0000:02:04.3 [104c:803c] (rev 0)
[   40.672883] ACPI: PCI Interrupt 0000:02:04.3[A] -> GSI 20 (level, low) -> IRQ 16
[   40.672933] mmc0: SDHCI at 0xd4019000 irq 16 PIO
[   40.816447] parport_pc 00:02: activated
[   40.816451] parport_pc 00:02: reported by Plug and Play ACPI
[   40.817404] parport_pc 00:02: disabled
[   40.913323] tpm_inf_pnp 00:03: Found C206 with ID IFX0102
[   40.913386] tpm_inf_pnp 00:03: TPM found: config base 0x520, data base 0x530, chip version 0x000b, vendor id 0x15d1 (Infineon), product id 0x000b (SLB 9635 TT 1.2)
[   41.269950] ACPI: PCI Interrupt 0000:00:14.2[A] -> GSI 16 (level, low) -> IRQ 18
[   41.379557] Synaptics Touchpad, model: 1, fw: 6.2, id: 0x25a0b1, caps: 0xa04793/0x300000
[   41.379563] serio: Synaptics pass-through port at isa0060/serio4/input0
[   41.418992] input: SynPS/2 Synaptics TouchPad as /devices/platform/i8042/serio4/input/input10
[   42.892627] cs: IO port probe 0x100-0x3af: clean.
[   42.894991] cs: IO port probe 0x3e0-0x4ff: clean.
[   42.895959] cs: IO port probe 0x820-0x8ff: clean.
[   42.896782] cs: IO port probe 0xc00-0xcf7: clean.
[   42.897625] cs: IO port probe 0xa00-0xaff: clean.
[   43.403358] lp: driver loaded but no devices found
[   43.472184] Adding 995988k swap on /dev/sda6.  Priority:-1 extents:1 across:995988k
[   44.009336] EXT3 FS on sda5, internal journal
[   44.752963] kjournald starting.  Commit interval 5 seconds
[   44.753355] EXT3 FS on sda7, internal journal
[   44.753360] EXT3-fs: mounted filesystem with ordered data mode.
[   45.389361] ip_tables: (C) 2000-2006 Netfilter Core Team
[   47.123292] No dock devices found.
[   47.409738] powernow-k8: Found 1 Mobile AMD Sempron(tm) Processor 3500+ processors (1 cpu cores) (version 2.20.00)
[   47.409773] powernow-k8:    0 : fid 0xa (1800 MHz), vid 0x10
[   47.409776] powernow-k8:    1 : fid 0x8 (1600 MHz), vid 0x12
[   47.409778] powernow-k8:    2 : fid 0x0 (800 MHz), vid 0x18
[   47.409812] powernow-k8: ph2 null fid transition 0xa
[   48.326004] NET: Registered protocol family 10
[   48.326432] lo: Disabled Privacy Extensions
[   48.603918] ppdev: user-space parallel port driver
[   48.731508] audit(1210529389.443:2): type=1503 operation="inode_permission" requested_mask="a::" denied_mask="a::" name="/dev/tty" pid=5421 profile="/usr/sbin/cupsd" namespace="default"
[   48.776094] apm: BIOS not found.
[   56.284804] Marking TSC unstable due to: cpufreq changes.
[   56.290574] Time: acpi_pm clocksource has been installed.
[  115.265002] Clocksource tsc unstable (delta = -104032748 ns)
[  116.771577] ADDRCONF(NETDEV_UP): eth0: link is not ready
[  116.913226] input: b43-phy0 as /devices/virtual/input/input11
[  116.980942] Bluetooth: Core ver 2.11
[  116.993056] NET: Registered protocol family 31
[  116.993065] Bluetooth: HCI device and connection manager initialized
[  116.993073] Bluetooth: HCI socket layer initialized
[  117.297208] Bluetooth: L2CAP ver 2.9
[  117.297219] Bluetooth: L2CAP socket layer initialized
[  117.351493] Bluetooth: RFCOMM socket layer initialized
[  117.351964] Bluetooth: RFCOMM TTY layer initialized
[  117.351972] Bluetooth: RFCOMM ver 1.8
[   53.009705] tg3: eth0: Link is up at 100 Mbps, full duplex.
[   53.009710] tg3: eth0: Flow control is on for TX and on for RX.
[   53.408083] Registered led device: b43-phy0:tx
[   53.408107] Registered led device: b43-phy0:rx
[   53.408127] Registered led device: b43-phy0:radio
[   53.410024] ADDRCONF(NETDEV_UP): wlan0: link is not ready
[   53.425293] ADDRCONF(NETDEV_CHANGE): eth0: link becomes ready
[   53.958125] [drm] Initialized drm 1.1.0 20060810
[   53.963315] ACPI: PCI Interrupt 0000:01:05.0[A] -> GSI 17 (level, low) -> IRQ 22
[   53.963399] [drm] Initialized radeon 1.28.0 20060524 on minor 0
[   62.101816] [drm] Setting GART location based on new memory map
[   62.102286] [drm] Loading R300 Microcode
[   62.102309] [drm] writeback test succeeded in 1 usecs
[  127.327218] NET: Registered protocol family 17
[   63.042951] hda-intel: Invalid position buffer, using LPIB read method instead.
[   72.899297] eth0: no IPv6 routers present
</pre>
