{|
| '''Warning'''
* This is a '''readonly''' and '''text-based''' archive of a deprecated wiki.
* '''Images''' and '''attachments''' have been removed to conserve space.
* '''Links''' may not work and there may be formatting issues.
* A '''compressed''' version with images and the original syntax is in the repo '''Releases'''.
|}

__TOC__


* Contact: <nowiki>[[Faulkes]]</nowiki>
* Website: http://support.dell.com/support/edocs/systems/pe1955/en/index.htm

=== Tests Results ===

* Hardy20080310''''''Server''''''x86_64 - test using ubuntu-server-amd64.iso image from alpha6.

=== Results ===

Tester: Faulkes

{| class="wikitable"
|-
| Test
| Result
| LP Bug Number
|-
| Installation
| Pass
| 
|-
| /proc/cpuinfo information
| Pass
| 
|-
| Dual Core support
| Pass
| 
|-
| RAM detection
| Pass
| 
|-
| RAID detection
| Not_Available
| 
|-
| Disks detection
| Pass
| 
|-
| Hot-swap
| Not_Available
| 
|-
| Serial console
| Pass
| 
|-
| Vga output
| Pass
| 
|-
| Network cards detection
| Pass
| 
|-
| Mouse
| Pass
| 
|-
| CD/DVD drive
| Pass
| 
|-
| Floppy
| Not_Available
| 
|-
| Parallel ports
| Not_Available
| 
|}

=== Hardware specification ===

==== Booting ====

<pre>
/scripts/local-premount/resume:/scripts/local-premount/resume : 57 : log_begin_msg: not found 
</pre>

==== Memory ====
<pre>

total       used       free     shared    buffers     cached 
Mem:       4053984     133344    3920640          0       4608      81152 
-/+ buffers/cache:      47584    4006400 
Swap:      1485972          0    1485972
</pre>

==== CPU Info ====

<pre>
 /proc/cpuinfo 

processor       : 0
vendor_id       : GenuineIntel
cpu family      : 6
model           : 15
model name      : Intel(R) Xeon(R) CPU            5160  @ 3.00GHz
stepping        : 6
cpu MHz         : 2992.498
cache size      : 4096 KB
physical id     : 0
siblings        : 2
core id         : 0
cpu cores       : 2
fpu             : yes
fpu_exception   : yes
cpuid level     : 10
wp              : yes
flags           : fpu vme de pse tsc msr pae mce cx8 apic sep mtrr pge mca cmov pat pse36 clflush dts acpi mmx fxsr sse sse2 ss ht tm pbe syscall n
x lm constant_tsc arch_perfmon pebs bts rep_good pni monitor ds_cpl vmx est tm2 ssse3 cx16 xtpr dca lahf_lm
bogomips        : 5988.27
clflush size    : 64
cache_alignment : 64
address sizes   : 36 bits physical, 48 bits virtual
power management:

processor       : 1
vendor_id       : GenuineIntel
cpu family      : 6
model           : 15
model name      : Intel(R) Xeon(R) CPU            5160  @ 3.00GHz
stepping        : 6
cpu MHz         : 2992.498
cache size      : 4096 KB
physical id     : 3
siblings        : 2
core id         : 0
cpu cores       : 2
fpu             : yes
fpu_exception   : yes
cpuid level     : 10
wp              : yes
flags           : fpu vme de pse tsc msr pae mce cx8 apic sep mtrr pge mca cmov pat pse36 clflush dts acpi mmx fxsr sse sse2 ss ht tm pbe syscall n
x lm constant_tsc arch_perfmon pebs bts rep_good pni monitor ds_cpl vmx est tm2 ssse3 cx16 xtpr dca lahf_lm
bogomips        : 5985.10
clflush size    : 64
cache_alignment : 64
address sizes   : 36 bits physical, 48 bits virtual
power management:

processor       : 2
vendor_id       : GenuineIntel
cpu family      : 6
model           : 15
model name      : Intel(R) Xeon(R) CPU            5160  @ 3.00GHz
stepping        : 6
cpu MHz         : 2992.498
cache size      : 4096 KB
physical id     : 0
siblings        : 2
core id         : 1
cpu cores       : 2
fpu             : yes
fpu_exception   : yes
cpuid level     : 10
wp              : yes
flags           : fpu vme de pse tsc msr pae mce cx8 apic sep mtrr pge mca cmov pat pse36 clflush dts acpi mmx fxsr sse sse2 ss ht tm pbe syscall n
x lm constant_tsc arch_perfmon pebs bts rep_good pni monitor ds_cpl vmx est tm2 ssse3 cx16 xtpr dca lahf_lm
bogomips        : 5985.10
clflush size    : 64
cache_alignment : 64
address sizes   : 36 bits physical, 48 bits virtual

processor       : 3
vendor_id       : GenuineIntel
cpu family      : 6
model           : 15
model name      : Intel(R) Xeon(R) CPU            5160  @ 3.00GHz
stepping        : 6
cpu MHz         : 2992.498
cache size      : 4096 KB
physical id     : 3
siblings        : 2
core id         : 1
cpu cores       : 2
fpu             : yes
fpu_exception   : yes
cpuid level     : 10
wp              : yes
flags           : fpu vme de pse tsc msr pae mce cx8 apic sep mtrr pge mca cmov pat pse36 clflush dts acpi mmx fxsr sse sse2 ss ht tm pbe syscall n
x lm constant_tsc arch_perfmon pebs bts rep_good pni monitor ds_cpl vmx est tm2 ssse3 cx16 xtpr dca lahf_lm
bogomips        : 5985.09
clflush size    : 64
cache_alignment : 64
address sizes   : 36 bits physical, 48 bits virtual
power management:

</pre>

==== Pci configuration ====

<pre>
 sudo lspci -vvnn 

00:00.0 Host bridge [0600]: Intel Corporation 5000P Chipset Memory Controller Hub [8086:25d8] (rev 92)
        Subsystem: Intel Corporation Unknown device [8086:8086]
        Control: I/O- Mem- BusMaster+ SpecCycle- MemWINV- VGASnoop- ParErr+ Stepping- SERR+ FastB2B-
        Status: Cap+ 66MHz- UDF- FastB2B- ParErr- DEVSEL=fast >TAbort- <TAbort- <MAbort- >SERR- <PERR-
        Latency: 0, Cache Line Size: 64 bytes
        Interrupt: pin A routed to IRQ 0
        Capabilities: [50] Power Management version 2
                Flags: PMEClk- DSI- D1- D2- AuxCurrent=0mA PME(D0+,D1-,D2-,D3hot+,D3cold+)
                Status: D0 PME-Enable- DSel=0 DScale=0 PME-
        Capabilities: [58] Message Signalled Interrupts: Mask- 64bit- Queue=0/1 Enable-
                Address: fee00000  Data: 0000
        Capabilities: [6c] Express Root Port (Slot-) IRQ 0
                Device: Supported: MaxPayload 256 bytes, PhantFunc 0, ExtTag-
                Device: Latency L0s unlimited, L1 unlimited
                Device: Errors: Correctable- Non-Fatal- Fatal+ Unsupported-
                Device: RlxdOrd- ExtTag- PhantFunc- AuxPwr- NoSnoop+
                Device: MaxPayload 128 bytes, MaxReadReq 128 bytes
                Link: Supported Speed 2.5Gb/s, Width x4, ASPM L0s, Port 0
                Link: Latency L0s unlimited, L1 unlimited
                Link: ASPM Disabled RCB 64 bytes CommClk- ExtSynch-
                Link: Speed 2.5Gb/s, Width x4
                Root: Correctable- Non-Fatal- Fatal- PME-

00:02.0 PCI bridge [0604]: Intel Corporation 5000 Series Chipset PCI Express x4 Port 2 [8086:25e2] (rev 92) (prog-if 00 [Normal decode])
        Control: I/O+ Mem+ BusMaster+ SpecCycle- MemWINV- VGASnoop- ParErr+ Stepping- SERR+ FastB2B-
        Status: Cap+ 66MHz- UDF- FastB2B- ParErr- DEVSEL=fast >TAbort- <TAbort- <MAbort- >SERR- <PERR-
        Latency: 0, Cache Line Size: 64 bytes
        Bus: primary=00, secondary=03, subordinate=08, sec-latency=0
        I/O behind bridge: 0000e000-0000efff
        Memory behind bridge: f2000000-f7ffffff
        Secondary status: 66MHz- FastB2B- ParErr- DEVSEL=fast >TAbort- <TAbort- <MAbort- <SERR- <PERR-
        BridgeCtl: Parity+ SERR+ NoISA- VGA- MAbort- >Reset- FastB2B-
        Capabilities: [50] Power Management version 2
                Flags: PMEClk- DSI- D1- D2- AuxCurrent=0mA PME(D0+,D1-,D2-,D3hot+,D3cold+)
                Status: D0 PME-Enable- DSel=0 DScale=0 PME-
        Capabilities: [58] Message Signalled Interrupts: Mask- 64bit- Queue=0/1 Enable+
                Address: fee0f00c  Data: 4151
        Capabilities: [6c] Express Root Port (Slot-) IRQ 0
                Device: Supported: MaxPayload 256 bytes, PhantFunc 0, ExtTag-
                Device: Latency L0s unlimited, L1 unlimited
                Device: Errors: Correctable+ Non-Fatal+ Fatal+ Unsupported+
                Device: RlxdOrd- ExtTag- PhantFunc- AuxPwr- NoSnoop+
                Device: MaxPayload 128 bytes, MaxReadReq 128 bytes
                Link: Supported Speed 2.5Gb/s, Width x4, ASPM L0s, Port 2
                Link: Latency L0s unlimited, L1 unlimited
                Link: ASPM Disabled RCB 64 bytes CommClk- ExtSynch-
                Link: Speed 2.5Gb/s, Width x4
                Root: Correctable- Non-Fatal- Fatal- PME-

00:03.0 PCI bridge [0604]: Intel Corporation 5000 Series Chipset PCI Express x4 Port 3 [8086:25e3] (rev 92) (prog-if 00 [Normal decode])
        Control: I/O+ Mem+ BusMaster+ SpecCycle- MemWINV- VGASnoop- ParErr+ Stepping- SERR+ FastB2B-
        Status: Cap+ 66MHz- UDF- FastB2B- ParErr- DEVSEL=fast >TAbort- <TAbort- <MAbort- >SERR- <PERR-
        Latency: 0, Cache Line Size: 64 bytes
        Bus: primary=00, secondary=09, subordinate=09, sec-latency=0
        Secondary status: 66MHz- FastB2B- ParErr- DEVSEL=fast >TAbort- <TAbort- <MAbort- <SERR- <PERR-
        BridgeCtl: Parity+ SERR+ NoISA- VGA- MAbort- >Reset- FastB2B-
        Capabilities: [50] Power Management version 2
                Flags: PMEClk- DSI- D1- D2- AuxCurrent=0mA PME(D0+,D1-,D2-,D3hot+,D3cold+)
                Status: D0 PME-Enable- DSel=0 DScale=0 PME-
        Capabilities: [58] Message Signalled Interrupts: Mask- 64bit- Queue=0/1 Enable+
                Address: fee0f00c  Data: 4159
        Capabilities: [6c] Express Root Port (Slot-) IRQ 0
                Device: Supported: MaxPayload 256 bytes, PhantFunc 0, ExtTag-
                Device: Latency L0s unlimited, L1 unlimited
                Device: Errors: Correctable+ Non-Fatal+ Fatal+ Unsupported+
                Device: RlxdOrd- ExtTag- PhantFunc- AuxPwr- NoSnoop+
                Device: MaxPayload 128 bytes, MaxReadReq 128 bytes
                Link: Supported Speed 2.5Gb/s, Width x4, ASPM L0s, Port 3
                Link: Latency L0s unlimited, L1 unlimited
                Link: ASPM Disabled RCB 64 bytes Disabled CommClk- ExtSynch-
                Link: Speed 2.5Gb/s, Width x4
                Root: Correctable- Non-Fatal- Fatal- PME-

00:04.0 PCI bridge [0604]: Intel Corporation 5000 Series Chipset PCI Express x4 Port 4 [8086:25e4] (rev 92) (prog-if 00 [Normal decode])
        Control: I/O+ Mem+ BusMaster+ SpecCycle- MemWINV- VGASnoop- ParErr+ Stepping- SERR+ FastB2B-
        Status: Cap+ 66MHz- UDF- FastB2B- ParErr- DEVSEL=fast >TAbort- <TAbort- <MAbort- >SERR- <PERR-
        Latency: 0, Cache Line Size: 64 bytes
        Bus: primary=00, secondary=0a, subordinate=0a, sec-latency=0
        Secondary status: 66MHz- FastB2B- ParErr- DEVSEL=fast >TAbort- <TAbort- <MAbort- <SERR- <PERR-
        BridgeCtl: Parity+ SERR+ NoISA- VGA- MAbort- >Reset- FastB2B-
        Capabilities: [50] Power Management version 2
                Flags: PMEClk- DSI- D1- D2- AuxCurrent=0mA PME(D0+,D1-,D2-,D3hot+,D3cold+)
                Status: D0 PME-Enable- DSel=0 DScale=0 PME-
        Capabilities: [58] Message Signalled Interrupts: Mask- 64bit- Queue=0/1 Enable+
                Address: fee0f00c  Data: 4161
        Capabilities: [6c] Express Root Port (Slot+) IRQ 0
                Device: Supported: MaxPayload 256 bytes, PhantFunc 0, ExtTag-
                Device: Latency L0s unlimited, L1 unlimited
                Device: Errors: Correctable+ Non-Fatal+ Fatal+ Unsupported+
                Device: RlxdOrd- ExtTag- PhantFunc- AuxPwr- NoSnoop+
                Device: MaxPayload 128 bytes, MaxReadReq 128 bytes
                Link: Supported Speed 2.5Gb/s, Width x4, ASPM L0s, Port 4
                Link: Latency L0s unlimited, L1 unlimited
                Link: ASPM Disabled RCB 64 bytes Disabled CommClk- ExtSynch-
                Link: Speed 2.5Gb/s, Width x4
                Slot: AtnBtn- PwrCtrl- MRL- AtnInd- PwrInd- HotPlug- Surpise-
                Slot: Number 1, PowerLimit 25.000000
                Slot: Enabled AtnBtn- PwrFlt- MRL- PresDet- CmdCplt- HPIrq-
                Slot: AttnInd Off, PwrInd Off, Power-
                Root: Correctable- Non-Fatal- Fatal- PME-

00:05.0 PCI bridge [0604]: Intel Corporation 5000 Series Chipset PCI Express x4 Port 5 [8086:25e5] (rev 92) (prog-if 00 [Normal decode])
        Control: I/O+ Mem+ BusMaster+ SpecCycle- MemWINV- VGASnoop- ParErr+ Stepping- SERR+ FastB2B-
        Status: Cap+ 66MHz- UDF- FastB2B- ParErr- DEVSEL=fast >TAbort- <TAbort- <MAbort- >SERR- <PERR-
        Latency: 0, Cache Line Size: 64 bytes
        Bus: primary=00, secondary=0b, subordinate=0b, sec-latency=0
        Secondary status: 66MHz- FastB2B- ParErr- DEVSEL=fast >TAbort- <TAbort- <MAbort- <SERR- <PERR-
        BridgeCtl: Parity+ SERR+ NoISA- VGA- MAbort- >Reset- FastB2B-
        Capabilities: [50] Power Management version 2
                Flags: PMEClk- DSI- D1- D2- AuxCurrent=0mA PME(D0+,D1-,D2-,D3hot+,D3cold+)
                Status: D0 PME-Enable- DSel=0 DScale=0 PME-
        Capabilities: [58] Message Signalled Interrupts: Mask- 64bit- Queue=0/1 Enable+
                Address: fee0f00c  Data: 4169
        Capabilities: [6c] Express Root Port (Slot+) IRQ 0
                Device: Supported: MaxPayload 256 bytes, PhantFunc 0, ExtTag-
                Device: Latency L0s unlimited, L1 unlimited
                Device: Errors: Correctable+ Non-Fatal+ Fatal+ Unsupported+
                Device: RlxdOrd- ExtTag- PhantFunc- AuxPwr- NoSnoop+
                Device: MaxPayload 128 bytes, MaxReadReq 128 bytes
                Link: Supported Speed 2.5Gb/s, Width x4, ASPM L0s, Port 5
                Link: Latency L0s unlimited, L1 unlimited
                Link: ASPM Disabled RCB 64 bytes Disabled CommClk- ExtSynch-
                Link: Speed 2.5Gb/s, Width x4
                Slot: AtnBtn- PwrCtrl- MRL- AtnInd- PwrInd- HotPlug- Surpise-
                Slot: Number 2, PowerLimit 25.000000
                Slot: Enabled AtnBtn- PwrFlt- MRL- PresDet- CmdCplt- HPIrq-
                Slot: AttnInd Off, PwrInd Off, Power-
                Root: Correctable- Non-Fatal- Fatal- PME-

00:06.0 PCI bridge [0604]: Intel Corporation 5000 Series Chipset PCI Express x4 Port 6 [8086:25e6] (rev 92) (prog-if 00 [Normal decode])
        Control: I/O+ Mem+ BusMaster+ SpecCycle- MemWINV- VGASnoop- ParErr+ Stepping- SERR+ FastB2B-
        Status: Cap+ 66MHz- UDF- FastB2B- ParErr- DEVSEL=fast >TAbort- <TAbort- <MAbort- >SERR- <PERR-
        Latency: 0, Cache Line Size: 64 bytes
        Bus: primary=00, secondary=0c, subordinate=0c, sec-latency=0
        Secondary status: 66MHz- FastB2B- ParErr- DEVSEL=fast >TAbort- <TAbort- <MAbort- <SERR- <PERR-
        BridgeCtl: Parity+ SERR+ NoISA- VGA- MAbort- >Reset- FastB2B-
        Capabilities: [50] Power Management version 2
                Flags: PMEClk- DSI- D1- D2- AuxCurrent=0mA PME(D0+,D1-,D2-,D3hot+,D3cold+)
                Status: D0 PME-Enable- DSel=0 DScale=0 PME-
        Capabilities: [58] Message Signalled Interrupts: Mask- 64bit- Queue=0/1 Enable+
                Address: fee0f00c  Data: 4171
        Capabilities: [6c] Express Root Port (Slot-) IRQ 0
                Device: Supported: MaxPayload 256 bytes, PhantFunc 0, ExtTag-
                Device: Latency L0s unlimited, L1 unlimited
                Device: Errors: Correctable+ Non-Fatal+ Fatal+ Unsupported+
                Device: RlxdOrd- ExtTag- PhantFunc- AuxPwr- NoSnoop+
                Device: MaxPayload 128 bytes, MaxReadReq 128 bytes
                Link: Supported Speed 2.5Gb/s, Width x4, ASPM L0s, Port 6
                Link: Latency L0s unlimited, L1 unlimited
                Link: ASPM Disabled RCB 64 bytes Disabled CommClk- ExtSynch-
                Link: Speed 2.5Gb/s, Width x4
                Root: Correctable- Non-Fatal- Fatal- PME-

00:07.0 PCI bridge [0604]: Intel Corporation 5000 Series Chipset PCI Express x4 Port 7 [8086:25e7] (rev 92) (prog-if 00 [Normal decode])
        Control: I/O+ Mem+ BusMaster+ SpecCycle- MemWINV- VGASnoop- ParErr+ Stepping- SERR+ FastB2B-
        Status: Cap+ 66MHz- UDF- FastB2B- ParErr- DEVSEL=fast >TAbort- <TAbort- <MAbort- >SERR- <PERR-
        Latency: 0, Cache Line Size: 64 bytes
        Bus: primary=00, secondary=0d, subordinate=0e, sec-latency=0
        I/O behind bridge: 0000d000-0000dfff
        Memory behind bridge: fc300000-fc5fffff
        Secondary status: 66MHz- FastB2B- ParErr- DEVSEL=fast >TAbort- <TAbort- <MAbort- <SERR- <PERR-
        BridgeCtl: Parity+ SERR+ NoISA- VGA- MAbort- >Reset- FastB2B-
        Capabilities: [50] Power Management version 2
                Flags: PMEClk- DSI- D1- D2- AuxCurrent=0mA PME(D0+,D1-,D2-,D3hot+,D3cold+)
                Status: D0 PME-Enable- DSel=0 DScale=0 PME-
        Capabilities: [58] Message Signalled Interrupts: Mask- 64bit- Queue=0/1 Enable+
                Address: fee0f00c  Data: 4179
        Capabilities: [6c] Express Root Port (Slot-) IRQ 0
                Device: Supported: MaxPayload 256 bytes, PhantFunc 0, ExtTag-
                Device: Latency L0s unlimited, L1 unlimited
                Device: Errors: Correctable+ Non-Fatal+ Fatal+ Unsupported+
                Device: RlxdOrd- ExtTag- PhantFunc- AuxPwr- NoSnoop+
                Device: MaxPayload 256 bytes, MaxReadReq 128 bytes
                Link: Supported Speed 2.5Gb/s, Width x4, ASPM L0s, Port 7
                Link: Latency L0s unlimited, L1 unlimited
                Link: ASPM Disabled RCB 64 bytes CommClk- ExtSynch-
                Link: Speed 2.5Gb/s, Width x4
                Root: Correctable- Non-Fatal- Fatal- PME-

00:10.0 Host bridge [0600]: Intel Corporation 5000 Series Chipset FSB Registers [8086:25f0] (rev 92)
        Subsystem: Dell Unknown device [1028:01bb]
        Control: I/O- Mem- BusMaster- SpecCycle- MemWINV- VGASnoop- ParErr- Stepping- SERR- FastB2B-
        Status: Cap- 66MHz- UDF- FastB2B- ParErr- DEVSEL=fast >TAbort- <TAbort- <MAbort- >SERR- <PERR-

00:10.1 Host bridge [0600]: Intel Corporation 5000 Series Chipset FSB Registers [8086:25f0] (rev 92)
        Subsystem: Dell Unknown device [1028:01bb]
        Control: I/O- Mem- BusMaster- SpecCycle- MemWINV- VGASnoop- ParErr- Stepping- SERR- FastB2B-
        Status: Cap- 66MHz- UDF- FastB2B- ParErr- DEVSEL=fast >TAbort- <TAbort- <MAbort- >SERR- <PERR-

00:10.2 Host bridge [0600]: Intel Corporation 5000 Series Chipset FSB Registers [8086:25f0] (rev 92)
        Subsystem: Dell Unknown device [1028:01bb]
        Control: I/O- Mem- BusMaster- SpecCycle- MemWINV- VGASnoop- ParErr- Stepping- SERR- FastB2B-
        Status: Cap- 66MHz- UDF- FastB2B- ParErr- DEVSEL=fast >TAbort- <TAbort- <MAbort- >SERR- <PERR-

00:11.0 Host bridge [0600]: Intel Corporation 5000 Series Chipset Reserved Registers [8086:25f1] (rev 92)
        Subsystem: Intel Corporation Unknown device [8086:8086]
        Control: I/O- Mem- BusMaster- SpecCycle- MemWINV- VGASnoop- ParErr- Stepping- SERR- FastB2B-
        Status: Cap- 66MHz- UDF- FastB2B- ParErr- DEVSEL=fast >TAbort- <TAbort- <MAbort- >SERR- <PERR-

00:13.0 Host bridge [0600]: Intel Corporation 5000 Series Chipset Reserved Registers [8086:25f3] (rev 92)
        Subsystem: Intel Corporation Unknown device [8086:8086]
        Control: I/O- Mem- BusMaster- SpecCycle- MemWINV- VGASnoop- ParErr- Stepping- SERR- FastB2B-
        Status: Cap- 66MHz- UDF- FastB2B- ParErr- DEVSEL=fast >TAbort- <TAbort- <MAbort- >SERR- <PERR-

00:15.0 Host bridge [0600]: Intel Corporation 5000 Series Chipset FBD Registers [8086:25f5] (rev 92)
        Subsystem: Intel Corporation Unknown device [8086:8086]
        Control: I/O- Mem- BusMaster- SpecCycle- MemWINV- VGASnoop- ParErr- Stepping- SERR- FastB2B-
        Status: Cap- 66MHz- UDF- FastB2B- ParErr- DEVSEL=fast >TAbort- <TAbort- <MAbort- >SERR- <PERR-

00:16.0 Host bridge [0600]: Intel Corporation 5000 Series Chipset FBD Registers [8086:25f6] (rev 92)
        Subsystem: Intel Corporation Unknown device [8086:8086]
        Control: I/O- Mem- BusMaster- SpecCycle- MemWINV- VGASnoop- ParErr- Stepping- SERR- FastB2B-
        Status: Cap- 66MHz- UDF- FastB2B- ParErr- DEVSEL=fast >TAbort- <TAbort- <MAbort- >SERR- <PERR-

00:1c.0 PCI bridge [0604]: Intel Corporation 631xESB/632xESB/3100 Chipset PCI Express Root Port 1 [8086:2690] (rev 09) (prog-if 00 [Normal decode])
        Control: I/O+ Mem+ BusMaster+ SpecCycle- MemWINV- VGASnoop- ParErr+ Stepping- SERR+ FastB2B-
        Status: Cap+ 66MHz- UDF- FastB2B- ParErr- DEVSEL=fast >TAbort- <TAbort- <MAbort- >SERR- <PERR-
        Latency: 0, Cache Line Size: 64 bytes
        Bus: primary=00, secondary=01, subordinate=02, sec-latency=0
        Memory behind bridge: f8000000-fbffffff
        Secondary status: 66MHz- FastB2B- ParErr- DEVSEL=fast >TAbort- <TAbort- <MAbort+ <SERR- <PERR-
        BridgeCtl: Parity+ SERR+ NoISA- VGA- MAbort- >Reset- FastB2B-
        Capabilities: [40] Express Root Port (Slot-) IRQ 0
                Device: Supported: MaxPayload 128 bytes, PhantFunc 0, ExtTag+
                Device: Latency L0s unlimited, L1 unlimited
                Device: Errors: Correctable+ Non-Fatal+ Fatal+ Unsupported+
                Device: RlxdOrd- ExtTag- PhantFunc- AuxPwr- NoSnoop-
                Device: MaxPayload 128 bytes, MaxReadReq 128 bytes
                Link: Supported Speed 2.5Gb/s, Width x4, ASPM L0s L1, Port 1
                Link: Latency L0s <256ns, L1 <4us
                Link: ASPM Disabled RCB 64 bytes CommClk+ ExtSynch-
                Link: Speed 2.5Gb/s, Width x4
                Root: Correctable- Non-Fatal- Fatal- PME-
        Capabilities: [80] Message Signalled Interrupts: Mask- 64bit- Queue=0/0 Enable+
                Address: fee0f00c  Data: 4181
        Capabilities: [90] Subsystem: Dell Unknown device [1028:01bb]
        Capabilities: [a0] Power Management version 2
                Flags: PMEClk- DSI- D1- D2- AuxCurrent=0mA PME(D0+,D1-,D2-,D3hot+,D3cold+)
                Status: D0 PME-Enable- DSel=0 DScale=0 PME-

00:1d.0 USB Controller [0c03]: Intel Corporation 631xESB/632xESB/3100 Chipset UHCI USB Controller #1 [8086:2688] (rev 09) (prog-if 00 [UHCI])
        Subsystem: Dell Unknown device [1028:01bb]
        Control: I/O+ Mem- BusMaster+ SpecCycle- MemWINV- VGASnoop- ParErr- Stepping- SERR- FastB2B-
        Status: Cap- 66MHz- UDF- FastB2B+ ParErr- DEVSEL=medium >TAbort- <TAbort- <MAbort- >SERR- <PERR-
        Latency: 0
        Interrupt: pin A routed to IRQ 21
        Region 4: I/O ports at bce0 [size=32]

00:1d.1 USB Controller [0c03]: Intel Corporation 631xESB/632xESB/3100 Chipset UHCI USB Controller #2 [8086:2689] (rev 09) (prog-if 00 [UHCI])
        Subsystem: Dell Unknown device [1028:01bb]
        Control: I/O+ Mem- BusMaster+ SpecCycle- MemWINV- VGASnoop- ParErr- Stepping- SERR- FastB2B-
        Status: Cap- 66MHz- UDF- FastB2B+ ParErr- DEVSEL=medium >TAbort- <TAbort- <MAbort- >SERR- <PERR-
        Latency: 0
        Interrupt: pin B routed to IRQ 20
        Region 4: I/O ports at bcc0 [size=32]

00:1d.7 USB Controller [0c03]: Intel Corporation 631xESB/632xESB/3100 Chipset EHCI USB2 Controller [8086:268c] (rev 09) (prog-if 20 [EHCI])
        Subsystem: Dell Unknown device [1028:01bb]
        Control: I/O- Mem+ BusMaster+ SpecCycle- MemWINV- VGASnoop- ParErr- Stepping- SERR+ FastB2B-
        Status: Cap+ 66MHz- UDF- FastB2B+ ParErr- DEVSEL=medium >TAbort- <TAbort- <MAbort- >SERR- <PERR-
        Latency: 0
        Interrupt: pin A routed to IRQ 21
        Region 0: Memory at fc600000 (32-bit, non-prefetchable) [size=1K]
        Capabilities: [50] Power Management version 2
                Flags: PMEClk- DSI- D1- D2- AuxCurrent=375mA PME(D0+,D1-,D2-,D3hot+,D3cold+)
                Status: D0 PME-Enable- DSel=0 DScale=0 PME-
        Capabilities: [58] Debug port

00:1e.0 PCI bridge [0604]: Intel Corporation 82801 PCI Bridge [8086:244e] (rev d9) (prog-if 01 [Subtractive decode])
        Control: I/O+ Mem+ BusMaster+ SpecCycle- MemWINV- VGASnoop- ParErr+ Stepping- SERR+ FastB2B-
        Status: Cap+ 66MHz- UDF- FastB2B- ParErr- DEVSEL=fast >TAbort- <TAbort- <MAbort- >SERR- <PERR-
        Latency: 0
        Bus: primary=00, secondary=0f, subordinate=0f, sec-latency=32
        I/O behind bridge: 0000c000-0000cfff
        Memory behind bridge: fc100000-fc2fffff
        Prefetchable memory behind bridge: 00000000d8000000-00000000dfffffff
        Secondary status: 66MHz- FastB2B+ ParErr- DEVSEL=medium >TAbort- <TAbort- <MAbort+ <SERR- <PERR-
        BridgeCtl: Parity+ SERR+ NoISA- VGA+ MAbort- >Reset- FastB2B-
        Capabilities: [50] Subsystem: Gammagraphx, Inc. Unknown device [0000:0000]

00:1f.0 ISA bridge [0601]: Intel Corporation 631xESB/632xESB/3100 Chipset LPC Interface Controller [8086:2670] (rev 09)
        Control: I/O+ Mem+ BusMaster+ SpecCycle- MemWINV- VGASnoop- ParErr+ Stepping- SERR+ FastB2B-
        Status: Cap- 66MHz- UDF- FastB2B- ParErr- DEVSEL=medium >TAbort- <TAbort- <MAbort- >SERR- <PERR-
        Latency: 0

01:00.0 PCI bridge [0604]: Broadcom EPB PCI-Express to PCI-X Bridge [1166:0103] (rev c2) (prog-if 00 [Normal decode])
        Control: I/O+ Mem+ BusMaster+ SpecCycle- MemWINV- VGASnoop- ParErr+ Stepping- SERR+ FastB2B-
        Status: Cap+ 66MHz- UDF- FastB2B- ParErr- DEVSEL=fast >TAbort- <TAbort- <MAbort- >SERR- <PERR-
        Latency: 0, Cache Line Size: 64 bytes
        Bus: primary=01, secondary=02, subordinate=02, sec-latency=64
        Memory behind bridge: f8000000-fbffffff
        Secondary status: 66MHz- FastB2B- ParErr- DEVSEL=medium >TAbort- <TAbort- <MAbort+ <SERR- <PERR-
        BridgeCtl: Parity- SERR+ NoISA+ VGA- MAbort- >Reset- FastB2B-
        Capabilities: [60] Express PCI/PCI-X Bridge IRQ 0
                Device: Supported: MaxPayload 128 bytes, PhantFunc 0, ExtTag+
                Device: Latency L0s <4us, L1 <16us
                Device: AtnBtn- AtnInd- PwrInd-
                Device: Errors: Correctable- Non-Fatal- Fatal+ Unsupported-
                Device: RlxdOrd- ExtTag- PhantFunc- AuxPwr- NoSnoop-
                Device: MaxPayload 128 bytes, MaxReadReq 128 bytes
                Link: Supported Speed 2.5Gb/s, Width x4, ASPM L0s L1, Port 0
                Link: Latency L0s <4us, L1 <4us
                Link: ASPM Disabled CommClk- ExtSynch-
                Link: Speed 2.5Gb/s, Width x4
        Capabilities: [90] PCI-X bridge device
                Secondary Status: 64bit+ 133MHz+ SCD- USC- SCO- SRD- Freq=133MHz
                Status: Dev=01:00.0 64bit- 133MHz- SCD- USC- SCO- SRD-
                Upstream: Capacity=0 CommitmentLimit=0
                Downstream: Capacity=0 CommitmentLimit=0
        Capabilities: [b0] Power Management version 2
                Flags: PMEClk- DSI- D1- D2- AuxCurrent=375mA PME(D0+,D1-,D2-,D3hot+,D3cold+)
                Status: D0 PME-Enable- DSel=0 DScale=0 PME-

02:00.0 Ethernet controller [0200]: Broadcom Corporation NetXtreme II BCM5708S Gigabit Ethernet [14e4:16ac] (rev 11)
        Subsystem: Dell Unknown device [1028:01bb]
        Control: I/O- Mem+ BusMaster+ SpecCycle+ MemWINV+ VGASnoop- ParErr+ Stepping- SERR+ FastB2B-
        Status: Cap+ 66MHz+ UDF- FastB2B+ ParErr- DEVSEL=medium >TAbort- <TAbort- <MAbort- >SERR- <PERR-
        Latency: 32 (16000ns min), Cache Line Size: 64 bytes
        Interrupt: pin A routed to IRQ 16
        Region 0: Memory at f8000000 (64-bit, non-prefetchable) [size=32M]
        Capabilities: [40] PCI-X non-bridge device
                Command: DPERE- ERO- RBC=512 OST=8
                Status: Dev=02:00.0 64bit+ 133MHz+ SCD- USC- DC=simple DMMRBC=512 DMOST=8 DMCRS=32 RSCEM- 266MHz- 533MHz-
        Capabilities: [48] Power Management version 2
                Flags: PMEClk- DSI- D1- D2- AuxCurrent=0mA PME(D0-,D1-,D2-,D3hot+,D3cold+)
                Status: D0 PME-Enable- DSel=0 DScale=1 PME-
        Capabilities: [50] Vital Product Data
        Capabilities: [58] Message Signalled Interrupts: Mask- 64bit+ Queue=0/0 Enable-
                Address: 00000000fee07000  Data: 406a

03:00.0 PCI bridge [0604]: Intel Corporation 6311ESB/6321ESB PCI Express Upstream Port [8086:3500] (rev 01) (prog-if 00 [Normal decode])
        Control: I/O+ Mem+ BusMaster+ SpecCycle- MemWINV- VGASnoop- ParErr+ Stepping- SERR+ FastB2B-
        Status: Cap+ 66MHz- UDF- FastB2B- ParErr- DEVSEL=fast >TAbort- <TAbort- <MAbort- >SERR- <PERR-
        Latency: 0, Cache Line Size: 64 bytes
        Bus: primary=03, secondary=04, subordinate=07, sec-latency=0
        Memory behind bridge: f4000000-f7ffffff
        Secondary status: 66MHz- FastB2B- ParErr- DEVSEL=fast >TAbort- <TAbort- <MAbort+ <SERR- <PERR-
        BridgeCtl: Parity+ SERR+ NoISA+ VGA- MAbort- >Reset- FastB2B-
        Capabilities: [44] Express Upstream Port IRQ 0
                Device: Supported: MaxPayload 256 bytes, PhantFunc 0, ExtTag-
                Device: Latency L0s <64ns, L1 <1us
                Device: AtnBtn- AtnInd- PwrInd-
                Device: SlotPowerLimit 0.000000
                Device: Errors: Correctable+ Non-Fatal+ Fatal+ Unsupported+
                Device: RlxdOrd- ExtTag- PhantFunc- AuxPwr- NoSnoop-
                Device: MaxPayload 128 bytes, MaxReadReq 4096 bytes
                Link: Supported Speed 2.5Gb/s, Width x8, ASPM L0s, Port 0
                Link: Latency L0s unlimited, L1 unlimited
                Link: ASPM Disabled CommClk- ExtSynch-
                Link: Speed 2.5Gb/s, Width x4
        Capabilities: [70] Power Management version 2
                Flags: PMEClk- DSI- D1- D2- AuxCurrent=0mA PME(D0+,D1-,D2-,D3hot+,D3cold+)
                Status: D0 PME-Enable- DSel=0 DScale=0 PME-
        Capabilities: [80] Subsystem: Gammagraphx, Inc. Unknown device [0000:0000]

03:00.3 PCI bridge [0604]: Intel Corporation 6311ESB/6321ESB PCI Express to PCI-X Bridge [8086:350c] (rev 01) (prog-if 00 [Normal decode])
        Control: I/O+ Mem+ BusMaster+ SpecCycle- MemWINV- VGASnoop- ParErr+ Stepping- SERR+ FastB2B-
        Status: Cap+ 66MHz- UDF- FastB2B- ParErr- DEVSEL=fast >TAbort- <TAbort- <MAbort- >SERR- <PERR-
        Latency: 0, Cache Line Size: 64 bytes
        Bus: primary=03, secondary=08, subordinate=08, sec-latency=64
        I/O behind bridge: 0000e000-0000efff
        Memory behind bridge: f3e00000-f3ffffff
        Secondary status: 66MHz+ FastB2B+ ParErr- DEVSEL=medium >TAbort- <TAbort- <MAbort- <SERR- <PERR-
        BridgeCtl: Parity+ SERR+ NoISA+ VGA- MAbort- >Reset- FastB2B-
        Capabilities: [44] Express PCI/PCI-X Bridge IRQ 0
                Device: Supported: MaxPayload 256 bytes, PhantFunc 0, ExtTag-
                Device: Latency L0s <64ns, L1 <1us
                Device: AtnBtn- AtnInd- PwrInd-
                Device: Errors: Correctable- Non-Fatal- Fatal+ Unsupported-
                Device: RlxdOrd- ExtTag- PhantFunc- AuxPwr- NoSnoop-
                Device: MaxPayload 128 bytes, MaxReadReq 256 bytes
                Link: Supported Speed 2.5Gb/s, Width x8, ASPM L0s, Port 0
                Link: Latency L0s unlimited, L1 unlimited
                Link: ASPM Disabled CommClk- ExtSynch-
                Link: Speed 2.5Gb/s, Width x4
        Capabilities: [6c] Power Management version 2
                Flags: PMEClk- DSI- D1- D2- AuxCurrent=0mA PME(D0+,D1-,D2-,D3hot+,D3cold+)
                Status: D0 PME-Enable- DSel=0 DScale=0 PME-
        Capabilities: [80] Subsystem: Gammagraphx, Inc. Unknown device [0000:0000]
        Capabilities: [d8] PCI-X bridge device
                Secondary Status: 64bit+ 133MHz+ SCD- USC- SCO- SRD- Freq=100MHz
                Status: Dev=00:00.3 64bit- 133MHz- SCD- USC- SCO- SRD-
                Upstream: Capacity=65535 CommitmentLimit=65535
                Downstream: Capacity=65535 CommitmentLimit=65535

04:00.0 PCI bridge [0604]: Intel Corporation 6311ESB/6321ESB PCI Express Downstream Port E1 [8086:3510] (rev 01) (prog-if 00 [Normal decode])
        Control: I/O+ Mem+ BusMaster+ SpecCycle- MemWINV- VGASnoop- ParErr+ Stepping- SERR+ FastB2B-
        Status: Cap+ 66MHz- UDF- FastB2B- ParErr- DEVSEL=fast >TAbort- <TAbort- <MAbort- >SERR- <PERR-
        Latency: 0, Cache Line Size: 64 bytes
        Bus: primary=04, secondary=05, subordinate=06, sec-latency=0
        Memory behind bridge: f4000000-f7ffffff
        Secondary status: 66MHz- FastB2B- ParErr- DEVSEL=fast >TAbort- <TAbort- <MAbort+ <SERR- <PERR-
        BridgeCtl: Parity+ SERR+ NoISA- VGA- MAbort- >Reset- FastB2B-
        Capabilities: [44] Express Downstream Port (Slot-) IRQ 0
                Device: Supported: MaxPayload 256 bytes, PhantFunc 0, ExtTag-
                Device: Latency L0s <64ns, L1 <1us
                Device: Errors: Correctable+ Non-Fatal+ Fatal+ Unsupported+
                Device: RlxdOrd- ExtTag- PhantFunc- AuxPwr- NoSnoop-
                Device: MaxPayload 128 bytes, MaxReadReq 4096 bytes
                Link: Supported Speed 2.5Gb/s, Width x4, ASPM L0s, Port 0
                Link: Latency L0s unlimited, L1 unlimited
                Link: ASPM Disabled CommClk- ExtSynch-
                Link: Speed 2.5Gb/s, Width x4
        Capabilities: [60] Message Signalled Interrupts: Mask- 64bit+ Queue=0/0 Enable+
                Address: 00000000fee0f00c  Data: 4189
        Capabilities: [70] Power Management version 2
                Flags: PMEClk- DSI- D1- D2- AuxCurrent=0mA PME(D0+,D1-,D2-,D3hot+,D3cold+)
                Status: D0 PME-Enable- DSel=0 DScale=0 PME-
        Capabilities: [80] Subsystem: Gammagraphx, Inc. Unknown device [0000:0000]

04:01.0 PCI bridge [0604]: Intel Corporation 6311ESB/6321ESB PCI Express Downstream Port E2 [8086:3514] (rev 01) (prog-if 00 [Normal decode])
        Control: I/O+ Mem+ BusMaster+ SpecCycle- MemWINV- VGASnoop- ParErr+ Stepping- SERR+ FastB2B-
        Status: Cap+ 66MHz- UDF- FastB2B- ParErr- DEVSEL=fast >TAbort- <TAbort- <MAbort- >SERR- <PERR-
        Latency: 0, Cache Line Size: 64 bytes
        Bus: primary=04, secondary=07, subordinate=07, sec-latency=0
        Secondary status: 66MHz- FastB2B- ParErr- DEVSEL=fast >TAbort- <TAbort- <MAbort- <SERR- <PERR-
        BridgeCtl: Parity+ SERR+ NoISA- VGA- MAbort- >Reset- FastB2B-
        Capabilities: [44] Express Downstream Port (Slot-) IRQ 0
                Device: Supported: MaxPayload 256 bytes, PhantFunc 0, ExtTag-
                Device: Latency L0s <64ns, L1 <1us
                Device: Errors: Correctable+ Non-Fatal+ Fatal+ Unsupported+
                Device: RlxdOrd- ExtTag- PhantFunc- AuxPwr- NoSnoop-
                Device: MaxPayload 128 bytes, MaxReadReq 4096 bytes
                Link: Supported Speed 2.5Gb/s, Width x4, ASPM L0s, Port 0
                Link: Latency L0s unlimited, L1 unlimited
                Link: ASPM Disabled Disabled CommClk- ExtSynch-
                Link: Speed 2.5Gb/s, Width x0
        Capabilities: [60] Message Signalled Interrupts: Mask- 64bit+ Queue=0/0 Enable+
                Address: 00000000fee0f00c  Data: 4191
        Capabilities: [70] Power Management version 2
                Flags: PMEClk- DSI- D1- D2- AuxCurrent=0mA PME(D0+,D1-,D2-,D3hot+,D3cold+)
                Status: D0 PME-Enable- DSel=0 DScale=0 PME-
        Capabilities: [80] Subsystem: Gammagraphx, Inc. Unknown device [0000:0000]

05:00.0 PCI bridge [0604]: Broadcom EPB PCI-Express to PCI-X Bridge [1166:0103] (rev c2) (prog-if 00 [Normal decode])
        Control: I/O+ Mem+ BusMaster+ SpecCycle- MemWINV- VGASnoop- ParErr+ Stepping- SERR+ FastB2B-
        Status: Cap+ 66MHz- UDF- FastB2B- ParErr- DEVSEL=fast >TAbort- <TAbort- <MAbort- >SERR- <PERR-
        Latency: 0, Cache Line Size: 64 bytes
        Bus: primary=05, secondary=06, subordinate=06, sec-latency=64
        Memory behind bridge: f4000000-f7ffffff
        Secondary status: 66MHz- FastB2B- ParErr- DEVSEL=medium >TAbort- <TAbort- <MAbort+ <SERR- <PERR-
        BridgeCtl: Parity- SERR+ NoISA+ VGA- MAbort- >Reset- FastB2B-
        Capabilities: [60] Express PCI/PCI-X Bridge IRQ 0
                Device: Supported: MaxPayload 128 bytes, PhantFunc 0, ExtTag+
                Device: Latency L0s <4us, L1 <16us
                Device: AtnBtn- AtnInd- PwrInd-
                Device: Errors: Correctable- Non-Fatal- Fatal+ Unsupported-
                Device: RlxdOrd- ExtTag- PhantFunc- AuxPwr- NoSnoop-
                Device: MaxPayload 128 bytes, MaxReadReq 128 bytes
                Link: Supported Speed 2.5Gb/s, Width x4, ASPM L0s L1, Port 0
                Link: Latency L0s <4us, L1 <4us
                Link: ASPM Disabled CommClk- ExtSynch-
                Link: Speed 2.5Gb/s, Width x4
        Capabilities: [90] PCI-X bridge device
                Secondary Status: 64bit+ 133MHz+ SCD- USC- SCO- SRD- Freq=133MHz
                Status: Dev=05:00.0 64bit- 133MHz- SCD- USC- SCO- SRD-
                Upstream: Capacity=0 CommitmentLimit=0
                Downstream: Capacity=0 CommitmentLimit=0
        Capabilities: [b0] Power Management version 2
                Flags: PMEClk- DSI- D1- D2- AuxCurrent=375mA PME(D0+,D1-,D2-,D3hot+,D3cold+)
                Status: D0 PME-Enable- DSel=0 DScale=0 PME-

06:00.0 Ethernet controller [0200]: Broadcom Corporation NetXtreme II BCM5708S Gigabit Ethernet [14e4:16ac] (rev 11)
        Subsystem: Dell Unknown device [1028:01bb]
        Control: I/O- Mem+ BusMaster+ SpecCycle+ MemWINV+ VGASnoop- ParErr+ Stepping- SERR+ FastB2B-
        Status: Cap+ 66MHz+ UDF- FastB2B+ ParErr- DEVSEL=medium >TAbort- <TAbort- <MAbort- >SERR- <PERR-
        Latency: 64 (16000ns min), Cache Line Size: 64 bytes
        Interrupt: pin A routed to IRQ 16
        Region 0: Memory at f4000000 (64-bit, non-prefetchable) [size=32M]
        Capabilities: [40] PCI-X non-bridge device
                Command: DPERE- ERO- RBC=512 OST=8
                Status: Dev=06:00.0 64bit+ 133MHz+ SCD- USC- DC=simple DMMRBC=512 DMOST=8 DMCRS=32 RSCEM- 266MHz- 533MHz-
        Capabilities: [48] Power Management version 2
                Flags: PMEClk- DSI- D1- D2- AuxCurrent=0mA PME(D0-,D1-,D2-,D3hot+,D3cold+)
                Status: D0 PME-Enable- DSel=0 DScale=1 PME-
        Capabilities: [50] Vital Product Data
        Capabilities: [58] Message Signalled Interrupts: Mask- 64bit+ Queue=0/0 Enable-
                Address: 01c4000016c08c10  Data: 0000

08:05.0 Ethernet controller [0200]: Intel Corporation 82546GB Gigabit Ethernet Controller [8086:107b] (rev 03)
        Subsystem: Dell Unknown device [1028:018a]
        Control: I/O+ Mem+ BusMaster+ SpecCycle- MemWINV+ VGASnoop- ParErr+ Stepping- SERR+ FastB2B-
        Status: Cap+ 66MHz+ UDF- FastB2B- ParErr- DEVSEL=medium >TAbort- <TAbort- <MAbort- >SERR- <PERR-
        Latency: 64 (63750ns min), Cache Line Size: 64 bytes
        Interrupt: pin A routed to IRQ 32
        Region 0: Memory at f3ee0000 (64-bit, non-prefetchable) [size=128K]
        Region 4: I/O ports at ecc0 [size=64]
        Capabilities: [dc] Power Management version 2
                Flags: PMEClk- DSI+ D1- D2- AuxCurrent=0mA PME(D0+,D1-,D2-,D3hot+,D3cold+)
                Status: D0 PME-Enable- DSel=0 DScale=1 PME-
        Capabilities: [e4] PCI-X non-bridge device
                Command: DPERE- ERO+ RBC=512 OST=1
                Status: Dev=08:05.0 64bit+ 133MHz+ SCD- USC- DC=simple DMMRBC=2048 DMOST=1 DMCRS=16 RSCEM- 266MHz- 533MHz-
        Capabilities: [f0] Message Signalled Interrupts: Mask- 64bit+ Queue=0/0 Enable-
                Address: 0000000000000000  Data: 0000

08:05.1 Ethernet controller [0200]: Intel Corporation 82546GB Gigabit Ethernet Controller [8086:107b] (rev 03)
        Subsystem: Dell Unknown device [1028:018a]
        Control: I/O+ Mem+ BusMaster+ SpecCycle- MemWINV+ VGASnoop- ParErr+ Stepping- SERR+ FastB2B-
        Status: Cap+ 66MHz+ UDF- FastB2B- ParErr- DEVSEL=medium >TAbort- <TAbort- <MAbort- >SERR- <PERR-
        Latency: 64 (63750ns min), Cache Line Size: 64 bytes
        Interrupt: pin B routed to IRQ 33
        Region 0: Memory at f3ec0000 (64-bit, non-prefetchable) [size=128K]
        Region 4: I/O ports at ec80 [size=64]
        Capabilities: [dc] Power Management version 2
                Flags: PMEClk- DSI+ D1- D2- AuxCurrent=0mA PME(D0+,D1-,D2-,D3hot+,D3cold+)
                Status: D0 PME-Enable- DSel=0 DScale=1 PME-
        Capabilities: [e4] PCI-X non-bridge device
                Command: DPERE- ERO+ RBC=512 OST=1
                Status: Dev=08:05.1 64bit+ 133MHz+ SCD- USC- DC=simple DMMRBC=2048 DMOST=1 DMCRS=16 RSCEM- 266MHz- 533MHz-
        Capabilities: [f0] Message Signalled Interrupts: Mask- 64bit+ Queue=0/0 Enable-
                Address: 0000000000000000  Data: 0000

0d:00.0 PCI bridge [0604]: Intel Corporation 6702PXH PCI Express-to-PCI Bridge A [8086:032c] (rev 09) (prog-if 00 [Normal decode])
        Control: I/O+ Mem+ BusMaster+ SpecCycle- MemWINV- VGASnoop- ParErr+ Stepping- SERR+ FastB2B-
        Status: Cap+ 66MHz- UDF- FastB2B- ParErr- DEVSEL=fast >TAbort- <TAbort- <MAbort- >SERR- <PERR-
        Latency: 0, Cache Line Size: 64 bytes
        Bus: primary=0d, secondary=0e, subordinate=0e, sec-latency=64
        I/O behind bridge: 0000d000-0000dfff
        Memory behind bridge: fc400000-fc5fffff
        Secondary status: 66MHz+ FastB2B+ ParErr- DEVSEL=medium >TAbort- <TAbort- <MAbort- <SERR- <PERR-
        BridgeCtl: Parity- SERR+ NoISA+ VGA- MAbort- >Reset- FastB2B-
        Capabilities: [44] Express PCI/PCI-X Bridge IRQ 0
                Device: Supported: MaxPayload 256 bytes, PhantFunc 0, ExtTag-
                Device: Latency L0s <64ns, L1 <1us
                Device: AtnBtn- AtnInd- PwrInd-
                Device: Errors: Correctable- Non-Fatal- Fatal+ Unsupported-
                Device: RlxdOrd- ExtTag- PhantFunc- AuxPwr- NoSnoop-
                Device: MaxPayload 256 bytes, MaxReadReq 512 bytes
                Link: Supported Speed 2.5Gb/s, Width x8, ASPM L0s, Port 0
                Link: Latency L0s unlimited, L1 unlimited
                Link: ASPM Disabled CommClk- ExtSynch-
                Link: Speed 2.5Gb/s, Width x4
        Capabilities: [5c] Message Signalled Interrupts: Mask- 64bit+ Queue=0/0 Enable-
                Address: 0000000000000000  Data: 0000
        Capabilities: [6c] Power Management version 2
                Flags: PMEClk- DSI- D1- D2- AuxCurrent=0mA PME(D0+,D1-,D2-,D3hot+,D3cold+)
                Status: D0 PME-Enable- DSel=0 DScale=0 PME-
        Capabilities: [d8] PCI-X bridge device
                Secondary Status: 64bit+ 133MHz+ SCD- USC- SCO- SRD- Freq=100MHz
                Status: Dev=0d:00.0 64bit- 133MHz- SCD- USC- SCO- SRD-
                Upstream: Capacity=65535 CommitmentLimit=65535
                Downstream: Capacity=65535 CommitmentLimit=65535

0e:08.0 SCSI storage controller [0100]: LSI Logic / Symbios Logic SAS1068 PCI-X Fusion-MPT SAS [1000:0054] (rev 01)
        Subsystem: Dell SAS 5/iR Integrated RAID Controller [1028:1f08]
        Control: I/O- Mem+ BusMaster+ SpecCycle- MemWINV+ VGASnoop- ParErr+ Stepping- SERR+ FastB2B-
        Status: Cap+ 66MHz+ UDF- FastB2B- ParErr- DEVSEL=medium >TAbort- <TAbort- <MAbort- >SERR- <PERR-
        Latency: 72 (16000ns min, 2500ns max), Cache Line Size: 64 bytes
        Interrupt: pin A routed to IRQ 192
        Region 0: I/O ports at dc00 [disabled] [size=256]
        Region 1: Memory at fc4fc000 (64-bit, non-prefetchable) [size=16K]
        Region 3: Memory at fc4e0000 (64-bit, non-prefetchable) [size=64K]
        Expansion ROM at fc500000 [disabled] [size=1M]
        Capabilities: [50] Power Management version 2
                Flags: PMEClk- DSI- D1+ D2+ AuxCurrent=0mA PME(D0-,D1-,D2-,D3hot-,D3cold-)
                Status: D0 PME-Enable- DSel=0 DScale=0 PME-
        Capabilities: [98] Message Signalled Interrupts: Mask- 64bit+ Queue=0/0 Enable-
                Address: 0000000000000000  Data: 0000
        Capabilities: [68] PCI-X non-bridge device
                Command: DPERE- ERO- RBC=512 OST=16
                Status: Dev=0e:08.0 64bit+ 133MHz+ SCD- USC- DC=simple DMMRBC=2048 DMOST=16 DMCRS=128 RSCEM- 266MHz- 533MHz-
        Capabilities: [b0] MSI-X: Enable- Mask- TabSize=1
                Vector table: BAR=1 offset=00002000
                PBA: BAR=1 offset=00003000

0f:0d.0 VGA compatible controller [0300]: ATI Technologies Inc ES1000 [1002:515e] (rev 02) (prog-if 00 [VGA controller])
        Subsystem: Dell Unknown device [1028:01bb]
        Control: I/O+ Mem+ BusMaster+ SpecCycle- MemWINV- VGASnoop+ ParErr- Stepping+ SERR+ FastB2B-
        Status: Cap+ 66MHz- UDF- FastB2B+ ParErr- DEVSEL=medium >TAbort- <TAbort- <MAbort- >SERR- <PERR-
        Latency: 32 (2000ns min), Cache Line Size: 64 bytes
        Interrupt: pin A routed to IRQ 7
        Region 0: Memory at d8000000 (32-bit, prefetchable) [size=128M]
        Region 1: I/O ports at cc00 [size=256]
        Region 2: Memory at fc1f0000 (32-bit, non-prefetchable) [size=64K]
        [virtual] Expansion ROM at fc100000 [disabled] [size=128K]
        Capabilities: [50] Power Management version 2
                Flags: PMEClk- DSI- D1+ D2+ AuxCurrent=0mA PME(D0-,D1-,D2-,D3hot-,D3cold-)
                Status: D0 PME-Enable- DSel=0 DScale=0 PME-
</pre>

==== dmesg ====

<pre>
 from dmesg

[    0.000000] Initializing cgroup subsys cpuset
[    0.000000] Linux version 2.6.24-11-server (buildd@yellow) (gcc version 4.2.3 (Ubuntu 4.2.3-2ubuntu1)) #1 SMP Fri Feb 29 21:55:55 UTC 2008 (Ubuntu 2.6.24-11.17-server)
[    0.000000] Command line: root=UUID=9fa1830b-ff68-46e0-914b-2b372295e80b ro quiet splash
[    0.000000] BIOS-provided physical RAM map:
[    0.000000]  BIOS-e820: 0000000000000000 - 00000000000a0000 (usable)
[    0.000000]  BIOS-e820: 0000000000100000 - 00000000cffa8000 (usable)
[    0.000000]  BIOS-e820: 00000000cffa8000 - 00000000cffb7c00 (ACPI data)
[    0.000000]  BIOS-e820: 00000000cffb7c00 - 00000000d0000000 (reserved)
[    0.000000]  BIOS-e820: 00000000e0000000 - 00000000f0000000 (reserved)
[    0.000000]  BIOS-e820: 00000000fe000000 - 0000000100000000 (reserved)
[    0.000000]  BIOS-e820: 0000000100000000 - 0000000130000000 (usable)
[    0.000000] Entering add_active_range(0, 0, 160) 0 entries of 3200 used
[    0.000000] Entering add_active_range(0, 256, 851880) 1 entries of 3200 used
[    0.000000] Entering add_active_range(0, 1048576, 1245184) 2 entries of 3200 used
[    0.000000] end_pfn_map = 1245184
[    0.000000] DMI 2.4 present.
[    0.000000] ACPI: RSDP signature @ 0xFFFF8100000F3610 checksum 0
[    0.000000] ACPI: RSDP 000F3610, 0024 (r2 DELL  )
[    0.000000] ACPI: XSDT 000F3690, 004C (r1 DELL   PE_SC3          1 DELL        1)
[    0.000000] ACPI: FACP 000F3798, 00F4 (r3 DELL   PE_SC3          1 DELL        1)
[    0.000000] ACPI: DSDT CFFA8000, 23DA (r1 DELL   PE_SC3          1 MSFT  100000E)
[    0.000000] ACPI: FACS CFFB7C00, 0040
[    0.000000] ACPI: APIC 000F388C, 00D4 (r1 DELL   PE_SC3          1 DELL        1)
[    0.000000] ACPI: SPCR 000F396D, 0050 (r1 DELL   PE_SC3          1 DELL        1)
[    0.000000] ACPI: HPET 000F39BD, 0038 (r1 DELL   PE_SC3          1 DELL        1)
[    0.000000] ACPI: MCFG 000F39F5, 003C (r1 DELL   PE_SC3          1 DELL        1)
[    0.000000] No NUMA configuration found
[    0.000000] Faking a node at 0000000000000000-0000000130000000
[    0.000000] Entering add_active_range(0, 0, 160) 0 entries of 3200 used
[    0.000000] Entering add_active_range(0, 256, 851880) 1 entries of 3200 used
[    0.000000] Entering add_active_range(0, 1048576, 1245184) 2 entries of 3200 used
[    0.000000] Bootmem setup node 0 0000000000000000-0000000130000000
[    0.000000] Zone PFN ranges:
[    0.000000]   DMA             0 ->     4096
[    0.000000]   DMA32        4096 ->  1048576
[    0.000000]   Normal    1048576 ->  1245184
[    0.000000] Movable zone start PFN for each node
[    0.000000] early_node_map[3] active PFN ranges
[    0.000000]     0:        0 ->      160
[    0.000000]     0:      256 ->   851880
[    0.000000]     0:  1048576 ->  1245184
[    0.000000] On node 0 totalpages: 1048392
[    0.000000]   DMA zone: 56 pages used for memmap
[    0.000000]   DMA zone: 1326 pages reserved
[    0.000000]   DMA zone: 2618 pages, LIFO batch:0
[    0.000000]   DMA32 zone: 14280 pages used for memmap
[    0.000000]   DMA32 zone: 833504 pages, LIFO batch:31
[    0.000000]   Normal zone: 2688 pages used for memmap
[    0.000000]   Normal zone: 193920 pages, LIFO batch:31
[    0.000000]   Movable zone: 0 pages used for memmap
[    0.000000] ACPI: PM-Timer IO Port: 0x808
[    0.000000] ACPI: Local APIC address 0xfee00000
[    0.000000] ACPI: LAPIC (acpi_id[0x01] lapic_id[0x00] enabled)
[    0.000000] Processor #0 (Bootup-CPU)
[    0.000000] ACPI: LAPIC (acpi_id[0x02] lapic_id[0x06] enabled)
[    0.000000] Processor #6
[    0.000000] ACPI: LAPIC (acpi_id[0x03] lapic_id[0x01] enabled)
[    0.000000] Processor #1
[    0.000000] ACPI: LAPIC (acpi_id[0x04] lapic_id[0x07] enabled)
[    0.000000] Processor #7
[    0.000000] ACPI: LAPIC (acpi_id[0x05] lapic_id[0x14] disabled)
[    0.000000] ACPI: LAPIC (acpi_id[0x06] lapic_id[0x15] disabled)
[    0.000000] ACPI: LAPIC (acpi_id[0x07] lapic_id[0x16] disabled)
[    0.000000] ACPI: LAPIC (acpi_id[0x08] lapic_id[0x17] disabled)
[    0.000000] ACPI: LAPIC_NMI (acpi_id[0x01] high edge lint[0x1])
[    0.000000] ACPI: LAPIC_NMI (acpi_id[0x02] high edge lint[0x1])
[    0.000000] ACPI: LAPIC_NMI (acpi_id[0x03] high edge lint[0x1])
[    0.000000] ACPI: LAPIC_NMI (acpi_id[0x04] high edge lint[0x1])
[    0.000000] ACPI: LAPIC_NMI (acpi_id[0x05] high edge lint[0x1])
[    0.000000] ACPI: LAPIC_NMI (acpi_id[0x06] high edge lint[0x1])
[    0.000000] ACPI: LAPIC_NMI (acpi_id[0x07] high edge lint[0x1])
[    0.000000] ACPI: LAPIC_NMI (acpi_id[0x08] high edge lint[0x1])
[    0.000000] ACPI: IOAPIC (id[0x08] address[0xfec00000] gsi_base[0])
[    0.000000] IOAPIC[0]: apic_id 8, address 0xfec00000, GSI 0-23
[    0.000000] ACPI: IOAPIC (id[0x09] address[0xfec80000] gsi_base[32])
[    0.000000] IOAPIC[1]: apic_id 9, address 0xfec80000, GSI 32-55
[    0.000000] ACPI: IOAPIC (id[0x0a] address[0xfec85000] gsi_base[192])
[    0.000000] IOAPIC[2]: apic_id 10, address 0xfec85000, GSI 192-215
[    0.000000] ACPI: INT_SRC_OVR (bus 0 bus_irq 0 global_irq 2 dfl dfl)
[    0.000000] ACPI: INT_SRC_OVR (bus 0 bus_irq 9 global_irq 9 high level)
[    0.000000] ACPI: IRQ0 used by override.
[    0.000000] ACPI: IRQ2 used by override.
[    0.000000] ACPI: IRQ9 used by override.
[    0.000000] Setting APIC routing to flat
[    0.000000] ACPI: HPET id: 0x8086a201 base: 0xfed00000
[    0.000000] Using ACPI (MADT) for SMP configuration information
[    0.000000] swsusp: Registered nosave memory region: 00000000000a0000 - 0000000000100000
[    0.000000] swsusp: Registered nosave memory region: 00000000cffa8000 - 00000000cffb7000
[    0.000000] swsusp: Registered nosave memory region: 00000000cffb7000 - 00000000cffb8000
[    0.000000] swsusp: Registered nosave memory region: 00000000cffb8000 - 00000000d0000000
[    0.000000] swsusp: Registered nosave memory region: 00000000d0000000 - 00000000e0000000
[    0.000000] swsusp: Registered nosave memory region: 00000000e0000000 - 00000000f0000000
[    0.000000] swsusp: Registered nosave memory region: 00000000f0000000 - 00000000fe000000
[    0.000000] swsusp: Registered nosave memory region: 00000000fe000000 - 0000000100000000
[    0.000000] Allocating PCI resources starting at d1000000 (gap: d0000000:10000000)
[    0.000000] SMP: Allowing 8 CPUs, 4 hotplug CPUs
[    0.000000] PERCPU: Allocating 41952 bytes of per cpu data
[    0.000000] Built 1 zonelists in Node order, mobility grouping on.  Total pages: 1030042
[    0.000000] Policy zone: Normal
[    0.000000] Kernel command line: root=UUID=9fa1830b-ff68-46e0-914b-2b372295e80b ro quiet splash
[    0.000000] Initializing CPU#0
[    0.000000] PID hash table entries: 4096 (order: 12, 32768 bytes)
[    0.000000] Extended CMOS year: 2000
[    0.000000] hpet clockevent registered
[    0.000000] TSC calibrated against HPET
[   49.273544] time.c: Detected 2992.498 MHz processor.
[   49.275759] Console: colour VGA+ 80x25
[   49.275762] console [tty0] enabled
[   49.275775] Checking aperture...
[   49.275782] Calgary: detecting Calgary via BIOS EBDA area
[   49.275783] Calgary: Unable to locate Rio Grande table in EBDA - bailing!
[   49.275785] PCI-DMA: Using software bounce buffering for IO (SWIOTLB)
[   49.305397] Placing software IO TLB between 0x1081000 - 0x5081000
[   49.334767] Memory: 4046456k/4980736k available (2523k kernel code, 147112k reserved, 1328k data, 328k init)
[   49.334796] SLUB: Genslabs=12, HWalign=64, Order=0-1, MinObjects=4, CPUs=8, Nodes=1
[   49.483417] Calibrating delay using timer specific routine.. 5988.27 BogoMIPS (lpj=29941376)
[   49.483442] Security Framework initialized
[   49.483449] SELinux:  Disabled at boot.
[   49.483459] AppArmor: AppArmor initialized
[   49.483462] Failure registering capabilities with primary security module.
[   49.483725] Dentry cache hash table entries: 524288 (order: 10, 4194304 bytes)
[   49.485670] Inode-cache hash table entries: 262144 (order: 9, 2097152 bytes)
[   49.486591] Mount-cache hash table entries: 256
[   49.486710] Initializing cgroup subsys ns
[   49.486716] Initializing cgroup subsys cpuacct
[   49.486730] CPU: L1 I cache: 32K, L1 D cache: 32K
[   49.486731] CPU: L2 cache: 4096K
[   49.486733] CPU 0/0 -> Node 0
[   49.486734] using mwait in idle threads.
[   49.486735] CPU: Physical Processor ID: 0
[   49.486736] CPU: Processor Core ID: 0
[   49.486741] CPU0: Thermal monitoring enabled (TM1)
[   49.486751] SMP alternatives: switching to UP code
[   49.487380] Early unpacking initramfs... done
[   49.708242] ACPI: Core revision 20070126
[   49.708271] ACPI: Looking for DSDT in initramfs... error, file /DSDT.aml not found.
[   49.809536] Using local APIC timer interrupts.
[   49.842937] APIC timer calibration result 20781245
[   49.842938] Detected 20.781 MHz APIC timer.
[   49.843009] SMP alternatives: switching to SMP code
[   49.843556] Booting processor 1/4 APIC 0x6
[   49.853841] Initializing CPU#1
[   50.002854] Calibrating delay using timer specific routine.. 5985.10 BogoMIPS (lpj=29925520)
[   50.002859] CPU: L1 I cache: 32K, L1 D cache: 32K
[   50.002860] CPU: L2 cache: 4096K
[   50.002862] CPU 1/6 -> Node 0
[   50.002863] CPU: Physical Processor ID: 3
[   50.002864] CPU: Processor Core ID: 0
[   50.002868] CPU1: Thermal monitoring enabled (TM2)
[   50.003238] Intel(R) Xeon(R) CPU            5160  @ 3.00GHz stepping 06
[   50.003301] checking TSC synchronization [CPU#0 -> CPU#1]: passed.
[   50.023364] SMP alternatives: switching to SMP code
[   50.023675] Booting processor 2/4 APIC 0x1
[   50.034013] Initializing CPU#2
[   50.182754] Calibrating delay using timer specific routine.. 5985.10 BogoMIPS (lpj=29925522)
[   50.182760] CPU: L1 I cache: 32K, L1 D cache: 32K
[   50.182761] CPU: L2 cache: 4096K
[   50.182763] CPU 2/1 -> Node 0
[   50.182764] CPU: Physical Processor ID: 0
[   50.182764] CPU: Processor Core ID: 1
[   50.182769] CPU2: Thermal monitoring enabled (TM2)
[   50.183139] Intel(R) Xeon(R) CPU            5160  @ 3.00GHz stepping 06
[   50.183143] checking TSC synchronization [CPU#0 -> CPU#2]: passed.
[   50.203226] SMP alternatives: switching to SMP code
[   50.203800] Booting processor 3/4 APIC 0x7
[   50.214085] Initializing CPU#3
[   50.362654] Calibrating delay using timer specific routine.. 5985.09 BogoMIPS (lpj=29925493)
[   50.362660] CPU: L1 I cache: 32K, L1 D cache: 32K
[   50.362661] CPU: L2 cache: 4096K
[   50.362663] CPU 3/7 -> Node 0
[   50.362664] CPU: Physical Processor ID: 3
[   50.362665] CPU: Processor Core ID: 1
[   50.362669] CPU3: Thermal monitoring enabled (TM2)
[   50.363039] Intel(R) Xeon(R) CPU            5160  @ 3.00GHz stepping 06
[   50.363069] checking TSC synchronization [CPU#0 -> CPU#3]: passed.
[   50.383084] Brought up 4 CPUs
[   50.383169] CPU0 attaching sched-domain:
[   50.383171]  domain 0: span 00000000,00000005
[   50.383172]   groups: 00000000,00000001 00000000,00000004
[   50.383174]   domain 1: span 00000000,0000000f
[   50.383175]    groups: 00000000,00000005 00000000,0000000a
[   50.383177]    domain 2: span 00000000,0000000f
[   50.383179]     groups: 00000000,0000000f
[   50.383180] CPU1 attaching sched-domain:
[   50.383181]  domain 0: span 00000000,0000000a
[   50.383182]   groups: 00000000,00000002 00000000,00000008
[   50.383184]   domain 1: span 00000000,0000000f
[   50.383185]    groups: 00000000,0000000a 00000000,00000005
[   50.383187]    domain 2: span 00000000,0000000f
[   50.383188]     groups: 00000000,0000000f
[   50.383190] CPU2 attaching sched-domain:
[   50.383191]  domain 0: span 00000000,00000005
[   50.383192]   groups: 00000000,00000004 00000000,00000001
[   50.383194]   domain 1: span 00000000,0000000f
[   50.383195]    groups: 00000000,00000005 00000000,0000000a
[   50.383197]    domain 2: span 00000000,0000000f
[   50.383198]     groups: 00000000,0000000f
[   50.383199] CPU3 attaching sched-domain:
[   50.383200]  domain 0: span 00000000,0000000a
[   50.383201]   groups: 00000000,00000008 00000000,00000002
[   50.383203]   domain 1: span 00000000,0000000f
[   50.383204]    groups: 00000000,0000000a 00000000,00000005
[   50.383206]    domain 2: span 00000000,0000000f
[   50.383207]     groups: 00000000,0000000f
[   50.383539] net_namespace: 120 bytes
[   50.383835] Time:  8:49:44  Date: 03/10/08
[   50.383878] NET: Registered protocol family 16
[   50.384028] ACPI: bus type pci registered
[   50.384083] PCI: Using configuration type 1
[   50.384783] ACPI: EC: Look up EC in DSDT
[   50.386267] ACPI: Interpreter enabled
[   50.386269] ACPI: (supports S0 S4 S5)
[   50.386275] ACPI: Using IOAPIC for interrupt routing
[   50.389702] ACPI: PCI Root Bridge [PCI0] (0000:00)
[   50.409534] PCI: PXH quirk detected, disabling MSI for SHPC device
[   50.410025] PCI: Transparent bridge - 0000:00:1e.0
[   50.410053] ACPI: PCI Interrupt Routing Table [\_SB_.PCI0._PRT]
[   50.410409] ACPI: PCI Interrupt Routing Table [\_SB_.PCI0.PEX2._PRT]
[   50.410508] ACPI: PCI Interrupt Routing Table [\_SB_.PCI0.PEX2.UPST._PRT]
[   50.410573] ACPI: PCI Interrupt Routing Table [\_SB_.PCI0.PEX2.UPST.DWN1._PRT]
[   50.410670] ACPI: PCI Interrupt Routing Table [\_SB_.PCI0.PEX2.UPST.DWN2._PRT]
[   50.410769] ACPI: PCI Interrupt Routing Table [\_SB_.PCI0.PEX2.PE2X._PRT]
[   50.410833] ACPI: PCI Interrupt Routing Table [\_SB_.PCI0.PEX3._PRT]
[   50.410927] ACPI: PCI Interrupt Routing Table [\_SB_.PCI0.PEX4._PRT]
[   50.411026] ACPI: PCI Interrupt Routing Table [\_SB_.PCI0.PEX6._PRT]
[   50.411124] ACPI: PCI Interrupt Routing Table [\_SB_.PCI0.PEX7._PRT]
[   50.411222] ACPI: PCI Interrupt Routing Table [\_SB_.PCI0.PEX7.PE2P._PRT]
[   50.411286] ACPI: PCI Interrupt Routing Table [\_SB_.PCI0.SBEX._PRT]
[   50.411383] ACPI: PCI Interrupt Routing Table [\_SB_.PCI0.COMP._PRT]
[   50.413133] ACPI: PCI Interrupt Link [LK00] (IRQs 3 4 5 6 7 10 *11 12)
[   50.413196] ACPI: PCI Interrupt Link [LK01] (IRQs 3 4 5 6 7 *10 11 12)
[   50.413255] ACPI: PCI Interrupt Link [LK02] (IRQs 3 4 5 6 7 10 11 12) *0, disabled.
[   50.413315] ACPI: PCI Interrupt Link [LK03] (IRQs 3 4 5 6 *7 10 11 12)
[   50.413374] ACPI: PCI Interrupt Link [LK04] (IRQs 3 4 5 6 7 10 11 12) *14
[   50.413433] ACPI: PCI Interrupt Link [LK05] (IRQs 3 4 5 6 7 10 11 12) *15
[   50.413491] ACPI: PCI Interrupt Link [LK06] (IRQs 3 4 5 6 7 10 11 12) *0, disabled.
[   50.413549] ACPI: PCI Interrupt Link [LK07] (IRQs 3 4 5 6 7 10 11 12) *0, disabled.
[   50.413627] Linux Plug and Play Support v0.97 (c) Adam Belay
[   50.413648] pnp: PnP ACPI init
[   50.413652] ACPI: bus type pnp registered
[   50.416593] pnp: PnP ACPI: found 11 devices
[   50.416595] ACPI: ACPI bus type pnp unregistered
[   50.416775] PCI: Using ACPI for IRQ routing
[   50.416777] PCI: If a device doesn't work, try "pci=routeirq".  If it helps, post a report
[   50.493200] NET: Registered protocol family 8
[   50.493202] NET: Registered protocol family 20
[   50.493228] NetLabel: Initializing
[   50.493229] NetLabel:  domain hash size = 128
[   50.493230] NetLabel:  protocols = UNLABELED CIPSOv4
[   50.493242] NetLabel:  unlabeled traffic allowed by default
[   50.493251] PCI-GART: No AMD northbridge found.
[   50.493255] hpet0: at MMIO 0xfed00000, IRQs 2, 8, 0
[   50.493258] hpet0: 3 64-bit timers, 14318180 Hz
[   50.494291] AppArmor: AppArmor Filesystem Enabled
[   50.502770] Time: tsc clocksource has been installed.
[   50.502778] Switched to high resolution mode on CPU 0
[   50.503207] Switched to high resolution mode on CPU 2
[   50.503481] Switched to high resolution mode on CPU 3
[   50.503894] Switched to high resolution mode on CPU 1
[   50.534074] system 00:07: ioport range 0x800-0x87f has been reserved
[   50.534077] system 00:07: ioport range 0x880-0x8bf has been reserved
[   50.534079] system 00:07: ioport range 0x8c0-0x8df has been reserved
[   50.534082] system 00:07: ioport range 0x8e0-0x8e3 has been reserved
[   50.534084] system 00:07: ioport range 0xc00-0xc7f has been reserved
[   50.534086] system 00:07: ioport range 0xca0-0xca7 has been reserved
[   50.534088] system 00:07: ioport range 0xca9-0xcab has been reserved
[   50.534091] system 00:07: ioport range 0xcad-0xcaf has been reserved
[   50.534093] system 00:07: ioport range 0x2f8-0x2ff has been reserved
[   50.534098] system 00:08: ioport range 0xca8-0xca8 has been reserved
[   50.534100] system 00:08: ioport range 0xcac-0xcac has been reserved
[   50.534105] system 00:09: iomem range 0xe0000000-0xefffffff could not be reserved
[   50.534683] PCI: Bridge: 0000:05:00.0
[   50.534684]   IO window: disabled.
[   50.534806]   MEM window: f4000000-f7ffffff
[   50.534898]   PREFETCH window: disabled.
[   50.535035] PCI: Bridge: 0000:04:00.0
[   50.535036]   IO window: disabled.
[   50.535127]   MEM window: f4000000-f7ffffff
[   50.535173]   PREFETCH window: disabled.
[   50.535264] PCI: Bridge: 0000:04:01.0
[   50.535265]   IO window: disabled.
[   50.535356]   MEM window: disabled.
[   50.535403]   PREFETCH window: disabled.
[   50.535494] PCI: Bridge: 0000:03:00.0
[   50.535495]   IO window: disabled.
[   50.535586]   MEM window: f4000000-f7ffffff
[   50.535632]   PREFETCH window: disabled.
[   50.535724] PCI: Bridge: 0000:03:00.3
[   50.535769]   IO window: e000-efff
[   50.535861]   MEM window: f3e00000-f3ffffff
[   50.535908]   PREFETCH window: disabled.
[   50.535999] PCI: Bridge: 0000:00:02.0
[   50.536000]   IO window: e000-efff
[   50.536002]   MEM window: f2000000-f7ffffff
[   50.536004]   PREFETCH window: disabled.
[   50.536006] PCI: Bridge: 0000:00:03.0
[   50.536007]   IO window: disabled.
[   50.536009]   MEM window: disabled.
[   50.536010]   PREFETCH window: disabled.
[   50.536013] PCI: Bridge: 0000:00:04.0
[   50.536013]   IO window: disabled.
[   50.536015]   MEM window: disabled.
[   50.536017]   PREFETCH window: disabled.
[   50.536019] PCI: Bridge: 0000:00:05.0
[   50.536020]   IO window: disabled.
[   50.536022]   MEM window: disabled.
[   50.536024]   PREFETCH window: disabled.
[   50.536026] PCI: Bridge: 0000:00:06.0
[   50.536026]   IO window: disabled.
[   50.536029]   MEM window: disabled.
[   50.536030]   PREFETCH window: disabled.
[   50.536033] PCI: Bridge: 0000:0d:00.0
[   50.536034]   IO window: d000-dfff
[   50.536037]   MEM window: fc400000-fc5fffff
[   50.536039]   PREFETCH window: disabled.
[   50.536042] PCI: Bridge: 0000:00:07.0
[   50.536043]   IO window: d000-dfff
[   50.536045]   MEM window: fc300000-fc5fffff
[   50.536047]   PREFETCH window: disabled.
[   50.536049] PCI: Bridge: 0000:01:00.0
[   50.536050]   IO window: disabled.
[   50.536054]   MEM window: f8000000-fbffffff
[   50.536057]   PREFETCH window: disabled.
[   50.536061] PCI: Bridge: 0000:00:1c.0
[   50.536062]   IO window: disabled.
[   50.536065]   MEM window: f8000000-fbffffff
[   50.536067]   PREFETCH window: disabled.
[   50.536072] PCI: Bridge: 0000:00:1e.0
[   50.536074]   IO window: c000-cfff
[   50.536077]   MEM window: fc100000-fc2fffff
[   50.536079]   PREFETCH window: d8000000-dfffffff
[   50.536091] ACPI: PCI Interrupt 0000:00:02.0[A] -> GSI 16 (level, low) -> IRQ 16
[   50.536095] PCI: Setting latency timer of device 0000:00:02.0 to 64
[   50.536320] ACPI: PCI Interrupt 0000:03:00.0[A] -> GSI 16 (level, low) -> IRQ 16
[   50.536367] PCI: Setting latency timer of device 0000:03:00.0 to 64
[   50.536687] ACPI: PCI Interrupt 0000:04:00.0[A] -> GSI 16 (level, low) -> IRQ 16
[   50.536734] PCI: Setting latency timer of device 0000:04:00.0 to 64
[   50.537330] PCI: Setting latency timer of device 0000:05:00.0 to 64
[   50.537651] ACPI: PCI Interrupt 0000:04:01.0[A] -> GSI 16 (level, low) -> IRQ 16
[   50.537697] PCI: Setting latency timer of device 0000:04:01.0 to 64
[   50.538018] PCI: Setting latency timer of device 0000:03:00.3 to 64
[   50.538068] ACPI: PCI Interrupt 0000:00:03.0[A] -> GSI 16 (level, low) -> IRQ 16
[   50.538070] PCI: Setting latency timer of device 0000:00:03.0 to 64
[   50.538075] ACPI: PCI Interrupt 0000:00:04.0[A] -> GSI 16 (level, low) -> IRQ 16
[   50.538078] PCI: Setting latency timer of device 0000:00:04.0 to 64
[   50.538083] ACPI: PCI Interrupt 0000:00:05.0[A] -> GSI 16 (level, low) -> IRQ 16
[   50.538086] PCI: Setting latency timer of device 0000:00:05.0 to 64
[   50.538091] ACPI: PCI Interrupt 0000:00:06.0[A] -> GSI 16 (level, low) -> IRQ 16
[   50.538094] PCI: Setting latency timer of device 0000:00:06.0 to 64
[   50.538099] ACPI: PCI Interrupt 0000:00:07.0[A] -> GSI 16 (level, low) -> IRQ 16
[   50.538101] PCI: Setting latency timer of device 0000:00:07.0 to 64
[   50.538112] PCI: Setting latency timer of device 0000:0d:00.0 to 64
[   50.538125] ACPI: PCI Interrupt 0000:00:1c.0[A] -> GSI 16 (level, low) -> IRQ 16
[   50.538128] PCI: Setting latency timer of device 0000:00:1c.0 to 64
[   50.538144] PCI: Setting latency timer of device 0000:01:00.0 to 64
[   50.538152] PCI: Setting latency timer of device 0000:00:1e.0 to 64
[   50.538159] NET: Registered protocol family 2
[   50.644175] IP route cache hash table entries: 131072 (order: 8, 1048576 bytes)
[   50.645081] TCP established hash table entries: 524288 (order: 11, 8388608 bytes)
[   50.648524] TCP bind hash table entries: 65536 (order: 8, 1048576 bytes)
[   50.648980] TCP: Hash tables configured (established 524288 bind 65536)
[   50.648981] TCP reno registered
[   50.674163] checking if image is initramfs... it is
[   51.105673] Freeing initrd memory: 7198k freed
[   51.110035] audit: initializing netlink socket (disabled)
[   51.110051] audit(1205138984.781:1): initialized
[   51.110511] Total HugeTLB memory allocated, 0
[   51.112994] VFS: Disk quotas dquot_6.5.1
[   51.113067] Dquot-cache hash table entries: 512 (order 0, 4096 bytes)
[   51.113250] io scheduler noop registered
[   51.113251] io scheduler anticipatory registered
[   51.113252] io scheduler deadline registered (default)
[   51.113362] io scheduler cfq registered
[   51.115202] Boot video device is 0000:0f:0d.0
[   51.115394] PCI: Setting latency timer of device 0000:00:02.0 to 64
[   51.115421] assign_interrupt_mode Found MSI capability
[   51.115445] Allocate Port Service[0000:00:02.0:pcie00]
[   51.115535] PCI: Setting latency timer of device 0000:00:03.0 to 64
[   51.115561] assign_interrupt_mode Found MSI capability
[   51.115582] Allocate Port Service[0000:00:03.0:pcie00]
[   51.115655] PCI: Setting latency timer of device 0000:00:04.0 to 64
[   51.115681] assign_interrupt_mode Found MSI capability
[   51.115702] Allocate Port Service[0000:00:04.0:pcie00]
[   51.115774] PCI: Setting latency timer of device 0000:00:05.0 to 64
[   51.115801] assign_interrupt_mode Found MSI capability
[   51.115906] PCI: Setting latency timer of device 0000:00:06.0 to 64
[   51.115932] assign_interrupt_mode Found MSI capability
[   51.115952] Allocate Port Service[0000:00:06.0:pcie00]
[   51.116039] PCI: Setting latency timer of device 0000:00:07.0 to 64
[   51.116065] assign_interrupt_mode Found MSI capability
[   51.116086] Allocate Port Service[0000:00:07.0:pcie00]
[   51.116178] PCI: Setting latency timer of device 0000:00:1c.0 to 64
[   51.116213] assign_interrupt_mode Found MSI capability
[   51.116241] Allocate Port Service[0000:00:1c.0:pcie00]
[   51.116502] PCI: Setting latency timer of device 0000:03:00.0 to 64
[   51.117283] Allocate Port Service[0000:03:00.0:pcie10]
[   51.118659] PCI: Setting latency timer of device 0000:04:00.0 to 64
[   51.119530] assign_interrupt_mode Found MSI capability
[   51.120265] Allocate Port Service[0000:04:00.0:pcie20]
[   51.121596] PCI: Setting latency timer of device 0000:04:01.0 to 64
[   51.122421] assign_interrupt_mode Found MSI capability
[   51.123156] Allocate Port Service[0000:04:01.0:pcie20]
[   51.153047] Real Time Clock Driver v1.12ac
[   51.153246] hpet_resources: 0xfed00000 is busy
[   51.153261] Linux agpgart interface v0.102
[   51.153263] Serial: 8250/16550 driver $Revision: 1.90 $ 4 ports, IRQ sharing enabled
[   51.154637] RAMDISK driver initialized: 16 RAM disks of 65536K size 1024 blocksize
[   51.154702] input: Macintosh mouse button emulation as /devices/virtual/input/input0
[   51.154826] PNP: PS/2 Controller [PNP0303:KBD,PNP0f13:MOU] at 0x60,0x64 irq 1,12
[   51.157432] serio: i8042 KBD port at 0x60,0x64 irq 1
[   51.157435] serio: i8042 AUX port at 0x60,0x64 irq 12
[   51.194358] mice: PS/2 mouse device common for all mice
[   51.194406] cpuidle: using governor ladder
[   51.194408] cpuidle: using governor menu
[   51.194582] NET: Registered protocol family 1
[   51.194654] registered taskstats version 1
[   51.194761]   Magic number: 0:366:826
[   51.194793]   hash matches device ptyt6
[   51.194816] /build/buildd/linux-2.6.24/drivers/rtc/hctosys.c: unable to open rtc device (rtc0)
[   51.194819] BIOS EDD facility v0.16 2004-Jun-25, 6 devices found
[   51.195092] Freeing unused kernel memory: 328k freed
[   51.225706] input: AT Translated Set 2 keyboard as /devices/platform/i8042/serio0/input/input1
[   51.289943] fuse init (API version 7.9)
[   51.296734] ACPI Exception (processor_core-0816): AE_NOT_FOUND, Processor Device is not present [20070126]
[   51.296743] ACPI Exception (processor_core-0816): AE_NOT_FOUND, Processor Device is not present [20070126]
[   51.296750] ACPI Exception (processor_core-0816): AE_NOT_FOUND, Processor Device is not present [20070126]
[   51.296757] ACPI Exception (processor_core-0816): AE_NOT_FOUND, Processor Device is not present [20070126]
[   51.438711] Intel(R) PRO/1000 Network Driver - version 7.3.20-k2-NAPI
[   51.438714] Copyright (c) 1999-2006 Intel Corporation.
[   51.439039] ACPI: PCI Interrupt 0000:08:05.0[A] -> GSI 32 (level, low) -> IRQ 32
[   51.456930] usbcore: registered new interface driver usbfs
[   51.456947] usbcore: registered new interface driver hub
[   51.457182] SCSI subsystem initialized
[   51.458068] usbcore: registered new device driver usb
[   51.459104] Fusion MPT base driver 3.04.06
[   51.459106] Copyright (c) 1999-2007 LSI Corporation
[   51.461123] Fusion MPT SAS Host driver 3.04.06
[   51.462534] USB Universal Host Controller Interface driver v3.0
[   51.730344] e1000: 0000:08:05.0: e1000_probe: (PCI-X:100MHz:64-bit) 00:14:22:ff:34:50
[   51.833550] e1000: eth0: e1000_probe: Intel(R) PRO/1000 Network Connection
[   51.833860] ACPI: PCI Interrupt 0000:08:05.1[B] -> GSI 33 (level, low) -> IRQ 33
[   52.130059] e1000: 0000:08:05.1: e1000_probe: (PCI-X:100MHz:64-bit) 00:14:22:ff:34:51
[   52.232028] e1000: eth1: e1000_probe: Intel(R) PRO/1000 Network Connection
[   52.232289] ACPI: PCI Interrupt 0000:0e:08.0[A] -> GSI 192 (level, low) -> IRQ 192
[   52.232299] mptbase: ioc0: Initiating bringup
[   52.232459] Broadcom NetXtreme II Gigabit Ethernet Driver bnx2 v1.6.9 (December 8, 2007)
[   52.232831] ACPI: PCI Interrupt 0000:06:00.0[A] -> GSI 16 (level, low) -> IRQ 16
[   52.233743] ACPI: PCI Interrupt 0000:00:1d.0[A] -> GSI 21 (level, low) -> IRQ 21
[   52.233761] PCI: Setting latency timer of device 0000:00:1d.0 to 64
[   52.233764] uhci_hcd 0000:00:1d.0: UHCI Host Controller
[   52.233995] uhci_hcd 0000:00:1d.0: new USB bus registered, assigned bus number 1
[   52.234021] uhci_hcd 0000:00:1d.0: irq 21, io base 0x0000bce0
[   52.234128] usb usb1: configuration #1 chosen from 1 choice
[   52.234144] hub 1-0:1.0: USB hub found
[   52.234148] hub 1-0:1.0: 2 ports detected
[   52.342476] ACPI: PCI Interrupt 0000:00:1d.1[B] -> GSI 20 (level, low) -> IRQ 20
[   52.342484] PCI: Setting latency timer of device 0000:00:1d.1 to 64
[   52.342487] uhci_hcd 0000:00:1d.1: UHCI Host Controller
[   52.342507] uhci_hcd 0000:00:1d.1: new USB bus registered, assigned bus number 2
[   52.342530] uhci_hcd 0000:00:1d.1: irq 20, io base 0x0000bcc0
[   52.342629] usb usb2: configuration #1 chosen from 1 choice
[   52.342646] hub 2-0:1.0: USB hub found
[   52.342671] hub 2-0:1.0: 2 ports detected
[   52.452408] ACPI: PCI Interrupt 0000:00:1d.7[A] -> GSI 21 (level, low) -> IRQ 21
[   52.453109] PCI: Setting latency timer of device 0000:00:1d.7 to 64
[   52.453115] ehci_hcd 0000:00:1d.7: EHCI Host Controller
[   52.453177] ehci_hcd 0000:00:1d.7: new USB bus registered, assigned bus number 3
[   52.457086] ehci_hcd 0000:00:1d.7: debug port 1
[   52.457090] PCI: cache line size of 32 is not supported by device 0000:00:1d.7
[   52.457095] ehci_hcd 0000:00:1d.7: irq 21, io mem 0xfc600000
[   52.473570] ehci_hcd 0000:00:1d.7: USB 2.0 started, EHCI 1.00, driver 10 Dec 2004
[   52.473673] usb usb3: configuration #1 chosen from 1 choice
[   52.473696] hub 3-0:1.0: USB hub found
[   52.473702] hub 3-0:1.0: 4 ports detected
[   52.831726] eth2: Broadcom NetXtreme II BCM5708 1000Base-SX (B1) PCI-X 64-bit 133MHz found at mem f4000000, IRQ 16, node
addr 00:15:c5:e4:17:93
[   53.182544] usb 1-2: new full speed USB device using uhci_hcd and address 2
[   53.363508] usb 1-2: configuration #1 chosen from 1 choice
[   53.772207] ioc0: LSISAS1068 B0: Capabilities={Initiator}
[   56.213132] scsi0 : ioc0: LSISAS1068 B0, FwRev=00063200h, Ports=1, MaxQ=511, IRQ=192
[   56.222220] scsi 0:0:0:0: Direct-Access     FUJITSU  MAY2036RC        D108 PQ: 0 ANSI: 3
[   56.225555] scsi 0:0:1:0: Direct-Access     FUJITSU  MAY2036RC        D108 PQ: 0 ANSI: 3
[   56.228495] scsi 0:1:0:0: Direct-Access     Dell     VIRTUAL DISK     1028 PQ: 0 ANSI: 5
[   56.228568] ACPI: PCI Interrupt 0000:02:00.0[A] -> GSI 16 (level, low) -> IRQ 16
[   56.233875] Driver 'sd' needs updating - please use bus_type methods
[   56.234233] sd 0:1:0:0: [sda] 70311936 512-byte hardware sectors (36000 MB)
[   56.234445] sd 0:1:0:0: [sda] Write Protect is off
[   56.234448] sd 0:1:0:0: [sda] Mode Sense: 03 00 00 08
[   56.234824] sd 0:1:0:0: [sda] Write cache: disabled, read cache: enabled, doesn't support DPO or FUA
[   56.235154] sd 0:1:0:0: [sda] 70311936 512-byte hardware sectors (36000 MB)
[   56.235349] sd 0:1:0:0: [sda] Write Protect is off
[   56.235350] sd 0:1:0:0: [sda] Mode Sense: 03 00 00 08
[   56.235712] sd 0:1:0:0: [sda] Write cache: disabled, read cache: enabled, doesn't support DPO or FUA
[   56.235715]  sda: sda1 sda2 < sda5 >
[   56.255023] sd 0:1:0:0: [sda] Attached SCSI disk
[   56.257635] scsi 0:0:0:0: Attached scsi generic sg0 type 0
[   56.257655] scsi 0:0:1:0: Attached scsi generic sg1 type 0
[   56.257675] sd 0:1:0:0: Attached scsi generic sg2 type 0
[   56.820741] eth3: Broadcom NetXtreme II BCM5708 1000Base-SX (B1) PCI-X 64-bit 133MHz found at mem f8000000, IRQ 16, node
addr 00:15:c5:e4:17:91
[   56.843313] usbcore: registered new interface driver libusual
[   56.845547] Initializing USB Mass Storage driver...
[   56.845618] scsi1 : SCSI emulation for USB Mass Storage devices
[   56.845656] usb-storage: device found at 2
[   56.845657] usb-storage: waiting for device to settle before scanning
[   56.845691] scsi2 : SCSI emulation for USB Mass Storage devices
[   56.845724] usb-storage: device found at 2
[   56.845725] usb-storage: waiting for device to settle before scanning
[   56.845731] usbcore: registered new interface driver usb-storage
[   56.845733] USB Mass Storage support registered.
[   61.457972] kjournald starting.  Commit interval 5 seconds
[   61.457980] EXT3-fs: mounted filesystem with ordered data mode.
[   61.847791] usb-storage: device scan complete
[   61.848778] usb-storage: device scan complete
[   61.854772] scsi 1:0:0:0: Direct-Access     Avocent  Virtual Floppy   1.00 PQ: 0 ANSI: 0 CCS
[   61.854776] scsi 2:0:0:0: CD-ROM            Avocent  Virtual CD/DVD   1.00 PQ: 0 ANSI: 0 CCS
[   61.864790] sd 1:0:0:0: [sdb] Attached SCSI removable disk
[   61.864822] sd 1:0:0:0: Attached scsi generic sg3 type 0
[   61.864895] scsi 2:0:0:0: Attached scsi generic sg4 type 5
[   63.165880] pci_hotplug: PCI Hot Plug PCI Core version: 0.5
[   63.220138] shpchp: Standard Hot Plug PCI Controller Driver version: 0.4
[   63.265863] iTCO_vendor_support: vendor-support=0
[   63.266972] iTCO_wdt: Intel TCO WatchDog Timer Driver v1.02 (26-Jul-2007)
[   63.267029] iTCO_wdt: Found a 631xESB/632xESB TCO device (Version=2, TCOBASE=0x0860)
[   63.267055] iTCO_wdt: initialized. heartbeat=30 sec (nowayout=0)
[   63.272564] input: PC Speaker as /devices/platform/pcspkr/input/input2
[   63.365208] EDAC MC: Ver: 2.1.0 Feb 29 2008
[   63.366810] EDAC MC0: Giving out device to 'i5000_edac.c' 'I5000': DEV 0000:00:10.0
[   63.366824] EDAC PCI0: Giving out device to module 'i5000_edac' controller 'EDAC PCI controller': DEV '0000:00:10.0' (POLLED)
[   63.368667] input: Power Button (FF) as /devices/virtual/input/input3
[   63.370015] intel_rng: FWH not detected
[   63.527332] Driver 'sr' needs updating - please use bus_type methods
[   63.536007] e1000: eth0: e1000_watchdog: NIC Link is Up 1000 Mbps Full Duplex, Flow Control: None
[   63.594075] sr0: scsi-1 drive
[   63.594079] Uniform CD-ROM driver Revision: 3.20
[   63.594117] sr 2:0:0:0: Attached scsi CD-ROM sr0
[   63.696879] ACPI: Power Button (FF) [PWRF]
[   63.775808] NET: Registered protocol family 10
[   63.776034] lo: Disabled Privacy Extensions
[   63.876096] input: ImExPS/2 Generic Explorer Mouse as /devices/platform/i8042/serio1/input/input4
[   64.017903] dcdbas dcdbas: Dell Systems Management Base Driver (version 5.6.0-3.2)
[   64.693961] loop: module loaded
[   64.718814] lp: driver loaded but no devices found
[   64.855826] Adding 1485972k swap on /dev/sda5.  Priority:-1 extents:1 across:1485972k
[   65.061562] EXT3 FS on sda1, internal journal
[   65.466923] ip_tables: (C) 2000-2006 Netfilter Core Team
[   74.259308] eth0: no IPv6 routers present

</pre>

==== Network ====

<pre>
 dmesg | grep eth + ifconfig -a 

[   51.833550] e1000: eth0: e1000_probe: Intel(R) PRO/1000 Network Connection
[   52.232028] e1000: eth1: e1000_probe: Intel(R) PRO/1000 Network Connection
[   52.831726] eth2: Broadcom NetXtreme II BCM5708 1000Base-SX (B1) PCI-X 64-bit 133MHz found at mem f4000000, IRQ 16, node addr 00:15:c5:e4:17:93
[   56.233875] Driver 'sd' needs updating - please use bus_type methods
[   56.820741] eth3: Broadcom NetXtreme II BCM5708 1000Base-SX (B1) PCI-X 64-bit 133MHz found at mem f8000000, IRQ 16, node addr 00:15:c5:e4:17:91
[   63.527332] Driver 'sr' needs updating - please use bus_type methods
[   63.536007] e1000: eth0: e1000_watchdog: NIC Link is Up 1000 Mbps Full Duplex, Flow Control: None
[   74.259308] eth0: no IPv6 routers present

eth0      Link encap:Ethernet  HWaddr 00:14:22:ff:34:50  
          inet addr:172.28.20.111  Bcast:172.28.20.255  Mask:255.255.255.0
          inet6 addr: fe80::214:22ff:feff:3450/64 Scope:Link
          UP BROADCAST RUNNING MULTICAST  MTU:1500  Metric:1
          RX packets:8567 errors:0 dropped:0 overruns:0 frame:0
          TX packets:5506 errors:0 dropped:0 overruns:0 carrier:0
          collisions:0 txqueuelen:1000 
          RX bytes:8099783 (7.7 MB)  TX bytes:788983 (770.4 KB)
          Base address:0xecc0 Memory:f3ee0000-f3f00000 

eth1      Link encap:Ethernet  HWaddr 00:14:22:ff:34:51  
          BROADCAST MULTICAST  MTU:1500  Metric:1
          RX packets:0 errors:0 dropped:0 overruns:0 frame:0
          TX packets:0 errors:0 dropped:0 overruns:0 carrier:0
          collisions:0 txqueuelen:1000 
          RX bytes:0 (0.0 B)  TX bytes:0 (0.0 B)
          Base address:0xec80 Memory:f3ec0000-f3ee0000 

eth2      Link encap:Ethernet  HWaddr 00:15:c5:e4:17:93  
          BROADCAST MULTICAST  MTU:1500  Metric:1
          RX packets:0 errors:0 dropped:0 overruns:0 frame:0
          TX packets:0 errors:0 dropped:0 overruns:0 carrier:0
          collisions:0 txqueuelen:1000 
          RX bytes:0 (0.0 B)  TX bytes:0 (0.0 B)
          Interrupt:16 Memory:f4000000-f4012100 

eth3      Link encap:Ethernet  HWaddr 00:15:c5:e4:17:91  
          BROADCAST MULTICAST  MTU:1500  Metric:1
          RX packets:0 errors:0 dropped:0 overruns:0 frame:0
          TX packets:0 errors:0 dropped:0 overruns:0 carrier:0
          collisions:0 txqueuelen:1000 
          RX bytes:0 (0.0 B)  TX bytes:0 (0.0 B)
          Interrupt:16 Memory:f8000000-f8012100 

lo        Link encap:Local Loopback  
          inet addr:127.0.0.1  Mask:255.0.0.0
          inet6 addr: ::1/128 Scope:Host
          UP LOOPBACK RUNNING  MTU:16436  Metric:1
          RX packets:34 errors:0 dropped:0 overruns:0 frame:0
          TX packets:34 errors:0 dropped:0 overruns:0 carrier:0
          collisions:0 txqueuelen:0 
          RX bytes:3606 (3.5 KB)  TX bytes:3606 (3.5 KB)
</pre>

----
CategoryTemplate
