{|
| '''Warning'''
* This is a '''readonly''' and '''text-based''' archive of a deprecated wiki.
* '''Images''' and '''attachments''' have been removed to conserve space.
* '''Links''' may not work and there may be formatting issues.
* A '''compressed''' version with images and the original syntax is in the repo '''Releases'''.
|}

__TOC__

=== Results ===

Tester: HassanElJacifi

{| class="wikitable"
|-
| Test
| Result
| LP Bug Number
|-
| Installation
| Pass
| 
|-
| /proc/cpuinfo information
| Pass
| 
|-
| Dual Core support
| Pass
| 
|-
| RAM detection
| Pass
| 
|-
| RAID detection
| Not_Available
| 
|-
| Disks detection
| Pass
| 
|-
| Hot-swap
| Not_Available
| 
|-
| Serial console
| Pass
| 
|-
| Vga output
| Pass
| 
|-
| Network cards detection
| Pass
| 
|-
| Mouse
| Pass
| 
|-
| CD/DVD drive
| Pass
| 
|-
| Floppy
| Not_Available
| 
|-
| Parallel ports
| Pass
| 
|}

=== Notice ===
When I try Hardy''''''20080303''''''Server''''''Amd64, the network interface was not detected and the disk drive was not detected.

=== Information ===

* The installer has finished without erros.
* The CPU layout is detected correctly.
* /proc/cpuinfo is correct:

<pre>
processor       : 0
vendor_id       : GenuineIntel
cpu family      : 6
model           : 15
model name      : Intel(R) Xeon(R) CPU            5130  @ 2.00GHz
stepping        : 6
cpu MHz         : 1995.000
cache size      : 4096 KB
physical id     : 0
siblings        : 2
core id         : 0
cpu cores       : 2
fpu             : yes
fpu_exception   : yes
cpuid level     : 10
wp              : yes
flags           : fpu vme de pse tsc msr pae mce cx8 apic sep mtrr pge mca cmov pat pse36 clflush dts acpi mmx fxsr sse sse2 ss ht tm pbe syscall nx lm constant_tsc arch_perfmon pebs bts rep_good pni monitor ds_cpl vmx tm2 ssse3 cx16 xtpr dca lahf_lm
bogomips        : 3992.43
clflush size    : 64
cache_alignment : 64
address sizes   : 36 bits physical, 48 bits virtual
power management:

processor       : 1
vendor_id       : GenuineIntel
cpu family      : 6
model           : 15
model name      : Intel(R) Xeon(R) CPU            5130  @ 2.00GHz
stepping        : 6
cpu MHz         : 1995.000
cache size      : 4096 KB
physical id     : 0
siblings        : 2
core id         : 1
cpu cores       : 2
fpu             : yes
fpu_exception   : yes
cpuid level     : 10
wp              : yes
flags           : fpu vme de pse tsc msr pae mce cx8 apic sep mtrr pge mca cmov pat pse36 clflush dts acpi mmx fxsr sse sse2 ss ht tm pbe syscall nx lm constant_tsc arch_perfmon pebs bts rep_good pni monitor ds_cpl vmx tm2 ssse3 cx16 xtpr dca lahf_lm
bogomips        : 3990.02
clflush size    : 64
cache_alignment : 64
address sizes   : 36 bits physical, 48 bits virtual
power management:
</pre>

* Memory layout is detected correctly:
<pre>
             total       used       free     shared    buffers     cached
Mem:          2009        140       1869          0          0         65
-/+ buffers/cache:         74       1935
Swap:         2863          0       2863
</pre>

* Physical hard drive is detected correctly:
<pre>
 dmesg | grep sda
[   85.085046] sd 0:0:0:0: [sda] 143374650 512-byte hardware sectors (73408 MB)
[   85.086245] sd 0:0:0:0: [sda] Write Protect is off
[   85.086247] sd 0:0:0:0: [sda] Mode Sense: c7 00 10 08
[   85.087262] sd 0:0:0:0: [sda] Write cache: disabled, read cache: enabled, supports DPO and FUA
[   85.087534] sd 0:0:0:0: [sda] 143374650 512-byte hardware sectors (73408 MB)
[   85.088728] sd 0:0:0:0: [sda] Write Protect is off
[   85.088730] sd 0:0:0:0: [sda] Mode Sense: c7 00 10 08
[   85.089725] sd 0:0:0:0: [sda] Write cache: disabled, read cache: enabled, supports DPO and FUA
[   85.089728]  sda: sda1 sda2 sda3 sda4 <<6>ehci_hcd 0000:00:1d.7: USB 2.0 started, EHCI 1.00, driver 10 Dec 2004
[   85.101913]  sda5 sda6 sda7 sda8 >
[   85.131705] sd 0:0:0:0: [sda] Attached SCSI disk
[   90.346337] XFS mounting filesystem sda3
[   90.391044] Ending clean XFS mount for filesystem: sda3
[  140.118047] Adding 2931852k swap on /dev/sda2.  Priority:-1 extents:1 across:2931852k
[  140.479954] EXT3 FS on sda1, internal journal
[  140.505922] XFS mounting filesystem sda8
[  140.561141] Ending clean XFS mount for filesystem: sda8
[  140.607952] XFS mounting filesystem sda7
[  140.655817] Ending clean XFS mount for filesystem: sda7
[  140.683364] XFS mounting filesystem sda5
[  140.730534] Ending clean XFS mount for filesystem: sda5
[  140.749951] XFS mounting filesystem sda6
[  140.800109] Ending clean XFS mount for filesystem: sda6
</pre>

<pre>
fdisk -l

Disk /dev/sda: 73.4 GB, 73407820800 bytes
255 heads, 63 sectors/track, 8924 cylinders
Units = cylinders of 16065 * 512 = 8225280 bytes
Disk identifier: 0x00000080

   Device Boot      Start         End      Blocks   Id  System
/dev/sda1   *           1          36      289138+  83  Linux
/dev/sda2              37         401     2931862+  82  Linux swap / Solaris
/dev/sda3             402        1009     4883760   83  Linux
/dev/sda4            1010        8924    63577237+   5  Extended
/dev/sda5            1010        1617     4883728+  83  Linux
/dev/sda6            1618        2225     4883728+  83  Linux
/dev/sda7            2226        2468     1951866   83  Linux
/dev/sda8            2469        8924    51857788+  83  Linux
</pre>

* dmesg

<pre>
[    0.000000] Initializing cgroup subsys cpuset
[    0.000000] Linux version 2.6.24-11-server (buildd@yellow) (gcc version 4.2.3 (Ubuntu 4.2.3-2ubuntu1)) #1 SMP Fri Feb 29 21:55:55 UTC 2008 (Ubuntu 2.6.24-11.17-server)
[    0.000000] Command line: root=UUID=40834709-2177-4a02-8802-11c90f8ff783 ro quiet splash
[    0.000000] BIOS-provided physical RAM map:
[    0.000000]  BIOS-e820: 0000000000000000 - 00000000000a0000 (usable)
[    0.000000]  BIOS-e820: 0000000000100000 - 000000007fb50000 (usable)
[    0.000000]  BIOS-e820: 000000007fb50000 - 000000007fb66000 (reserved)
[    0.000000]  BIOS-e820: 000000007fb66000 - 000000007fb85c00 (ACPI data)
[    0.000000]  BIOS-e820: 000000007fb85c00 - 0000000080000000 (reserved)
[    0.000000]  BIOS-e820: 00000000e0000000 - 00000000f0000000 (reserved)
[    0.000000]  BIOS-e820: 00000000fe000000 - 0000000100000000 (reserved)
[    0.000000] Entering add_active_range(0, 0, 160) 0 entries of 3200 used
[    0.000000] Entering add_active_range(0, 256, 523088) 1 entries of 3200 used
[    0.000000] end_pfn_map = 1048576
[    0.000000] DMI 2.4 present.
[    0.000000] ACPI: RSDP signature @ 0xFFFF8100000F1CE0 checksum 0
[    0.000000] ACPI: RSDP 000F1CE0, 0024 (r2 DELL  )
[    0.000000] ACPI: XSDT 000F1D7C, 0084 (r1 DELL   PE_SC3          1 DELL        1)
[    0.000000] ACPI: FACP 000F1EBC, 00F4 (r3 DELL   PE_SC3          1 DELL        1)
[    0.000000] ACPI: DSDT 7FB66000, 4958 (r1 DELL   PE_SC3          1 INTL 20050624)
[    0.000000] ACPI: FACS 7FB85C00, 0040
[    0.000000] ACPI: APIC 000F1FB0, 009E (r1 DELL   PE_SC3          1 DELL        1)
[    0.000000] ACPI: SPCR 000F2067, 0050 (r1 DELL   PE_SC3          1 DELL        1)
[    0.000000] ACPI: HPET 000F20B7, 0038 (r1 DELL   PE_SC3          1 DELL        1)
[    0.000000] ACPI: MCFG 000F20EF, 003C (r1 DELL   PE_SC3          1 DELL        1)
[    0.000000] ACPI: WD__ 000F212B, 0134 (r1 DELL   PE_SC3          1 DELL        1)
[    0.000000] ACPI: SLIC 000F225F, 0176 (r1 DELL   PE_SC3          1 DELL        1)
[    0.000000] ACPI: ERST 7FB6AAD8, 0210 (r1 DELL   PE_SC3          1 DELL        1)
[    0.000000] ACPI: HEST 7FB6ACE8, 027C (r1 DELL   PE_SC3          1 DELL        1)
[    0.000000] ACPI: BERT 7FB6A958, 0030 (r1 DELL   PE_SC3          1 DELL        1)
[    0.000000] ACPI: EINJ 7FB6A988, 0150 (r1 DELL   PE_SC3          1 DELL        1)
[    0.000000] ACPI: TCPA 000F23E1, 0064 (r1 DELL   PE_SC3          1 DELL        1)
[    0.000000] No NUMA configuration found
[    0.000000] Faking a node at 0000000000000000-000000007fb50000
[    0.000000] Entering add_active_range(0, 0, 160) 0 entries of 3200 used
[    0.000000] Entering add_active_range(0, 256, 523088) 1 entries of 3200 used
[    0.000000] Bootmem setup node 0 0000000000000000-000000007fb50000
[    0.000000] Zone PFN ranges:
[    0.000000]   DMA             0 ->     4096
[    0.000000]   DMA32        4096 ->  1048576
[    0.000000]   Normal    1048576 ->  1048576
[    0.000000] Movable zone start PFN for each node
[    0.000000] early_node_map[2] active PFN ranges
[    0.000000]     0:        0 ->      160
[    0.000000]     0:      256 ->   523088
[    0.000000] On node 0 totalpages: 522992
[    0.000000]   DMA zone: 56 pages used for memmap
[    0.000000]   DMA zone: 1324 pages reserved
[    0.000000]   DMA zone: 2620 pages, LIFO batch:0
[    0.000000]   DMA32 zone: 7095 pages used for memmap
[    0.000000]   DMA32 zone: 511897 pages, LIFO batch:31
[    0.000000]   Normal zone: 0 pages used for memmap
[    0.000000]   Movable zone: 0 pages used for memmap
[    0.000000] ACPI: PM-Timer IO Port: 0x808
[    0.000000] ACPI: Local APIC address 0xfee00000
[    0.000000] ACPI: LAPIC (acpi_id[0x01] lapic_id[0x00] enabled)
[    0.000000] Processor #0 (Bootup-CPU)
[    0.000000] ACPI: LAPIC (acpi_id[0x02] lapic_id[0x01] enabled)
[    0.000000] Processor #1
[    0.000000] ACPI: LAPIC (acpi_id[0x03] lapic_id[0x12] disabled)
[    0.000000] ACPI: LAPIC (acpi_id[0x04] lapic_id[0x13] disabled)
[    0.000000] ACPI: LAPIC (acpi_id[0x05] lapic_id[0x14] disabled)
[    0.000000] ACPI: LAPIC (acpi_id[0x06] lapic_id[0x15] disabled)
[    0.000000] ACPI: LAPIC (acpi_id[0x07] lapic_id[0x16] disabled)
[    0.000000] ACPI: LAPIC (acpi_id[0x08] lapic_id[0x17] disabled)
[    0.000000] ACPI: LAPIC_NMI (acpi_id[0xff] high edge lint[0x1])
[    0.000000] ACPI: IOAPIC (id[0x02] address[0xfec00000] gsi_base[0])
[    0.000000] IOAPIC[0]: apic_id 2, address 0xfec00000, GSI 0-23
[    0.000000] ACPI: IOAPIC (id[0x03] address[0xfec81000] gsi_base[64])
[    0.000000] IOAPIC[1]: apic_id 3, address 0xfec81000, GSI 64-87
[    0.000000] ACPI: INT_SRC_OVR (bus 0 bus_irq 0 global_irq 2 dfl dfl)
[    0.000000] ACPI: INT_SRC_OVR (bus 0 bus_irq 9 global_irq 9 high level)
[    0.000000] ACPI: IRQ0 used by override.
[    0.000000] ACPI: IRQ2 used by override.
[    0.000000] ACPI: IRQ9 used by override.
[    0.000000] Setting APIC routing to flat
[    0.000000] ACPI: HPET id: 0x8086a201 base: 0xfed00000
[    0.000000] Using ACPI (MADT) for SMP configuration information
[    0.000000] swsusp: Registered nosave memory region: 00000000000a0000 - 0000000000100000
[    0.000000] Allocating PCI resources starting at 88000000 (gap: 80000000:60000000)
[    0.000000] SMP: Allowing 8 CPUs, 6 hotplug CPUs
[    0.000000] PERCPU: Allocating 41952 bytes of per cpu data
[    0.000000] Built 1 zonelists in Node order, mobility grouping on.  Total pages: 514517
[    0.000000] Policy zone: DMA32
[    0.000000] Kernel command line: root=UUID=40834709-2177-4a02-8802-11c90f8ff783 ro quiet splash
[    0.000000] Initializing CPU#0
[    0.000000] PID hash table entries: 4096 (order: 12, 32768 bytes)
[    0.000000] Extended CMOS year: 2000
[    0.000000] hpet clockevent registered
[    0.000000] TSC calibrated against HPET
[   78.376127] time.c: Detected 1995.000 MHz processor.
[   78.378373] Console: colour VGA+ 80x25
[   78.378377] console [tty0] enabled
[   78.378394] Checking aperture...
[   78.378401] Calgary: detecting Calgary via BIOS EBDA area
[   78.378403] Calgary: Unable to locate Rio Grande table in EBDA - bailing!
[   78.398331] Memory: 2050412k/2092352k available (2523k kernel code, 41556k reserved, 1328k data, 328k init)
[   78.398368] SLUB: Genslabs=12, HWalign=64, Order=0-1, MinObjects=4, CPUs=8, Nodes=1
[   78.546023] Calibrating delay using timer specific routine.. 3992.43 BogoMIPS (lpj=19962157)
[   78.546054] Security Framework initialized
[   78.546062] SELinux:  Disabled at boot.
[   78.546074] AppArmor: AppArmor initialized
[   78.546077] Failure registering capabilities with primary security module.
[   78.546278] Dentry cache hash table entries: 262144 (order: 9, 2097152 bytes)
[   78.547537] Inode-cache hash table entries: 131072 (order: 8, 1048576 bytes)
[   78.548136] Mount-cache hash table entries: 256
[   78.548274] Initializing cgroup subsys ns
[   78.548280] Initializing cgroup subsys cpuacct
[   78.548295] CPU: L1 I cache: 32K, L1 D cache: 32K
[   78.548297] CPU: L2 cache: 4096K
[   78.548299] CPU 0/0 -> Node 0
[   78.548300] using mwait in idle threads.
[   78.548302] CPU: Physical Processor ID: 0
[   78.548303] CPU: Processor Core ID: 0
[   78.548310] CPU0: Thermal monitoring enabled (TM1)
[   78.548323] SMP alternatives: switching to UP code
[   78.549116] Early unpacking initramfs... done
[   78.872261] ACPI: Core revision 20070126
[   78.872304] ACPI: Looking for DSDT in initramfs... error, file /DSDT.aml not found.
[   78.974601] Using local APIC timer interrupts.
[   79.024703] APIC timer calibration result 20781251
[   79.024705] Detected 20.781 MHz APIC timer.
[   79.024785] SMP alternatives: switching to SMP code
[   79.025482] Booting processor 1/2 APIC 0x1
[   79.035930] Initializing CPU#1
[   79.184621] Calibrating delay using timer specific routine.. 3990.02 BogoMIPS (lpj=19950122)
[   79.184628] CPU: L1 I cache: 32K, L1 D cache: 32K
[   79.184630] CPU: L2 cache: 4096K
[   79.184632] CPU 1/1 -> Node 0
[   79.184634] CPU: Physical Processor ID: 0
[   79.184634] CPU: Processor Core ID: 1
[   79.184641] CPU1: Thermal monitoring enabled (TM2)
[   79.185153] Intel(R) Xeon(R) CPU            5130  @ 2.00GHz stepping 06
[   79.185196] checking TSC synchronization [CPU#0 -> CPU#1]: passed.
[   79.205221] Brought up 2 CPUs
[   79.205295] CPU0 attaching sched-domain:
[   79.205298]  domain 0: span 00000000,00000003
[   79.205300]   groups: 00000000,00000001 00000000,00000002
[   79.205303]   domain 1: span 00000000,00000003
[   79.205305]    groups: 00000000,00000003
[   79.205307] CPU1 attaching sched-domain:
[   79.205309]  domain 0: span 00000000,00000003
[   79.205310]   groups: 00000000,00000002 00000000,00000001
[   79.205314]   domain 1: span 00000000,00000003
[   79.205315]    groups: 00000000,00000003
[   79.205621] net_namespace: 120 bytes
[   79.206001] Time:  9:27:48  Date: 03/05/08
[   79.206054] NET: Registered protocol family 16
[   79.206263] ACPI: bus type pci registered
[   79.206332] PCI: Using configuration type 1
[   79.207164] ACPI: EC: Look up EC in DSDT
[   79.209612] ACPI: BIOS _OSI(Linux) query ignored
[   79.209614] ACPI: DMI System Vendor: Dell Inc.
[   79.209615] ACPI: DMI Product Name: PowerEdge 1950
[   79.209617] ACPI: DMI Product Version: 
[   79.209618] ACPI: DMI Board Name: 0UY611
[   79.209619] ACPI: DMI BIOS Vendor: Dell Inc.
[   79.209620] ACPI: DMI BIOS Date: 01/28/2008
[   79.209621] ACPI: Please send DMI info above to linux-acpi@vger.kernel.org
[   79.209623] ACPI: If "acpi_osi=Linux" works better, please notify linux-acpi@vger.kernel.org
[   79.209792] ACPI: Interpreter enabled
[   79.209794] ACPI: (supports S0 S4 S5)
[   79.209804] ACPI: Using IOAPIC for interrupt routing
[   79.214521] ACPI: PCI Root Bridge [PCI0] (0000:00)
[   79.232187] PCI: PXH quirk detected, disabling MSI for SHPC device
[   79.233215] PCI: Transparent bridge - 0000:00:1e.0
[   79.233250] ACPI: PCI Interrupt Routing Table [\_SB_.PCI0._PRT]
[   79.233805] ACPI: PCI Interrupt Routing Table [\_SB_.PCI0.PEX2._PRT]
[   79.233963] ACPI: PCI Interrupt Routing Table [\_SB_.PCI0.PEX2.UPST._PRT]
[   79.234069] ACPI: PCI Interrupt Routing Table [\_SB_.PCI0.PEX2.UPST.DWN1._PRT]
[   79.234226] ACPI: PCI Interrupt Routing Table [\_SB_.PCI0.PEX2.UPST.DWN2._PRT]
[   79.234382] ACPI: PCI Interrupt Routing Table [\_SB_.PCI0.PEX3._PRT]
[   79.234537] ACPI: PCI Interrupt Routing Table [\_SB_.PCI0.PEX3.PE2P._PRT]
[   79.234674] ACPI: PCI Interrupt Routing Table [\_SB_.PCI0.PEX4._PRT]
[   79.234831] ACPI: PCI Interrupt Routing Table [\_SB_.PCI0.PEX6._PRT]
[   79.234982] ACPI: PCI Interrupt Routing Table [\_SB_.PCI0.SBEX._PRT]
[   79.235139] ACPI: PCI Interrupt Routing Table [\_SB_.PCI0.COMP._PRT]
[   79.237820] ACPI: PCI Interrupt Link [LK00] (IRQs 3 4 5 *6 7 10 11 12)
[   79.237916] ACPI: PCI Interrupt Link [LK01] (IRQs 3 4 *5 6 7 10 11 12)
[   79.238008] ACPI: PCI Interrupt Link [LK02] (IRQs 3 4 5 6 7 10 11 12) *0, disabled.
[   79.238101] ACPI: PCI Interrupt Link [LK03] (IRQs 3 4 5 6 7 10 *11 12)
[   79.238193] ACPI: PCI Interrupt Link [LK04] (IRQs 3 4 5 6 7 *10 11 12)
[   79.238284] ACPI: PCI Interrupt Link [LK05] (IRQs 3 4 5 6 7 10 *11 12)
[   79.238374] ACPI: PCI Interrupt Link [LK06] (IRQs 3 4 5 6 7 10 11 12) *0, disabled.
[   79.238466] ACPI: PCI Interrupt Link [LK07] (IRQs 3 4 5 6 7 10 11 12) *0, disabled.
[   79.238587] Linux Plug and Play Support v0.97 (c) Adam Belay
[   79.238615] pnp: PnP ACPI init
[   79.238622] ACPI: bus type pnp registered
[   79.242739] pnp: PnP ACPI: found 12 devices
[   79.242741] ACPI: ACPI bus type pnp unregistered
[   79.242992] PCI: Using ACPI for IRQ routing
[   79.242994] PCI: If a device doesn't work, try "pci=routeirq".  If it helps, post a report
[   79.295241] NET: Registered protocol family 8
[   79.295243] NET: Registered protocol family 20
[   79.295272] NetLabel: Initializing
[   79.295273] NetLabel:  domain hash size = 128
[   79.295274] NetLabel:  protocols = UNLABELED CIPSOv4
[   79.295287] NetLabel:  unlabeled traffic allowed by default
[   79.295297] PCI-GART: No AMD northbridge found.
[   79.295300] hpet0: at MMIO 0xfed00000, IRQs 2, 8, 0
[   79.295304] hpet0: 3 64-bit timers, 14318180 Hz
[   79.296338] AppArmor: AppArmor Filesystem Enabled
[   79.304556] Time: tsc clocksource has been installed.
[   79.304565] Switched to high resolution mode on CPU 0
[   79.305160] Switched to high resolution mode on CPU 1
[   79.324579] system 00:08: ioport range 0x800-0x87f has been reserved
[   79.324581] system 00:08: ioport range 0x880-0x8bf has been reserved
[   79.324583] system 00:08: ioport range 0x8c0-0x8df has been reserved
[   79.324586] system 00:08: ioport range 0x8e0-0x8e3 has been reserved
[   79.324588] system 00:08: ioport range 0x900-0x900 has been reserved
[   79.324590] system 00:08: ioport range 0xc00-0xc7f has been reserved
[   79.324592] system 00:08: ioport range 0xca0-0xca7 has been reserved
[   79.324594] system 00:08: ioport range 0xca9-0xcab has been reserved
[   79.324597] system 00:08: ioport range 0xcad-0xcaf has been reserved
[   79.324601] system 00:09: ioport range 0xca8-0xca8 has been reserved
[   79.324604] system 00:09: ioport range 0xcac-0xcac has been reserved
[   79.324609] system 00:0a: iomem range 0xe0000000-0xefffffff could not be reserved
[   79.325406] PCI: Bridge: 0000:07:00.0
[   79.325407]   IO window: disabled.
[   79.325526]   MEM window: f4000000-f7ffffff
[   79.325617]   PREFETCH window: disabled.
[   79.325755] PCI: Bridge: 0000:06:00.0
[   79.325756]   IO window: disabled.
[   79.325892]   MEM window: f4000000-f7ffffff
[   79.325984]   PREFETCH window: disabled.
[   79.326122] PCI: Bridge: 0000:06:01.0
[   79.326123]   IO window: disabled.
[   79.326259]   MEM window: disabled.
[   79.326351]   PREFETCH window: disabled.
[   79.326489] PCI: Bridge: 0000:05:00.0
[   79.326490]   IO window: disabled.
[   79.326627]   MEM window: f4000000-f7ffffff
[   79.326718]   PREFETCH window: disabled.
[   79.326856] PCI: Bridge: 0000:05:00.3
[   79.326857]   IO window: disabled.
[   79.326948]   MEM window: disabled.
[   79.326994]   PREFETCH window: disabled.
[   79.327086] PCI: Bridge: 0000:00:02.0
[   79.327087]   IO window: disabled.
[   79.327090]   MEM window: f2000000-f7ffffff
[   79.327092]   PREFETCH window: disabled.
[   79.327096] PCI: Bridge: 0000:01:00.0
[   79.327098]   IO window: e000-efff
[   79.327101]   MEM window: fc900000-fcbfffff
[   79.327104]   PREFETCH window: disabled.
[   79.327107] PCI: Bridge: 0000:00:03.0
[   79.327109]   IO window: e000-efff
[   79.327112]   MEM window: fc800000-fcbfffff
[   79.327114]   PREFETCH window: disabled.
[   79.327118] PCI: Bridge: 0000:00:04.0
[   79.327119]   IO window: d000-dfff
[   79.327122]   MEM window: fc600000-fc7fffff
[   79.327125]   PREFETCH window: disabled.
[   79.327127] PCI: Bridge: 0000:00:05.0
[   79.327128]   IO window: disabled.
[   79.327131]   MEM window: disabled.
[   79.327133]   PREFETCH window: disabled.
[   79.327136] PCI: Bridge: 0000:00:06.0
[   79.327138]   IO window: c000-cfff
[   79.327141]   MEM window: fc400000-fc5fffff
[   79.327143]   PREFETCH window: disabled.
[   79.327146] PCI: Bridge: 0000:00:07.0
[   79.327147]   IO window: disabled.
[   79.327150]   MEM window: disabled.
[   79.327152]   PREFETCH window: disabled.
[   79.327155] PCI: Bridge: 0000:03:00.0
[   79.327156]   IO window: disabled.
[   79.327161]   MEM window: f8000000-fbffffff
[   79.327165]   PREFETCH window: disabled.
[   79.327170] PCI: Bridge: 0000:00:1c.0
[   79.327171]   IO window: disabled.
[   79.327175]   MEM window: f8000000-fbffffff
[   79.327177]   PREFETCH window: disabled.
[   79.327183] PCI: Bridge: 0000:00:1e.0
[   79.327185]   IO window: b000-bfff
[   79.327189]   MEM window: fc200000-fc3fffff
[   79.327192]   PREFETCH window: d8000000-dfffffff
[   79.327206] ACPI: PCI Interrupt 0000:00:02.0[A] -> GSI 16 (level, low) -> IRQ 16
[   79.327210] PCI: Setting latency timer of device 0000:00:02.0 to 64
[   79.327591] ACPI: PCI Interrupt 0000:05:00.0[A] -> GSI 16 (level, low) -> IRQ 16
[   79.327682] PCI: Setting latency timer of device 0000:05:00.0 to 64
[   79.328233] ACPI: PCI Interrupt 0000:06:00.0[A] -> GSI 16 (level, low) -> IRQ 16
[   79.328325] PCI: Setting latency timer of device 0000:06:00.0 to 64
[   79.328967] PCI: Setting latency timer of device 0000:07:00.0 to 64
[   79.329518] ACPI: PCI Interrupt 0000:06:01.0[A] -> GSI 16 (level, low) -> IRQ 16
[   79.329610] PCI: Setting latency timer of device 0000:06:01.0 to 64
[   79.330114] PCI: Setting latency timer of device 0000:05:00.3 to 64
[   79.330165] ACPI: PCI Interrupt 0000:00:03.0[A] -> GSI 16 (level, low) -> IRQ 16
[   79.330169] PCI: Setting latency timer of device 0000:00:03.0 to 64
[   79.330182] PCI: Setting latency timer of device 0000:01:00.0 to 64
[   79.330189] ACPI: PCI Interrupt 0000:00:04.0[A] -> GSI 16 (level, low) -> IRQ 16
[   79.330193] PCI: Setting latency timer of device 0000:00:04.0 to 64
[   79.330200] PCI: Setting latency timer of device 0000:00:05.0 to 64
[   79.330207] ACPI: PCI Interrupt 0000:00:06.0[A] -> GSI 16 (level, low) -> IRQ 16
[   79.330211] PCI: Setting latency timer of device 0000:00:06.0 to 64
[   79.330219] PCI: Setting latency timer of device 0000:00:07.0 to 64
[   79.330233] ACPI: PCI Interrupt 0000:00:1c.0[A] -> GSI 16 (level, low) -> IRQ 16
[   79.330237] PCI: Setting latency timer of device 0000:00:1c.0 to 64
[   79.330256] PCI: Setting latency timer of device 0000:03:00.0 to 64
[   79.330266] PCI: Setting latency timer of device 0000:00:1e.0 to 64
[   79.330274] NET: Registered protocol family 2
[   79.434610] IP route cache hash table entries: 65536 (order: 7, 524288 bytes)
[   79.435228] TCP established hash table entries: 262144 (order: 10, 4194304 bytes)
[   79.436988] TCP bind hash table entries: 65536 (order: 8, 1048576 bytes)
[   79.437528] TCP: Hash tables configured (established 262144 bind 65536)
[   79.437530] TCP reno registered
[   79.464670] checking if image is initramfs... it is
[   80.101982] Freeing initrd memory: 7162k freed
[   80.105139] audit: initializing netlink socket (disabled)
[   80.105151] audit(1204709268.680:1): initialized
[   80.105418] Total HugeTLB memory allocated, 0
[   80.107229] VFS: Disk quotas dquot_6.5.1
[   80.107302] Dquot-cache hash table entries: 512 (order 0, 4096 bytes)
[   80.107461] io scheduler noop registered
[   80.107463] io scheduler anticipatory registered
[   80.107465] io scheduler deadline registered (default)
[   80.107556] io scheduler cfq registered
[   80.109627] Boot video device is 0000:0f:0d.0
[   80.109798] PCI: Setting latency timer of device 0000:00:02.0 to 64
[   80.109825] assign_interrupt_mode Found MSI capability
[   80.109850] Allocate Port Service[0000:00:02.0:pcie00]
[   80.109919] PCI: Setting latency timer of device 0000:00:03.0 to 64
[   80.109945] assign_interrupt_mode Found MSI capability
[   80.109965] Allocate Port Service[0000:00:03.0:pcie00]
[   80.110042] PCI: Setting latency timer of device 0000:00:04.0 to 64
[   80.110069] assign_interrupt_mode Found MSI capability
[   80.110089] Allocate Port Service[0000:00:04.0:pcie00]
[   80.110153] PCI: Setting latency timer of device 0000:00:05.0 to 64
[   80.110179] assign_interrupt_mode Found MSI capability
[   80.110199] Allocate Port Service[0000:00:05.0:pcie00]
[   80.110263] PCI: Setting latency timer of device 0000:00:06.0 to 64
[   80.110290] assign_interrupt_mode Found MSI capability
[   80.110310] Allocate Port Service[0000:00:06.0:pcie00]
[   80.110373] PCI: Setting latency timer of device 0000:00:07.0 to 64
[   80.110399] assign_interrupt_mode Found MSI capability
[   80.110419] Allocate Port Service[0000:00:07.0:pcie00]
[   80.110486] PCI: Setting latency timer of device 0000:00:1c.0 to 64
[   80.110520] assign_interrupt_mode Found MSI capability
[   80.110549] Allocate Port Service[0000:00:1c.0:pcie00]
[   80.110846] PCI: Setting latency timer of device 0000:05:00.0 to 64
[   80.112407] Allocate Port Service[0000:05:00.0:pcie10]
[   80.114517] PCI: Setting latency timer of device 0000:06:00.0 to 64
[   80.116123] assign_interrupt_mode Found MSI capability
[   80.117501] Allocate Port Service[0000:06:00.0:pcie20]
[   80.119519] PCI: Setting latency timer of device 0000:06:01.0 to 64
[   80.121125] assign_interrupt_mode Found MSI capability
[   80.122502] Allocate Port Service[0000:06:01.0:pcie20]
[   80.145603] Real Time Clock Driver v1.12ac
[   80.145775] hpet_resources: 0xfed00000 is busy
[   80.145792] Linux agpgart interface v0.102
[   80.145794] Serial: 8250/16550 driver $Revision: 1.90 $ 4 ports, IRQ sharing enabled
[   80.145923] serial8250: ttyS0 at I/O 0x3f8 (irq = 4) is a 16550A
[   80.146041] serial8250: ttyS1 at I/O 0x2f8 (irq = 3) is a 16550A
[   80.146490] 00:06: ttyS0 at I/O 0x3f8 (irq = 4) is a 16550A
[   80.146669] 00:07: ttyS1 at I/O 0x2f8 (irq = 3) is a 16550A
[   80.147360] RAMDISK driver initialized: 16 RAM disks of 65536K size 1024 blocksize
[   80.147423] input: Macintosh mouse button emulation as /devices/virtual/input/input0
[   80.147545] PNP: No PS/2 controller found. Probing ports directly.
[   80.150141] serio: i8042 KBD port at 0x60,0x64 irq 1
[   80.150146] serio: i8042 AUX port at 0x60,0x64 irq 12
[   80.194510] mice: PS/2 mouse device common for all mice
[   80.194548] cpuidle: using governor ladder
[   80.194550] cpuidle: using governor menu
[   80.194694] NET: Registered protocol family 1
[   80.194745] registered taskstats version 1
[   80.194882]   Magic number: 0:235:474
[   80.194963] /build/buildd/linux-2.6.24/drivers/rtc/hctosys.c: unable to open rtc device (rtc0)
[   80.194965] BIOS EDD facility v0.16 2004-Jun-25, 6 devices found
[   80.195152] Freeing unused kernel memory: 328k freed
[   80.316554] fuse init (API version 7.9)
[   80.324886] ACPI Exception (processor_core-0816): AE_NOT_FOUND, Processor Device is not present [20070126]
[   80.324898] ACPI Exception (processor_core-0816): AE_NOT_FOUND, Processor Device is not present [20070126]
[   80.324907] ACPI Exception (processor_core-0816): AE_NOT_FOUND, Processor Device is not present [20070126]
[   80.324915] ACPI Exception (processor_core-0816): AE_NOT_FOUND, Processor Device is not present [20070126]
[   80.324924] ACPI Exception (processor_core-0816): AE_NOT_FOUND, Processor Device is not present [20070126]
[   80.324934] ACPI Exception (processor_core-0816): AE_NOT_FOUND, Processor Device is not present [20070126]
[   80.568064] Intel(R) PRO/1000 Network Driver - version 7.3.20-k2-NAPI
[   80.568069] Copyright (c) 1999-2006 Intel Corporation.
[   80.568125] ACPI: PCI Interrupt 0000:0b:00.0[A] -> GSI 16 (level, low) -> IRQ 16
[   80.568138] PCI: Setting latency timer of device 0000:0b:00.0 to 64
[   80.627951] e1000: 0000:0b:00.0: e1000_probe: (PCI Express:2.5Gb/s:Width x4) 00:15:17:0e:bd:90
[   80.694259] SCSI subsystem initialized
[   80.710975] libata version 3.00 loaded.
[   80.711006] Fusion MPT base driver 3.04.06
[   80.711007] Copyright (c) 1999-2007 LSI Corporation
[   80.713749] Fusion MPT SAS Host driver 3.04.06
[   80.726286] e1000: eth0: e1000_probe: Intel(R) PRO/1000 Network Connection
[   80.726320] ACPI: PCI Interrupt 0000:0b:00.1[B] -> GSI 17 (level, low) -> IRQ 17
[   80.726332] PCI: Setting latency timer of device 0000:0b:00.1 to 64
[   80.761763] usbcore: registered new interface driver usbfs
[   80.761784] usbcore: registered new interface driver hub
[   80.762535] usbcore: registered new device driver usb
[   80.786726] e1000: 0000:0b:00.1: e1000_probe: (PCI Express:2.5Gb/s:Width x4) 00:15:17:0e:bd:91
[   80.792924] USB Universal Host Controller Interface driver v3.0
[   80.886042] e1000: eth1: e1000_probe: Intel(R) PRO/1000 Network Connection
[   80.886072] ACPI: PCI Interrupt 0000:0d:00.0[A] -> GSI 16 (level, low) -> IRQ 16
[   80.886084] PCI: Setting latency timer of device 0000:0d:00.0 to 64
[   80.946359] e1000: 0000:0d:00.0: e1000_probe: (PCI Express:2.5Gb/s:Width x4) 00:15:17:0e:bd:c0
[   81.045956] e1000: eth2: e1000_probe: Intel(R) PRO/1000 Network Connection
[   81.045984] ACPI: PCI Interrupt 0000:0d:00.1[B] -> GSI 17 (level, low) -> IRQ 17
[   81.045994] PCI: Setting latency timer of device 0000:0d:00.1 to 64
[   81.106465] e1000: 0000:0d:00.1: e1000_probe: (PCI Express:2.5Gb/s:Width x4) 00:15:17:0e:bd:c1
[   81.205889] e1000: eth3: e1000_probe: Intel(R) PRO/1000 Network Connection
[   81.206016] Broadcom NetXtreme II Gigabit Ethernet Driver bnx2 v1.6.9 (December 8, 2007)
[   81.206396] ACPI: PCI Interrupt 0000:08:00.0[A] -> GSI 16 (level, low) -> IRQ 16
[   81.209923] ACPI: PCI Interrupt 0000:00:1d.0[A] -> GSI 21 (level, low) -> IRQ 21
[   81.209934] PCI: Setting latency timer of device 0000:00:1d.0 to 64
[   81.209937] uhci_hcd 0000:00:1d.0: UHCI Host Controller
[   81.210140] uhci_hcd 0000:00:1d.0: new USB bus registered, assigned bus number 1
[   81.210167] uhci_hcd 0000:00:1d.0: irq 21, io base 0x0000ace0
[   81.210286] usb usb1: configuration #1 chosen from 1 choice
[   81.210307] hub 1-0:1.0: USB hub found
[   81.210312] hub 1-0:1.0: 2 ports detected
[   81.313510] ACPI: PCI Interrupt 0000:00:1d.1[B] -> GSI 20 (level, low) -> IRQ 20
[   81.313520] PCI: Setting latency timer of device 0000:00:1d.1 to 64
[   81.313523] uhci_hcd 0000:00:1d.1: UHCI Host Controller
[   81.313553] uhci_hcd 0000:00:1d.1: new USB bus registered, assigned bus number 2
[   81.313579] uhci_hcd 0000:00:1d.1: irq 20, io base 0x0000acc0
[   81.313668] usb usb2: configuration #1 chosen from 1 choice
[   81.313687] hub 2-0:1.0: USB hub found
[   81.313692] hub 2-0:1.0: 2 ports detected
[   81.423420] ACPI: PCI Interrupt 0000:00:1d.2[C] -> GSI 21 (level, low) -> IRQ 21
[   81.423426] PCI: Setting latency timer of device 0000:00:1d.2 to 64
[   81.423429] uhci_hcd 0000:00:1d.2: UHCI Host Controller
[   81.423445] uhci_hcd 0000:00:1d.2: new USB bus registered, assigned bus number 3
[   81.423466] uhci_hcd 0000:00:1d.2: irq 21, io base 0x0000aca0
[   81.423545] usb usb3: configuration #1 chosen from 1 choice
[   81.423562] hub 3-0:1.0: USB hub found
[   81.423566] hub 3-0:1.0: 2 ports detected
[   81.703831] usb 2-2: new low speed USB device using uhci_hcd and address 2
[   81.803378] eth4: Broadcom NetXtreme II BCM5708 1000Base-T (B1) PCI-X 64-bit 133MHz found at mem f4000000, IRQ 16, node addr 00:13:72:fb:f9:1d
[   81.803411] ACPI: PCI Interrupt 0000:04:00.0[A] -> GSI 16 (level, low) -> IRQ 16
[   81.804215] ACPI: PCI Interrupt 0000:02:08.0[A] -> GSI 64 (level, low) -> IRQ 64
[   81.804236] mptbase: ioc0: Initiating bringup
[   81.892364] usb 2-2: configuration #1 chosen from 1 choice
[   82.403690] eth5: Broadcom NetXtreme II BCM5708 1000Base-T (B1) PCI-X 64-bit 133MHz found at mem f8000000, IRQ 16, node addr 00:13:72:fb:f9:1b
[   83.342274] ioc0: LSISAS1068 B0: Capabilities={Initiator}
[   83.782032] floppy0: no floppy controllers found
[   85.042679] scsi0 : ioc0: LSISAS1068 B0, FwRev=00062800h, Ports=1, MaxQ=511, IRQ=64
[   85.070868] scsi 0:0:0:0: Direct-Access     MAXTOR   ATLAS10K5_073SAS BP00 PQ: 0 ANSI: 5
[   85.074491] ACPI: PCI Interrupt 0000:00:1d.7[A] -> GSI 21 (level, low) -> IRQ 21
[   85.075374] PCI: Setting latency timer of device 0000:00:1d.7 to 64
[   85.075380] ehci_hcd 0000:00:1d.7: EHCI Host Controller
[   85.075425] ehci_hcd 0000:00:1d.7: new USB bus registered, assigned bus number 4
[   85.079323] ehci_hcd 0000:00:1d.7: debug port 1
[   85.079328] PCI: cache line size of 32 is not supported by device 0000:00:1d.7
[   85.079335] ehci_hcd 0000:00:1d.7: irq 21, io mem 0xfcc00000
[   85.084587] Driver 'sd' needs updating - please use bus_type methods
[   85.085046] sd 0:0:0:0: [sda] 143374650 512-byte hardware sectors (73408 MB)
[   85.086245] sd 0:0:0:0: [sda] Write Protect is off
[   85.086247] sd 0:0:0:0: [sda] Mode Sense: c7 00 10 08
[   85.087262] sd 0:0:0:0: [sda] Write cache: disabled, read cache: enabled, supports DPO and FUA
[   85.087534] sd 0:0:0:0: [sda] 143374650 512-byte hardware sectors (73408 MB)
[   85.088728] sd 0:0:0:0: [sda] Write Protect is off
[   85.088730] sd 0:0:0:0: [sda] Mode Sense: c7 00 10 08
[   85.089725] sd 0:0:0:0: [sda] Write cache: disabled, read cache: enabled, supports DPO and FUA
[   85.089728]  sda: sda1 sda2 sda3 sda4 <<6>ehci_hcd 0000:00:1d.7: USB 2.0 started, EHCI 1.00, driver 10 Dec 2004
[   85.101404] usb usb4: configuration #1 chosen from 1 choice
[   85.101426] hub 4-0:1.0: USB hub found
[   85.101432] hub 4-0:1.0: 6 ports detected
[   85.101913]  sda5 sda6 sda7 sda8 >
[   85.131705] sd 0:0:0:0: [sda] Attached SCSI disk
[   85.134273] sd 0:0:0:0: Attached scsi generic sg0 type 0
[   85.211325] ata_piix 0000:00:1f.1: version 2.12
[   85.211350] ACPI: PCI Interrupt 0000:00:1f.1[A] -> GSI 16 (level, low) -> IRQ 16
[   85.211384] PCI: Setting latency timer of device 0000:00:1f.1 to 64
[   85.211822] scsi1 : ata_piix
[   85.211886] scsi2 : ata_piix
[   85.211909] ata1: PATA max UDMA/100 cmd 0x1f0 ctl 0x3f6 bmdma 0xfc00 irq 14
[   85.211912] ata2: PATA max UDMA/100 cmd 0x170 ctl 0x376 bmdma 0xfc08 irq 15
[   85.441730] usb 2-2: USB disconnect, address 2
[   85.551351] ata1.00: ATAPI: PHILIPS DVD-ROM SDR089, TD36, max UDMA/33
[   85.751166] ata1.00: configured for UDMA/33
[   85.751205] ata2: port disabled. ignoring.
[   85.751820] scsi 1:0:0:0: CD-ROM            PHILIPS  DVD-ROM SDR089   TD36 PQ: 0 ANSI: 5
[   85.751882] scsi 1:0:0:0: Attached scsi generic sg1 type 5
[   85.759205] Driver 'sr' needs updating - please use bus_type methods
[   85.769560] sr0: scsi3-mmc drive: 24x/24x cd/rw xa/form2 cdda tray
[   85.769562] Uniform CD-ROM driver Revision: 3.20
[   85.769598] sr 1:0:0:0: Attached scsi CD-ROM sr0
[   85.880836] usb 4-1: new high speed USB device using ehci_hcd and address 2
[   86.031808] usb 4-1: configuration #1 chosen from 1 choice
[   86.031874] hub 4-1:1.0: USB hub found
[   86.031979] hub 4-1:1.0: 2 ports detected
[   86.641030] usb 4-5: new high speed USB device using ehci_hcd and address 4
[   86.790753] usb 4-5: configuration #1 chosen from 1 choice
[   86.790829] hub 4-5:1.0: USB hub found
[   86.790937] hub 4-5:1.0: 4 ports detected
[   87.140873] usb 4-1.1: new full speed USB device using ehci_hcd and address 5
[   87.252251] usb 4-1.1: configuration #1 chosen from 1 choice
[   87.490054] usb 4-1.2: new high speed USB device using ehci_hcd and address 6
[   87.600807] usb 4-1.2: configuration #1 chosen from 1 choice
[   87.601191] usbcore: registered new interface driver hiddev
[   87.879702] usb 2-2: new low speed USB device using uhci_hcd and address 3
[   88.069953] usb 2-2: configuration #1 chosen from 1 choice
[   88.074801] input: Dell DRAC5 as /devices/pci0000:00/0000:00:1d.7/usb4/4-1/4-1.1/4-1.1:1.0/input/input1
[   88.119606] input,hidraw0: USB HID v1.10 Keyboard [Dell DRAC5] on usb-0000:00:1d.7-1.1
[   88.120867] input: Dell DRAC5 as /devices/pci0000:00/0000:00:1d.7/usb4/4-1/4-1.1/4-1.1:1.1/input/input2
[   88.199541] input,hidraw1: USB HID v1.10 Mouse [Dell DRAC5] on usb-0000:00:1d.7-1.1
[   88.214013] input: LITE-ON Technology Dell USB/PS2 Combo Rackmount Keyboard as /devices/pci0000:00/0000:00:1d.1/usb2/2-2/2-2:1.0/input/input3
[   88.260130] input,hidraw2: USB HID v1.00 Keyboard [LITE-ON Technology Dell USB/PS2 Combo Rackmount Keyboard] on usb-0000:00:1d.1-2
[   88.272934] input: LITE-ON Technology Dell USB/PS2 Combo Rackmount Keyboard as /devices/pci0000:00/0000:00:1d.1/usb2/2-2/2-2:1.1/input/input4
[   88.329475] input,hidraw3: USB HID v1.10 Mouse [LITE-ON Technology Dell USB/PS2 Combo Rackmount Keyboard] on usb-0000:00:1d.1-2
[   88.329488] usbcore: registered new interface driver usbhid
[   88.329491] /build/buildd/linux-2.6.24/drivers/hid/usbhid/hid-core.c: v2.6:USB HID core driver
[   88.329571] usbcore: registered new interface driver libusual
[   88.333346] Initializing USB Mass Storage driver...
[   88.333400] scsi3 : SCSI emulation for USB Mass Storage devices
[   88.333453] usb-storage: device found at 6
[   88.333454] usb-storage: waiting for device to settle before scanning
[   88.333475] scsi4 : SCSI emulation for USB Mass Storage devices
[   88.333518] usbcore: registered new interface driver usb-storage
[   88.333520] USB Mass Storage support registered.
[   88.333587] usb-storage: device found at 6
[   88.333589] usb-storage: waiting for device to settle before scanning
[   90.332119] SGI XFS with ACLs, security attributes, realtime, large block/inode numbers, no debug enabled
[   90.332490] SGI XFS Quota Management subsystem
[   90.346337] XFS mounting filesystem sda3
[   90.391044] Ending clean XFS mount for filesystem: sda3
[   92.905902] iTCO_vendor_support: vendor-support=0
[   92.907390] iTCO_wdt: Intel TCO WatchDog Timer Driver v1.02 (26-Jul-2007)
[   92.907468] iTCO_wdt: Found a 631xESB/632xESB TCO device (Version=2, TCOBASE=0x0860)
[   92.907498] iTCO_wdt: initialized. heartbeat=30 sec (nowayout=0)
[   92.937594] input: PC Speaker as /devices/platform/pcspkr/input/input5
[   92.977519] pci_hotplug: PCI Hot Plug PCI Core version: 0.5
[   93.018236] shpchp: Standard Hot Plug PCI Controller Driver version: 0.4
[   93.057514] dcdbas dcdbas: Dell Systems Management Base Driver (version 5.6.0-3.2)
[   93.137382] EDAC MC: Ver: 2.1.0 Feb 29 2008
[   93.183639] i5000_edac: Unknown symbol edac_mc_del_mc
[   93.183693] i5000_edac: Unknown symbol edac_mc_add_mc
[   93.183732] i5000_edac: Unknown symbol edac_pci_create_generic_ctl
[   93.183751] i5000_edac: Unknown symbol edac_mc_alloc
[   93.183768] i5000_edac: Unknown symbol edac_mc_handle_fbd_ce
[   93.183786] i5000_edac: Unknown symbol edac_mc_free
[   93.183832] i5000_edac: Unknown symbol edac_pci_release_generic_ctl
[   93.183850] i5000_edac: Unknown symbol edac_mc_handle_fbd_ue
[   93.184223] i5000_edac: Unknown symbol edac_mc_del_mc
[   93.184274] i5000_edac: Unknown symbol edac_mc_add_mc
[   93.184313] i5000_edac: Unknown symbol edac_pci_create_generic_ctl
[   93.184331] i5000_edac: Unknown symbol edac_mc_alloc
[   93.184348] i5000_edac: Unknown symbol edac_mc_handle_fbd_ce
[   93.184367] i5000_edac: Unknown symbol edac_mc_free
[   93.184412] i5000_edac: Unknown symbol edac_pci_release_generic_ctl
[   93.184430] i5000_edac: Unknown symbol edac_mc_handle_fbd_ue
[   93.193182] intel_rng: FWH not detected
[   93.208083] input: Power Button (FF) as /devices/virtual/input/input6
[   93.248395] EDAC MC0: Giving out device to 'i5000_edac.c' 'I5000': DEV 0000:00:10.0
[   93.248421] EDAC PCI0: Giving out device to module 'i5000_edac' controller 'EDAC PCI controller': DEV '0000:00:10.0' (POLLED)
[   93.326879] usb-storage: device scan complete
[   93.327356] scsi 4:0:0:0: Direct-Access     Dell     Virtual  Floppy  123  PQ: 0 ANSI: 0 CCS
[   93.328628] sd 4:0:0:0: [sdb] Attached SCSI removable disk
[   93.328663] sd 4:0:0:0: Attached scsi generic sg2 type 0
[   93.337246] usb-storage: device scan complete
[   93.337728] scsi 3:0:0:0: CD-ROM            Dell     Virtual  CDROM   123  PQ: 0 ANSI: 0 CCS
[   93.380805] sr1: scsi-1 drive
[   93.380847] sr 3:0:0:0: Attached scsi CD-ROM sr1
[   93.380883] sr 3:0:0:0: Attached scsi generic sg3 type 5
[   93.657115] ACPI: Power Button (FF) [PWRF]
[   94.146149] bnx2: eth4: using MSI
[   95.895162] floppy0: no floppy controllers found
[  139.839170] loop: module loaded
[  139.868380] lp: driver loaded but no devices found
[  140.118047] Adding 2931852k swap on /dev/sda2.  Priority:-1 extents:1 across:2931852k
[  140.476896] kjournald starting.  Commit interval 5 seconds
[  140.479954] EXT3 FS on sda1, internal journal
[  140.479958] EXT3-fs: mounted filesystem with ordered data mode.
[  140.505922] XFS mounting filesystem sda8
[  140.561141] Ending clean XFS mount for filesystem: sda8
[  140.607952] XFS mounting filesystem sda7
[  140.655817] Ending clean XFS mount for filesystem: sda7
[  140.683364] XFS mounting filesystem sda5
[  140.730534] Ending clean XFS mount for filesystem: sda5
[  140.749951] XFS mounting filesystem sda6
[  140.800109] Ending clean XFS mount for filesystem: sda6
[  141.243496] ip_tables: (C) 2000-2006 Netfilter Core Team
[  142.078218] NET: Registered protocol family 10
[  142.078480] lo: Disabled Privacy Extensions
[  142.079719] ADDRCONF(NETDEV_UP): eth4: link is not ready
[  221.603401] bnx2: eth4 NIC Copper Link is Up, 1000 Mbps full duplex
[  221.606488] ADDRCONF(NETDEV_CHANGE): eth4: link becomes ready
[  231.868659] eth4: no IPv6 routers present
</pre>

* lspci -vvnn
<pre>
00:00.0 Host bridge [0600]: Intel Corporation 5000X Chipset Memory Controller Hub [8086:25c0] (rev 12)
        Subsystem: Intel Corporation Unknown device [8086:8086]
        Control: I/O- Mem- BusMaster+ SpecCycle- MemWINV- VGASnoop- ParErr+ Stepping- SERR+ FastB2B-
        Status: Cap+ 66MHz- UDF- FastB2B- ParErr- DEVSEL=fast >TAbort- <TAbort- <MAbort- >SERR- <PERR-
        Latency: 0, Cache Line Size: 64 bytes
        Interrupt: pin A routed to IRQ 0
        Capabilities: [50] Power Management version 2
                Flags: PMEClk- DSI- D1- D2- AuxCurrent=0mA PME(D0+,D1-,D2-,D3hot+,D3cold+)
                Status: D0 PME-Enable- DSel=0 DScale=0 PME-
        Capabilities: [58] Message Signalled Interrupts: Mask- 64bit- Queue=0/1 Enable-
                Address: fee00000  Data: 0000
        Capabilities: [6c] Express Root Port (Slot-) IRQ 0
                Device: Supported: MaxPayload 256 bytes, PhantFunc 0, ExtTag-
                Device: Latency L0s unlimited, L1 unlimited
                Device: Errors: Correctable- Non-Fatal- Fatal+ Unsupported-
                Device: RlxdOrd- ExtTag- PhantFunc- AuxPwr- NoSnoop+
                Device: MaxPayload 128 bytes, MaxReadReq 128 bytes
                Link: Supported Speed 2.5Gb/s, Width x4, ASPM L0s, Port 0
                Link: Latency L0s unlimited, L1 unlimited
                Link: ASPM Disabled RCB 64 bytes CommClk- ExtSynch-
                Link: Speed 2.5Gb/s, Width x4
                Root: Correctable- Non-Fatal- Fatal- PME-

00:02.0 PCI bridge [0604]: Intel Corporation 5000 Series Chipset PCI Express x4 Port 2 [8086:25e2] (rev 12) (prog-if 00 [Normal decode])
        Control: I/O+ Mem+ BusMaster+ SpecCycle- MemWINV- VGASnoop- ParErr+ Stepping- SERR+ FastB2B-
        Status: Cap+ 66MHz- UDF- FastB2B- ParErr- DEVSEL=fast >TAbort- <TAbort- <MAbort- >SERR- <PERR-
        Latency: 0, Cache Line Size: 64 bytes
        Bus: primary=00, secondary=05, subordinate=0a, sec-latency=0
        I/O behind bridge: 0000f000-00000fff
        Memory behind bridge: f2000000-f7ffffff
        Prefetchable memory behind bridge: 00000000fff00000-00000000000fffff
        Secondary status: 66MHz- FastB2B- ParErr- DEVSEL=fast >TAbort- <TAbort- <MAbort+ <SERR- <PERR-
        BridgeCtl: Parity+ SERR+ NoISA- VGA- MAbort- >Reset- FastB2B-
        Capabilities: [50] Power Management version 2
                Flags: PMEClk- DSI- D1- D2- AuxCurrent=0mA PME(D0+,D1-,D2-,D3hot+,D3cold+)
                Status: D0 PME-Enable- DSel=0 DScale=0 PME-
        Capabilities: [58] Message Signalled Interrupts: Mask- 64bit- Queue=0/1 Enable+
                Address: fee0300c  Data: 4151
        Capabilities: [6c] Express Root Port (Slot-) IRQ 0
                Device: Supported: MaxPayload 256 bytes, PhantFunc 0, ExtTag-
                Device: Latency L0s unlimited, L1 unlimited
                Device: Errors: Correctable+ Non-Fatal+ Fatal+ Unsupported+
                Device: RlxdOrd- ExtTag- PhantFunc- AuxPwr- NoSnoop+
                Device: MaxPayload 128 bytes, MaxReadReq 128 bytes
                Link: Supported Speed 2.5Gb/s, Width x4, ASPM L0s, Port 2
                Link: Latency L0s unlimited, L1 unlimited
                Link: ASPM Disabled RCB 64 bytes CommClk- ExtSynch-
                Link: Speed 2.5Gb/s, Width x4
                Root: Correctable- Non-Fatal- Fatal- PME-

00:03.0 PCI bridge [0604]: Intel Corporation 5000 Series Chipset PCI Express x4 Port 3 [8086:25e3] (rev 12) (prog-if 00 [Normal decode])
        Control: I/O+ Mem+ BusMaster+ SpecCycle- MemWINV- VGASnoop- ParErr+ Stepping- SERR+ FastB2B-
        Status: Cap+ 66MHz- UDF- FastB2B- ParErr- DEVSEL=fast >TAbort- <TAbort- <MAbort- >SERR- <PERR-
        Latency: 0, Cache Line Size: 64 bytes
        Bus: primary=00, secondary=01, subordinate=02, sec-latency=0
        I/O behind bridge: 0000e000-0000efff
        Memory behind bridge: fc800000-fcbfffff
        Prefetchable memory behind bridge: 00000000fff00000-00000000000fffff
        Secondary status: 66MHz- FastB2B- ParErr- DEVSEL=fast >TAbort- <TAbort- <MAbort- <SERR- <PERR-
        BridgeCtl: Parity+ SERR+ NoISA- VGA- MAbort- >Reset- FastB2B-
        Capabilities: [50] Power Management version 2
                Flags: PMEClk- DSI- D1- D2- AuxCurrent=0mA PME(D0+,D1-,D2-,D3hot+,D3cold+)
                Status: D0 PME-Enable- DSel=0 DScale=0 PME-
        Capabilities: [58] Message Signalled Interrupts: Mask- 64bit- Queue=0/1 Enable+
                Address: fee0300c  Data: 4159
        Capabilities: [6c] Express Root Port (Slot-) IRQ 0
                Device: Supported: MaxPayload 256 bytes, PhantFunc 0, ExtTag-
                Device: Latency L0s unlimited, L1 unlimited
                Device: Errors: Correctable+ Non-Fatal+ Fatal+ Unsupported+
                Device: RlxdOrd- ExtTag- PhantFunc- AuxPwr- NoSnoop+
                Device: MaxPayload 256 bytes, MaxReadReq 128 bytes
                Link: Supported Speed 2.5Gb/s, Width x4, ASPM L0s, Port 3
                Link: Latency L0s unlimited, L1 unlimited
                Link: ASPM Disabled RCB 64 bytes CommClk- ExtSynch-
                Link: Speed 2.5Gb/s, Width x4
                Root: Correctable- Non-Fatal- Fatal- PME-

00:04.0 PCI bridge [0604]: Intel Corporation 5000 Series Chipset PCI Express x8 Port 4-5 [8086:25f8] (rev 12) (prog-if 00 [Normal decode])
        Control: I/O+ Mem+ BusMaster+ SpecCycle- MemWINV- VGASnoop- ParErr+ Stepping- SERR+ FastB2B-
        Status: Cap+ 66MHz- UDF- FastB2B- ParErr- DEVSEL=fast >TAbort- <TAbort- <MAbort- >SERR- <PERR-
        Latency: 0, Cache Line Size: 64 bytes
        Bus: primary=00, secondary=0b, subordinate=0b, sec-latency=0
        I/O behind bridge: 0000d000-0000dfff
        Memory behind bridge: fc600000-fc7fffff
        Prefetchable memory behind bridge: 00000000fff00000-00000000000fffff
        Secondary status: 66MHz- FastB2B- ParErr- DEVSEL=fast >TAbort- <TAbort- <MAbort- <SERR- <PERR-
        BridgeCtl: Parity+ SERR+ NoISA- VGA- MAbort- >Reset- FastB2B-
        Capabilities: [50] Power Management version 2
                Flags: PMEClk- DSI- D1- D2- AuxCurrent=0mA PME(D0+,D1-,D2-,D3hot+,D3cold+)
                Status: D0 PME-Enable- DSel=0 DScale=0 PME-
        Capabilities: [58] Message Signalled Interrupts: Mask- 64bit- Queue=0/1 Enable+
                Address: fee0300c  Data: 4161
        Capabilities: [6c] Express Root Port (Slot+) IRQ 0
                Device: Supported: MaxPayload 256 bytes, PhantFunc 0, ExtTag-
                Device: Latency L0s unlimited, L1 unlimited
                Device: Errors: Correctable+ Non-Fatal+ Fatal+ Unsupported+
                Device: RlxdOrd- ExtTag- PhantFunc- AuxPwr- NoSnoop+
                Device: MaxPayload 256 bytes, MaxReadReq 128 bytes
                Link: Supported Speed 2.5Gb/s, Width x8, ASPM L0s, Port 4
                Link: Latency L0s unlimited, L1 unlimited
                Link: ASPM Disabled RCB 64 bytes CommClk- ExtSynch-
                Link: Speed 2.5Gb/s, Width x4
                Slot: AtnBtn- PwrCtrl- MRL- AtnInd- PwrInd- HotPlug- Surpise-
                Slot: Number 1, PowerLimit 25.000000
                Slot: Enabled AtnBtn- PwrFlt- MRL- PresDet- CmdCplt- HPIrq-
                Slot: AttnInd Off, PwrInd Off, Power-
                Root: Correctable- Non-Fatal- Fatal- PME-

00:05.0 PCI bridge [0604]: Intel Corporation 5000 Series Chipset PCI Express x4 Port 5 [8086:25e5] (rev 12) (prog-if 00 [Normal decode])
        Control: I/O+ Mem+ BusMaster+ SpecCycle- MemWINV- VGASnoop- ParErr+ Stepping- SERR+ FastB2B-
        Status: Cap+ 66MHz- UDF- FastB2B- ParErr- DEVSEL=fast >TAbort- <TAbort- <MAbort- >SERR- <PERR-
        Latency: 0, Cache Line Size: 64 bytes
        Bus: primary=00, secondary=0c, subordinate=0c, sec-latency=0
        I/O behind bridge: 0000f000-00000fff
        Memory behind bridge: fff00000-000fffff
        Prefetchable memory behind bridge: 00000000fff00000-00000000000fffff
        Secondary status: 66MHz- FastB2B- ParErr- DEVSEL=fast >TAbort- <TAbort- <MAbort- <SERR- <PERR-
        BridgeCtl: Parity- SERR- NoISA- VGA- MAbort- >Reset- FastB2B-
        Capabilities: [50] Power Management version 2
                Flags: PMEClk- DSI- D1- D2- AuxCurrent=0mA PME(D0+,D1-,D2-,D3hot+,D3cold+)
                Status: D0 PME-Enable- DSel=0 DScale=0 PME-
        Capabilities: [58] Message Signalled Interrupts: Mask- 64bit- Queue=0/1 Enable+
                Address: fee0300c  Data: 4169
        Capabilities: [6c] Express Root Port (Slot-) IRQ 0
                Device: Supported: MaxPayload 256 bytes, PhantFunc 0, ExtTag-
                Device: Latency L0s unlimited, L1 unlimited
                Device: Errors: Correctable+ Non-Fatal+ Fatal+ Unsupported+
                Device: RlxdOrd- ExtTag- PhantFunc- AuxPwr- NoSnoop+
                Device: MaxPayload 128 bytes, MaxReadReq 128 bytes
                Link: Supported Speed 2.5Gb/s, Width x4, ASPM L0s, Port 5
                Link: Latency L0s unlimited, L1 unlimited
                Link: ASPM Disabled RCB 64 bytes Disabled CommClk- ExtSynch-
                Link: Speed 2.5Gb/s, Width x0
                Root: Correctable- Non-Fatal- Fatal- PME-

00:06.0 PCI bridge [0604]: Intel Corporation 5000 Series Chipset PCI Express x8 Port 6-7 [8086:25f9] (rev 12) (prog-if 00 [Normal decode])
        Control: I/O+ Mem+ BusMaster+ SpecCycle- MemWINV- VGASnoop- ParErr+ Stepping- SERR+ FastB2B-
        Status: Cap+ 66MHz- UDF- FastB2B- ParErr- DEVSEL=fast >TAbort- <TAbort- <MAbort- >SERR- <PERR-
        Latency: 0, Cache Line Size: 64 bytes
        Bus: primary=00, secondary=0d, subordinate=0d, sec-latency=0
        I/O behind bridge: 0000c000-0000cfff
        Memory behind bridge: fc400000-fc5fffff
        Prefetchable memory behind bridge: 00000000fff00000-00000000000fffff
        Secondary status: 66MHz- FastB2B- ParErr- DEVSEL=fast >TAbort- <TAbort- <MAbort- <SERR- <PERR-
        BridgeCtl: Parity+ SERR+ NoISA- VGA- MAbort- >Reset- FastB2B-
        Capabilities: [50] Power Management version 2
                Flags: PMEClk- DSI- D1- D2- AuxCurrent=0mA PME(D0+,D1-,D2-,D3hot+,D3cold+)
                Status: D0 PME-Enable- DSel=0 DScale=0 PME-
        Capabilities: [58] Message Signalled Interrupts: Mask- 64bit- Queue=0/1 Enable+
                Address: fee0300c  Data: 4171
        Capabilities: [6c] Express Root Port (Slot+) IRQ 0
                Device: Supported: MaxPayload 256 bytes, PhantFunc 0, ExtTag-
                Device: Latency L0s unlimited, L1 unlimited
                Device: Errors: Correctable+ Non-Fatal+ Fatal+ Unsupported+
                Device: RlxdOrd- ExtTag- PhantFunc- AuxPwr- NoSnoop+
                Device: MaxPayload 256 bytes, MaxReadReq 128 bytes
                Link: Supported Speed 2.5Gb/s, Width x8, ASPM L0s, Port 6
                Link: Latency L0s unlimited, L1 unlimited
                Link: ASPM Disabled RCB 64 bytes CommClk- ExtSynch-
                Link: Speed 2.5Gb/s, Width x4
                Slot: AtnBtn- PwrCtrl- MRL- AtnInd- PwrInd- HotPlug- Surpise-
                Slot: Number 2, PowerLimit 25.000000
                Slot: Enabled AtnBtn- PwrFlt- MRL- PresDet- CmdCplt- HPIrq-
                Slot: AttnInd Off, PwrInd Off, Power-
                Root: Correctable- Non-Fatal- Fatal- PME-

00:07.0 PCI bridge [0604]: Intel Corporation 5000 Series Chipset PCI Express x4 Port 7 [8086:25e7] (rev 12) (prog-if 00 [Normal decode])
        Control: I/O+ Mem+ BusMaster+ SpecCycle- MemWINV- VGASnoop- ParErr+ Stepping- SERR+ FastB2B-
        Status: Cap+ 66MHz- UDF- FastB2B- ParErr- DEVSEL=fast >TAbort- <TAbort- <MAbort- >SERR- <PERR-
        Latency: 0, Cache Line Size: 64 bytes
        Bus: primary=00, secondary=0e, subordinate=0e, sec-latency=0
        I/O behind bridge: 0000f000-00000fff
        Memory behind bridge: fff00000-000fffff
        Prefetchable memory behind bridge: 00000000fff00000-00000000000fffff
        Secondary status: 66MHz- FastB2B- ParErr- DEVSEL=fast >TAbort- <TAbort- <MAbort- <SERR- <PERR-
        BridgeCtl: Parity- SERR- NoISA- VGA- MAbort- >Reset- FastB2B-
        Capabilities: [50] Power Management version 2
                Flags: PMEClk- DSI- D1- D2- AuxCurrent=0mA PME(D0+,D1-,D2-,D3hot+,D3cold+)
                Status: D0 PME-Enable- DSel=0 DScale=0 PME-
        Capabilities: [58] Message Signalled Interrupts: Mask- 64bit- Queue=0/1 Enable+
                Address: fee0300c  Data: 4179
        Capabilities: [6c] Express Root Port (Slot-) IRQ 0
                Device: Supported: MaxPayload 256 bytes, PhantFunc 0, ExtTag-
                Device: Latency L0s unlimited, L1 unlimited
                Device: Errors: Correctable+ Non-Fatal+ Fatal+ Unsupported+
                Device: RlxdOrd- ExtTag- PhantFunc- AuxPwr- NoSnoop+
                Device: MaxPayload 128 bytes, MaxReadReq 128 bytes
                Link: Supported Speed 2.5Gb/s, Width x4, ASPM L0s, Port 7
                Link: Latency L0s unlimited, L1 unlimited
                Link: ASPM Disabled RCB 64 bytes Disabled CommClk- ExtSynch-
                Link: Speed 2.5Gb/s, Width x0
                Root: Correctable- Non-Fatal- Fatal- PME-

00:10.0 Host bridge [0600]: Intel Corporation 5000 Series Chipset FSB Registers [8086:25f0] (rev 12)
        Subsystem: Dell Unknown device [1028:01b3]
        Control: I/O- Mem- BusMaster- SpecCycle- MemWINV- VGASnoop- ParErr- Stepping- SERR- FastB2B-
        Status: Cap- 66MHz- UDF- FastB2B- ParErr- DEVSEL=fast >TAbort- <TAbort- <MAbort- >SERR- <PERR-

00:10.1 Host bridge [0600]: Intel Corporation 5000 Series Chipset FSB Registers [8086:25f0] (rev 12)
        Subsystem: Dell Unknown device [1028:01b3]
        Control: I/O- Mem- BusMaster- SpecCycle- MemWINV- VGASnoop- ParErr- Stepping- SERR- FastB2B-
        Status: Cap- 66MHz- UDF- FastB2B- ParErr- DEVSEL=fast >TAbort- <TAbort- <MAbort- >SERR- <PERR-

00:10.2 Host bridge [0600]: Intel Corporation 5000 Series Chipset FSB Registers [8086:25f0] (rev 12)
        Subsystem: Dell Unknown device [1028:01b3]
        Control: I/O- Mem- BusMaster- SpecCycle- MemWINV- VGASnoop- ParErr- Stepping- SERR- FastB2B-
        Status: Cap- 66MHz- UDF- FastB2B- ParErr- DEVSEL=fast >TAbort- <TAbort- <MAbort- >SERR- <PERR-

00:11.0 Host bridge [0600]: Intel Corporation 5000 Series Chipset Reserved Registers [8086:25f1] (rev 12)
        Subsystem: Intel Corporation Unknown device [8086:8086]
        Control: I/O- Mem- BusMaster- SpecCycle- MemWINV- VGASnoop- ParErr- Stepping- SERR- FastB2B-
        Status: Cap- 66MHz- UDF- FastB2B- ParErr- DEVSEL=fast >TAbort- <TAbort- <MAbort- >SERR- <PERR-

00:13.0 Host bridge [0600]: Intel Corporation 5000 Series Chipset Reserved Registers [8086:25f3] (rev 12)
        Subsystem: Intel Corporation Unknown device [8086:8086]
        Control: I/O- Mem- BusMaster- SpecCycle- MemWINV- VGASnoop- ParErr- Stepping- SERR- FastB2B-
        Status: Cap- 66MHz- UDF- FastB2B- ParErr- DEVSEL=fast >TAbort- <TAbort- <MAbort- >SERR- <PERR-

00:15.0 Host bridge [0600]: Intel Corporation 5000 Series Chipset FBD Registers [8086:25f5] (rev 12)
        Subsystem: Intel Corporation Unknown device [8086:8086]
        Control: I/O- Mem- BusMaster- SpecCycle- MemWINV- VGASnoop- ParErr- Stepping- SERR- FastB2B-
        Status: Cap- 66MHz- UDF- FastB2B- ParErr- DEVSEL=fast >TAbort- <TAbort- <MAbort- >SERR- <PERR-

00:16.0 Host bridge [0600]: Intel Corporation 5000 Series Chipset FBD Registers [8086:25f6] (rev 12)
        Subsystem: Intel Corporation Unknown device [8086:8086]
        Control: I/O- Mem- BusMaster- SpecCycle- MemWINV- VGASnoop- ParErr- Stepping- SERR- FastB2B-
        Status: Cap- 66MHz- UDF- FastB2B- ParErr- DEVSEL=fast >TAbort- <TAbort- <MAbort- >SERR- <PERR-

00:1c.0 PCI bridge [0604]: Intel Corporation 631xESB/632xESB/3100 Chipset PCI Express Root Port 1 [8086:2690] (rev 09) (prog-if 00 [Normal decode])
        Control: I/O+ Mem+ BusMaster+ SpecCycle- MemWINV- VGASnoop- ParErr+ Stepping- SERR+ FastB2B-
        Status: Cap+ 66MHz- UDF- FastB2B- ParErr- DEVSEL=fast >TAbort- <TAbort- <MAbort- >SERR- <PERR-
        Latency: 0, Cache Line Size: 64 bytes
        Bus: primary=00, secondary=03, subordinate=04, sec-latency=0
        I/O behind bridge: 0000f000-00000fff
        Memory behind bridge: f8000000-fbffffff
        Prefetchable memory behind bridge: 00000000fff00000-00000000000fffff
        Secondary status: 66MHz- FastB2B- ParErr- DEVSEL=fast >TAbort- <TAbort- <MAbort+ <SERR- <PERR-
        BridgeCtl: Parity+ SERR+ NoISA- VGA- MAbort- >Reset- FastB2B-
        Capabilities: [40] Express Root Port (Slot-) IRQ 0
                Device: Supported: MaxPayload 128 bytes, PhantFunc 0, ExtTag+
                Device: Latency L0s unlimited, L1 unlimited
                Device: Errors: Correctable+ Non-Fatal+ Fatal+ Unsupported+
                Device: RlxdOrd- ExtTag- PhantFunc- AuxPwr- NoSnoop-
                Device: MaxPayload 128 bytes, MaxReadReq 128 bytes
                Link: Supported Speed 2.5Gb/s, Width x4, ASPM L0s L1, Port 1
                Link: Latency L0s <256ns, L1 <4us
                Link: ASPM Disabled RCB 64 bytes CommClk+ ExtSynch-
                Link: Speed 2.5Gb/s, Width x4
                Root: Correctable- Non-Fatal- Fatal- PME-
        Capabilities: [80] Message Signalled Interrupts: Mask- 64bit- Queue=0/0 Enable+
                Address: fee0300c  Data: 4181
        Capabilities: [90] Subsystem: Dell Unknown device [1028:01b3]
        Capabilities: [a0] Power Management version 2
                Flags: PMEClk- DSI- D1- D2- AuxCurrent=0mA PME(D0+,D1-,D2-,D3hot+,D3cold+)
                Status: D0 PME-Enable- DSel=0 DScale=0 PME-

00:1d.0 USB Controller [0c03]: Intel Corporation 631xESB/632xESB/3100 Chipset UHCI USB Controller #1 [8086:2688] (rev 09) (prog-if 00 [UHCI])
        Subsystem: Dell Unknown device [1028:01b3]
        Control: I/O+ Mem- BusMaster+ SpecCycle- MemWINV- VGASnoop- ParErr- Stepping- SERR- FastB2B-
        Status: Cap- 66MHz- UDF- FastB2B+ ParErr- DEVSEL=medium >TAbort- <TAbort- <MAbort- >SERR- <PERR-
        Latency: 0
        Interrupt: pin A routed to IRQ 21
        Region 4: I/O ports at ace0 [size=32]

00:1d.1 USB Controller [0c03]: Intel Corporation 631xESB/632xESB/3100 Chipset UHCI USB Controller #2 [8086:2689] (rev 09) (prog-if 00 [UHCI])
        Subsystem: Dell Unknown device [1028:01b3]
        Control: I/O+ Mem- BusMaster+ SpecCycle- MemWINV- VGASnoop- ParErr- Stepping- SERR- FastB2B-
        Status: Cap- 66MHz- UDF- FastB2B+ ParErr- DEVSEL=medium >TAbort- <TAbort- <MAbort- >SERR- <PERR-
        Latency: 0
        Interrupt: pin B routed to IRQ 20
        Region 4: I/O ports at acc0 [size=32]

00:1d.2 USB Controller [0c03]: Intel Corporation 631xESB/632xESB/3100 Chipset UHCI USB Controller #3 [8086:268a] (rev 09) (prog-if 00 [UHCI])
        Subsystem: Dell Unknown device [1028:01b3]
        Control: I/O+ Mem- BusMaster+ SpecCycle- MemWINV- VGASnoop- ParErr- Stepping- SERR- FastB2B-
        Status: Cap- 66MHz- UDF- FastB2B+ ParErr- DEVSEL=medium >TAbort- <TAbort- <MAbort- >SERR- <PERR-
        Latency: 0
        Interrupt: pin C routed to IRQ 21
        Region 4: I/O ports at aca0 [size=32]

00:1d.7 USB Controller [0c03]: Intel Corporation 631xESB/632xESB/3100 Chipset EHCI USB2 Controller [8086:268c] (rev 09) (prog-if 20 [EHCI])
        Subsystem: Dell Unknown device [1028:01b3]
        Control: I/O- Mem+ BusMaster+ SpecCycle- MemWINV- VGASnoop- ParErr- Stepping- SERR+ FastB2B-
        Status: Cap+ 66MHz- UDF- FastB2B+ ParErr- DEVSEL=medium >TAbort- <TAbort- <MAbort- >SERR- <PERR-
        Latency: 0
        Interrupt: pin A routed to IRQ 21
        Region 0: Memory at fcc00000 (32-bit, non-prefetchable) [size=1K]
        Capabilities: [50] Power Management version 2
                Flags: PMEClk- DSI- D1- D2- AuxCurrent=375mA PME(D0+,D1-,D2-,D3hot+,D3cold+)
                Status: D0 PME-Enable- DSel=0 DScale=0 PME-
        Capabilities: [58] Debug port

00:1e.0 PCI bridge [0604]: Intel Corporation 82801 PCI Bridge [8086:244e] (rev d9) (prog-if 01 [Subtractive decode])
        Control: I/O+ Mem+ BusMaster+ SpecCycle- MemWINV- VGASnoop- ParErr+ Stepping- SERR+ FastB2B-
        Status: Cap+ 66MHz- UDF- FastB2B- ParErr- DEVSEL=fast >TAbort- <TAbort- <MAbort- >SERR- <PERR-
        Latency: 0
        Bus: primary=00, secondary=0f, subordinate=0f, sec-latency=32
        I/O behind bridge: 0000b000-0000bfff
        Memory behind bridge: fc200000-fc3fffff
        Prefetchable memory behind bridge: 00000000d8000000-00000000dfffffff
        Secondary status: 66MHz- FastB2B+ ParErr- DEVSEL=medium >TAbort- <TAbort- <MAbort+ <SERR- <PERR-
        BridgeCtl: Parity+ SERR+ NoISA- VGA+ MAbort- >Reset- FastB2B-
        Capabilities: [50] Subsystem: Gammagraphx, Inc. Unknown device [0000:0000]

00:1f.0 ISA bridge [0601]: Intel Corporation 631xESB/632xESB/3100 Chipset LPC Interface Controller [8086:2670] (rev 09)
        Control: I/O+ Mem+ BusMaster+ SpecCycle- MemWINV- VGASnoop- ParErr+ Stepping- SERR+ FastB2B-
        Status: Cap- 66MHz- UDF- FastB2B- ParErr- DEVSEL=medium >TAbort- <TAbort- <MAbort- >SERR- <PERR-
        Latency: 0

00:1f.1 IDE interface [0101]: Intel Corporation 631xESB/632xESB IDE Controller [8086:269e] (rev 09) (prog-if 8a [Master SecP PriP])
        Subsystem: Dell Unknown device [1028:01b3]
        Control: I/O+ Mem- BusMaster+ SpecCycle- MemWINV- VGASnoop- ParErr- Stepping- SERR- FastB2B-
        Status: Cap- 66MHz- UDF- FastB2B+ ParErr- DEVSEL=medium >TAbort- <TAbort- <MAbort- >SERR- <PERR-
        Latency: 0
        Interrupt: pin A routed to IRQ 16
        Region 0: I/O ports at 01f0 [size=8]
        Region 1: I/O ports at 03f4 [size=1]
        Region 2: I/O ports at 0170 [size=8]
        Region 3: I/O ports at 0374 [size=1]
        Region 4: I/O ports at fc00 [size=16]

01:00.0 PCI bridge [0604]: Intel Corporation 6702PXH PCI Express-to-PCI Bridge A [8086:032c] (rev 09) (prog-if 00 [Normal decode])
        Control: I/O+ Mem+ BusMaster+ SpecCycle- MemWINV- VGASnoop- ParErr+ Stepping- SERR+ FastB2B-
        Status: Cap+ 66MHz- UDF- FastB2B- ParErr- DEVSEL=fast >TAbort- <TAbort- <MAbort- >SERR- <PERR-
        Latency: 0, Cache Line Size: 64 bytes
        Bus: primary=01, secondary=02, subordinate=02, sec-latency=64
        I/O behind bridge: 0000e000-0000efff
        Memory behind bridge: fc900000-fcbfffff
        Prefetchable memory behind bridge: 00000000fff00000-00000000000fffff
        Secondary status: 66MHz+ FastB2B+ ParErr- DEVSEL=medium >TAbort- <TAbort- <MAbort- <SERR- <PERR-
        BridgeCtl: Parity- SERR+ NoISA+ VGA- MAbort- >Reset- FastB2B-
        Capabilities: [44] Express PCI/PCI-X Bridge IRQ 0
                Device: Supported: MaxPayload 256 bytes, PhantFunc 0, ExtTag-
                Device: Latency L0s <64ns, L1 <1us
                Device: AtnBtn- AtnInd- PwrInd-
                Device: Errors: Correctable- Non-Fatal- Fatal+ Unsupported-
                Device: RlxdOrd- ExtTag- PhantFunc- AuxPwr- NoSnoop-
                Device: MaxPayload 256 bytes, MaxReadReq 512 bytes
                Link: Supported Speed 2.5Gb/s, Width x8, ASPM L0s, Port 0
                Link: Latency L0s unlimited, L1 unlimited
                Link: ASPM Disabled CommClk- ExtSynch-
                Link: Speed 2.5Gb/s, Width x4
        Capabilities: [5c] Message Signalled Interrupts: Mask- 64bit+ Queue=0/0 Enable-
                Address: 0000000000000000  Data: 0000
        Capabilities: [6c] Power Management version 2
                Flags: PMEClk- DSI- D1- D2- AuxCurrent=0mA PME(D0+,D1-,D2-,D3hot+,D3cold+)
                Status: D0 PME-Enable- DSel=0 DScale=0 PME-
        Capabilities: [d8] PCI-X bridge device
                Secondary Status: 64bit+ 133MHz+ SCD- USC- SCO- SRD- Freq=133MHz
                Status: Dev=01:00.0 64bit- 133MHz- SCD- USC- SCO- SRD-
                Upstream: Capacity=65535 CommitmentLimit=65535
                Downstream: Capacity=65535 CommitmentLimit=65535

02:08.0 SCSI storage controller [0100]: LSI Logic / Symbios Logic SAS1068 PCI-X Fusion-MPT SAS [1000:0054] (rev 01)
        Subsystem: Dell SAS 5/i Integrated Controller [1028:1f06]
        Control: I/O- Mem+ BusMaster+ SpecCycle- MemWINV+ VGASnoop- ParErr+ Stepping- SERR+ FastB2B-
        Status: Cap+ 66MHz+ UDF- FastB2B- ParErr- DEVSEL=medium >TAbort- <TAbort- <MAbort- >SERR- <PERR-
        Latency: 72 (16000ns min, 2500ns max), Cache Line Size: 64 bytes
        Interrupt: pin A routed to IRQ 64
        Region 0: I/O ports at ec00 [disabled] [size=256]
        Region 1: Memory at fcafc000 (64-bit, non-prefetchable) [size=16K]
        Region 3: Memory at fcae0000 (64-bit, non-prefetchable) [size=64K]
        Expansion ROM at fcb00000 [disabled] [size=1M]
        Capabilities: [50] Power Management version 2
                Flags: PMEClk- DSI- D1+ D2+ AuxCurrent=0mA PME(D0-,D1-,D2-,D3hot-,D3cold-)
                Status: D0 PME-Enable- DSel=0 DScale=0 PME-
        Capabilities: [98] Message Signalled Interrupts: Mask- 64bit+ Queue=0/0 Enable-
                Address: 0000000000000000  Data: 0000
        Capabilities: [68] PCI-X non-bridge device
                Command: DPERE- ERO- RBC=512 OST=16
                Status: Dev=02:08.0 64bit+ 133MHz+ SCD- USC- DC=simple DMMRBC=2048 DMOST=16 DMCRS=128 RSCEM- 266MHz- 533MHz-
        Capabilities: [b0] MSI-X: Enable- Mask- TabSize=1
                Vector table: BAR=1 offset=00002000
                PBA: BAR=1 offset=00003000

03:00.0 PCI bridge [0604]: Broadcom EPB PCI-Express to PCI-X Bridge [1166:0103] (rev c2) (prog-if 00 [Normal decode])
        Control: I/O+ Mem+ BusMaster+ SpecCycle- MemWINV- VGASnoop- ParErr+ Stepping- SERR+ FastB2B-
        Status: Cap+ 66MHz- UDF- FastB2B- ParErr- DEVSEL=fast >TAbort- <TAbort- <MAbort- >SERR- <PERR-
        Latency: 0, Cache Line Size: 64 bytes
        Bus: primary=03, secondary=04, subordinate=04, sec-latency=64
        I/O behind bridge: 0000f000-00000fff
        Memory behind bridge: f8000000-fbffffff
        Prefetchable memory behind bridge: 00000000fff00000-00000000000fffff
        Secondary status: 66MHz- FastB2B- ParErr- DEVSEL=medium >TAbort- <TAbort- <MAbort+ <SERR- <PERR-
        BridgeCtl: Parity- SERR+ NoISA+ VGA- MAbort- >Reset- FastB2B-
        Capabilities: [60] Express PCI/PCI-X Bridge IRQ 0
                Device: Supported: MaxPayload 128 bytes, PhantFunc 0, ExtTag+
                Device: Latency L0s <4us, L1 <16us
                Device: AtnBtn- AtnInd- PwrInd-
                Device: Errors: Correctable- Non-Fatal- Fatal+ Unsupported-
                Device: RlxdOrd- ExtTag- PhantFunc- AuxPwr- NoSnoop-
                Device: MaxPayload 128 bytes, MaxReadReq 128 bytes
                Link: Supported Speed 2.5Gb/s, Width x4, ASPM L0s L1, Port 0
                Link: Latency L0s <4us, L1 <4us
                Link: ASPM Disabled CommClk- ExtSynch-
                Link: Speed 2.5Gb/s, Width x4
        Capabilities: [90] PCI-X bridge device
                Secondary Status: 64bit+ 133MHz+ SCD- USC- SCO- SRD- Freq=133MHz
                Status: Dev=03:00.0 64bit- 133MHz- SCD- USC- SCO- SRD-
                Upstream: Capacity=0 CommitmentLimit=0
                Downstream: Capacity=0 CommitmentLimit=0
        Capabilities: [b0] Power Management version 2
                Flags: PMEClk- DSI- D1- D2- AuxCurrent=375mA PME(D0+,D1-,D2-,D3hot+,D3cold+)
                Status: D0 PME-Enable- DSel=0 DScale=0 PME-

04:00.0 Ethernet controller [0200]: Broadcom Corporation NetXtreme II BCM5708 Gigabit Ethernet [14e4:164c] (rev 11)
        Subsystem: Dell Unknown device [1028:01b3]
        Control: I/O- Mem+ BusMaster+ SpecCycle+ MemWINV+ VGASnoop- ParErr+ Stepping- SERR+ FastB2B-
        Status: Cap+ 66MHz+ UDF- FastB2B+ ParErr- DEVSEL=medium >TAbort- <TAbort- <MAbort- >SERR- <PERR-
        Latency: 32 (16000ns min), Cache Line Size: 64 bytes
        Interrupt: pin A routed to IRQ 16
        Region 0: Memory at f8000000 (64-bit, non-prefetchable) [size=32M]
        Capabilities: [40] PCI-X non-bridge device
                Command: DPERE- ERO- RBC=512 OST=8
                Status: Dev=04:00.0 64bit+ 133MHz+ SCD- USC- DC=simple DMMRBC=512 DMOST=8 DMCRS=32 RSCEM- 266MHz- 533MHz-
        Capabilities: [48] Power Management version 2
                Flags: PMEClk- DSI- D1- D2- AuxCurrent=0mA PME(D0-,D1-,D2-,D3hot+,D3cold+)
                Status: D0 PME-Enable- DSel=0 DScale=1 PME-
        Capabilities: [50] Vital Product Data
        Capabilities: [58] Message Signalled Interrupts: Mask- 64bit+ Queue=0/0 Enable-
                Address: 00000000fee0300c  Data: 41e1

05:00.0 PCI bridge [0604]: Intel Corporation 6311ESB/6321ESB PCI Express Upstream Port [8086:3500] (rev 01) (prog-if 00 [Normal decode])
        Control: I/O+ Mem+ BusMaster+ SpecCycle- MemWINV- VGASnoop- ParErr+ Stepping- SERR+ FastB2B-
        Status: Cap+ 66MHz- UDF- FastB2B- ParErr- DEVSEL=fast >TAbort- <TAbort- <MAbort- >SERR- <PERR-
        Latency: 0, Cache Line Size: 64 bytes
        Bus: primary=05, secondary=06, subordinate=09, sec-latency=0
        I/O behind bridge: 0000f000-00000fff
        Memory behind bridge: f4000000-f7ffffff
        Prefetchable memory behind bridge: 00000000fff00000-00000000000fffff
        Secondary status: 66MHz- FastB2B- ParErr- DEVSEL=fast >TAbort- <TAbort- <MAbort+ <SERR- <PERR-
        BridgeCtl: Parity+ SERR+ NoISA+ VGA- MAbort- >Reset- FastB2B-
        Capabilities: [44] Express Upstream Port IRQ 0
                Device: Supported: MaxPayload 256 bytes, PhantFunc 0, ExtTag-
                Device: Latency L0s <64ns, L1 <1us
                Device: AtnBtn- AtnInd- PwrInd-
                Device: SlotPowerLimit 0.000000
                Device: Errors: Correctable+ Non-Fatal+ Fatal+ Unsupported+
                Device: RlxdOrd- ExtTag- PhantFunc- AuxPwr- NoSnoop-
                Device: MaxPayload 128 bytes, MaxReadReq 4096 bytes
                Link: Supported Speed 2.5Gb/s, Width x8, ASPM L0s, Port 0
                Link: Latency L0s unlimited, L1 unlimited
                Link: ASPM Disabled CommClk- ExtSynch-
                Link: Speed 2.5Gb/s, Width x4
        Capabilities: [70] Power Management version 2
                Flags: PMEClk- DSI- D1- D2- AuxCurrent=0mA PME(D0+,D1-,D2-,D3hot+,D3cold+)
                Status: D0 PME-Enable- DSel=0 DScale=0 PME-
        Capabilities: [80] Subsystem: Gammagraphx, Inc. Unknown device [0000:0000]

05:00.3 PCI bridge [0604]: Intel Corporation 6311ESB/6321ESB PCI Express to PCI-X Bridge [8086:350c] (rev 01) (prog-if 00 [Normal decode])
        Control: I/O+ Mem+ BusMaster+ SpecCycle- MemWINV- VGASnoop- ParErr+ Stepping- SERR+ FastB2B-
        Status: Cap+ 66MHz- UDF- FastB2B- ParErr- DEVSEL=fast >TAbort- <TAbort- <MAbort- >SERR- <PERR-
        Latency: 0, Cache Line Size: 64 bytes
        Bus: primary=05, secondary=0a, subordinate=0a, sec-latency=64
        I/O behind bridge: 0000f000-00000fff
        Memory behind bridge: fff00000-000fffff
        Prefetchable memory behind bridge: 00000000fff00000-00000000000fffff
        Secondary status: 66MHz+ FastB2B+ ParErr- DEVSEL=medium >TAbort- <TAbort- <MAbort+ <SERR- <PERR-
        BridgeCtl: Parity+ SERR+ NoISA+ VGA- MAbort- >Reset- FastB2B-
        Capabilities: [44] Express PCI/PCI-X Bridge IRQ 0
                Device: Supported: MaxPayload 256 bytes, PhantFunc 0, ExtTag-
                Device: Latency L0s <64ns, L1 <1us
                Device: AtnBtn- AtnInd- PwrInd-
                Device: Errors: Correctable- Non-Fatal- Fatal+ Unsupported-
                Device: RlxdOrd- ExtTag- PhantFunc- AuxPwr- NoSnoop-
                Device: MaxPayload 128 bytes, MaxReadReq 256 bytes
                Link: Supported Speed 2.5Gb/s, Width x8, ASPM L0s, Port 0
                Link: Latency L0s unlimited, L1 unlimited
                Link: ASPM Disabled CommClk- ExtSynch-
                Link: Speed 2.5Gb/s, Width x4
        Capabilities: [6c] Power Management version 2
                Flags: PMEClk- DSI- D1- D2- AuxCurrent=0mA PME(D0+,D1-,D2-,D3hot+,D3cold+)
                Status: D0 PME-Enable- DSel=0 DScale=0 PME-
        Capabilities: [80] Subsystem: Gammagraphx, Inc. Unknown device [0000:0000]
        Capabilities: [d8] PCI-X bridge device
                Secondary Status: 64bit+ 133MHz+ SCD- USC- SCO- SRD- Freq=133MHz
                Status: Dev=00:00.3 64bit- 133MHz- SCD- USC- SCO- SRD-
                Upstream: Capacity=65535 CommitmentLimit=65535
                Downstream: Capacity=65535 CommitmentLimit=65535

06:00.0 PCI bridge [0604]: Intel Corporation 6311ESB/6321ESB PCI Express Downstream Port E1 [8086:3510] (rev 01) (prog-if 00 [Normal decode])
        Control: I/O+ Mem+ BusMaster+ SpecCycle- MemWINV- VGASnoop- ParErr+ Stepping- SERR+ FastB2B-
        Status: Cap+ 66MHz- UDF- FastB2B- ParErr- DEVSEL=fast >TAbort- <TAbort- <MAbort- >SERR- <PERR-
        Latency: 0, Cache Line Size: 64 bytes
        Bus: primary=06, secondary=07, subordinate=08, sec-latency=0
        I/O behind bridge: 0000f000-00000fff
        Memory behind bridge: f4000000-f7ffffff
        Prefetchable memory behind bridge: 00000000fff00000-00000000000fffff
        Secondary status: 66MHz- FastB2B- ParErr- DEVSEL=fast >TAbort- <TAbort- <MAbort+ <SERR- <PERR-
        BridgeCtl: Parity+ SERR+ NoISA- VGA- MAbort- >Reset- FastB2B-
        Capabilities: [44] Express Downstream Port (Slot-) IRQ 0
                Device: Supported: MaxPayload 256 bytes, PhantFunc 0, ExtTag-
                Device: Latency L0s <64ns, L1 <1us
                Device: Errors: Correctable+ Non-Fatal+ Fatal+ Unsupported+
                Device: RlxdOrd- ExtTag- PhantFunc- AuxPwr- NoSnoop-
                Device: MaxPayload 128 bytes, MaxReadReq 4096 bytes
                Link: Supported Speed 2.5Gb/s, Width x4, ASPM L0s, Port 0
                Link: Latency L0s unlimited, L1 unlimited
                Link: ASPM Disabled CommClk- ExtSynch-
                Link: Speed 2.5Gb/s, Width x4
        Capabilities: [60] Message Signalled Interrupts: Mask- 64bit+ Queue=0/0 Enable+
                Address: 00000000fee0300c  Data: 4189
        Capabilities: [70] Power Management version 2
                Flags: PMEClk- DSI- D1- D2- AuxCurrent=0mA PME(D0+,D1-,D2-,D3hot+,D3cold+)
                Status: D0 PME-Enable- DSel=0 DScale=0 PME-
        Capabilities: [80] Subsystem: Gammagraphx, Inc. Unknown device [0000:0000]

06:01.0 PCI bridge [0604]: Intel Corporation 6311ESB/6321ESB PCI Express Downstream Port E2 [8086:3514] (rev 01) (prog-if 00 [Normal decode])
        Control: I/O+ Mem+ BusMaster+ SpecCycle- MemWINV- VGASnoop- ParErr+ Stepping- SERR+ FastB2B-
        Status: Cap+ 66MHz- UDF- FastB2B- ParErr- DEVSEL=fast >TAbort- <TAbort- <MAbort- >SERR- <PERR-
        Latency: 0, Cache Line Size: 64 bytes
        Bus: primary=06, secondary=09, subordinate=09, sec-latency=0
        I/O behind bridge: 0000f000-00000fff
        Memory behind bridge: fff00000-000fffff
        Prefetchable memory behind bridge: 00000000fff00000-00000000000fffff
        Secondary status: 66MHz- FastB2B- ParErr- DEVSEL=fast >TAbort- <TAbort- <MAbort- <SERR- <PERR-
        BridgeCtl: Parity+ SERR+ NoISA- VGA- MAbort- >Reset- FastB2B-
        Capabilities: [44] Express Downstream Port (Slot-) IRQ 0
                Device: Supported: MaxPayload 256 bytes, PhantFunc 0, ExtTag-
                Device: Latency L0s <64ns, L1 <1us
                Device: Errors: Correctable+ Non-Fatal+ Fatal+ Unsupported+
                Device: RlxdOrd- ExtTag- PhantFunc- AuxPwr- NoSnoop-
                Device: MaxPayload 128 bytes, MaxReadReq 4096 bytes
                Link: Supported Speed 2.5Gb/s, Width x4, ASPM L0s, Port 0
                Link: Latency L0s unlimited, L1 unlimited
                Link: ASPM Disabled Disabled CommClk- ExtSynch-
                Link: Speed 2.5Gb/s, Width x0
        Capabilities: [60] Message Signalled Interrupts: Mask- 64bit+ Queue=0/0 Enable+
                Address: 00000000fee0300c  Data: 4191
        Capabilities: [70] Power Management version 2
                Flags: PMEClk- DSI- D1- D2- AuxCurrent=0mA PME(D0+,D1-,D2-,D3hot+,D3cold+)
                Status: D0 PME-Enable- DSel=0 DScale=0 PME-
        Capabilities: [80] Subsystem: Gammagraphx, Inc. Unknown device [0000:0000]

07:00.0 PCI bridge [0604]: Broadcom EPB PCI-Express to PCI-X Bridge [1166:0103] (rev c2) (prog-if 00 [Normal decode])
        Control: I/O+ Mem+ BusMaster+ SpecCycle- MemWINV- VGASnoop- ParErr+ Stepping- SERR+ FastB2B-
        Status: Cap+ 66MHz- UDF- FastB2B- ParErr- DEVSEL=fast >TAbort- <TAbort- <MAbort- >SERR- <PERR-
        Latency: 0, Cache Line Size: 64 bytes
        Bus: primary=07, secondary=08, subordinate=08, sec-latency=64
        I/O behind bridge: 0000f000-00000fff
        Memory behind bridge: f4000000-f7ffffff
        Prefetchable memory behind bridge: 00000000fff00000-00000000000fffff
        Secondary status: 66MHz- FastB2B- ParErr- DEVSEL=medium >TAbort- <TAbort- <MAbort+ <SERR- <PERR-
        BridgeCtl: Parity- SERR+ NoISA+ VGA- MAbort- >Reset- FastB2B-
        Capabilities: [60] Express PCI/PCI-X Bridge IRQ 0
                Device: Supported: MaxPayload 128 bytes, PhantFunc 0, ExtTag+
                Device: Latency L0s <4us, L1 <16us
                Device: AtnBtn- AtnInd- PwrInd-
                Device: Errors: Correctable- Non-Fatal- Fatal+ Unsupported-
                Device: RlxdOrd- ExtTag- PhantFunc- AuxPwr- NoSnoop-
                Device: MaxPayload 128 bytes, MaxReadReq 128 bytes
                Link: Supported Speed 2.5Gb/s, Width x4, ASPM L0s L1, Port 0
                Link: Latency L0s <4us, L1 <4us
                Link: ASPM Disabled CommClk- ExtSynch-
                Link: Speed 2.5Gb/s, Width x4
        Capabilities: [90] PCI-X bridge device
                Secondary Status: 64bit+ 133MHz+ SCD- USC- SCO- SRD- Freq=133MHz
                Status: Dev=07:00.0 64bit- 133MHz- SCD- USC- SCO- SRD-
                Upstream: Capacity=0 CommitmentLimit=0
                Downstream: Capacity=0 CommitmentLimit=0
        Capabilities: [b0] Power Management version 2
                Flags: PMEClk- DSI- D1- D2- AuxCurrent=375mA PME(D0+,D1-,D2-,D3hot+,D3cold+)
                Status: D0 PME-Enable- DSel=0 DScale=0 PME-

08:00.0 Ethernet controller [0200]: Broadcom Corporation NetXtreme II BCM5708 Gigabit Ethernet [14e4:164c] (rev 11)
        Subsystem: Dell Unknown device [1028:01b3]
        Control: I/O- Mem+ BusMaster+ SpecCycle+ MemWINV+ VGASnoop- ParErr+ Stepping- SERR+ FastB2B-
        Status: Cap+ 66MHz+ UDF- FastB2B+ ParErr- DEVSEL=medium >TAbort- <TAbort- <MAbort- >SERR- <PERR-
        Latency: 64 (16000ns min), Cache Line Size: 64 bytes
        Interrupt: pin A routed to IRQ 2294
        Region 0: Memory at f4000000 (64-bit, non-prefetchable) [size=32M]
        Capabilities: [40] PCI-X non-bridge device
                Command: DPERE- ERO- RBC=512 OST=8
                Status: Dev=08:00.0 64bit+ 133MHz+ SCD- USC- DC=simple DMMRBC=512 DMOST=8 DMCRS=32 RSCEM- 266MHz- 533MHz-
        Capabilities: [48] Power Management version 2
                Flags: PMEClk- DSI- D1- D2- AuxCurrent=0mA PME(D0-,D1-,D2-,D3hot+,D3cold+)
                Status: D0 PME-Enable- DSel=0 DScale=1 PME-
        Capabilities: [50] Vital Product Data
        Capabilities: [58] Message Signalled Interrupts: Mask- 64bit+ Queue=0/0 Enable+
                Address: 00000000fee0300c  Data: 41b9

0b:00.0 Ethernet controller [0200]: Intel Corporation 82571EB Gigabit Ethernet Controller [8086:105e] (rev 06)
        Subsystem: Intel Corporation PRO/1000 PT Dual Port Server Adapter [8086:135e]
        Control: I/O+ Mem+ BusMaster+ SpecCycle- MemWINV- VGASnoop- ParErr+ Stepping- SERR+ FastB2B-
        Status: Cap+ 66MHz- UDF- FastB2B- ParErr- DEVSEL=fast >TAbort- <TAbort- <MAbort- >SERR- <PERR-
        Latency: 0, Cache Line Size: 64 bytes
        Interrupt: pin A routed to IRQ 16
        Region 0: Memory at fc6e0000 (32-bit, non-prefetchable) [size=128K]
        Region 1: Memory at fc6c0000 (32-bit, non-prefetchable) [size=128K]
        Region 2: I/O ports at dce0 [size=32]
        Capabilities: [c8] Power Management version 2
                Flags: PMEClk- DSI+ D1- D2- AuxCurrent=0mA PME(D0+,D1-,D2-,D3hot+,D3cold+)
                Status: D0 PME-Enable- DSel=0 DScale=1 PME-
        Capabilities: [d0] Message Signalled Interrupts: Mask- 64bit+ Queue=0/0 Enable-
                Address: 0000000000000000  Data: 0000
        Capabilities: [e0] Express Endpoint IRQ 0
                Device: Supported: MaxPayload 256 bytes, PhantFunc 0, ExtTag-
                Device: Latency L0s <512ns, L1 <64us
                Device: AtnBtn- AtnInd- PwrInd-
                Device: Errors: Correctable- Non-Fatal- Fatal+ Unsupported-
                Device: RlxdOrd+ ExtTag- PhantFunc- AuxPwr- NoSnoop+
                Device: MaxPayload 256 bytes, MaxReadReq 512 bytes
                Link: Supported Speed 2.5Gb/s, Width x4, ASPM L0s L1, Port 4
                Link: Latency L0s <4us, L1 <64us
                Link: ASPM Disabled RCB 64 bytes CommClk- ExtSynch-
                Link: Speed 2.5Gb/s, Width x4

0b:00.1 Ethernet controller [0200]: Intel Corporation 82571EB Gigabit Ethernet Controller [8086:105e] (rev 06)
        Subsystem: Intel Corporation PRO/1000 PT Dual Port Server Adapter [8086:135e]
        Control: I/O+ Mem+ BusMaster+ SpecCycle- MemWINV- VGASnoop- ParErr+ Stepping- SERR+ FastB2B-
        Status: Cap+ 66MHz- UDF- FastB2B- ParErr- DEVSEL=fast >TAbort- <TAbort- <MAbort- >SERR- <PERR-
        Latency: 0, Cache Line Size: 64 bytes
        Interrupt: pin B routed to IRQ 17
        Region 0: Memory at fc6a0000 (32-bit, non-prefetchable) [size=128K]
        Region 1: Memory at fc680000 (32-bit, non-prefetchable) [size=128K]
        Region 2: I/O ports at dcc0 [size=32]
        Capabilities: [c8] Power Management version 2
                Flags: PMEClk- DSI+ D1- D2- AuxCurrent=0mA PME(D0+,D1-,D2-,D3hot+,D3cold+)
                Status: D0 PME-Enable- DSel=0 DScale=1 PME-
        Capabilities: [d0] Message Signalled Interrupts: Mask- 64bit+ Queue=0/0 Enable-
                Address: 0000000000000000  Data: 0000
        Capabilities: [e0] Express Endpoint IRQ 0
                Device: Supported: MaxPayload 256 bytes, PhantFunc 0, ExtTag-
                Device: Latency L0s <512ns, L1 <64us
                Device: AtnBtn- AtnInd- PwrInd-
                Device: Errors: Correctable- Non-Fatal- Fatal+ Unsupported-
                Device: RlxdOrd+ ExtTag- PhantFunc- AuxPwr- NoSnoop+
                Device: MaxPayload 256 bytes, MaxReadReq 512 bytes
                Link: Supported Speed 2.5Gb/s, Width x4, ASPM L0s L1, Port 4
                Link: Latency L0s <4us, L1 <64us
                Link: ASPM Disabled RCB 64 bytes CommClk- ExtSynch-
                Link: Speed 2.5Gb/s, Width x4

0d:00.0 Ethernet controller [0200]: Intel Corporation 82571EB Gigabit Ethernet Controller [8086:105e] (rev 06)
        Subsystem: Intel Corporation PRO/1000 PT Dual Port Server Adapter [8086:135e]
        Control: I/O+ Mem+ BusMaster+ SpecCycle- MemWINV- VGASnoop- ParErr+ Stepping- SERR+ FastB2B-
        Status: Cap+ 66MHz- UDF- FastB2B- ParErr- DEVSEL=fast >TAbort- <TAbort- <MAbort- >SERR- <PERR-
        Latency: 0, Cache Line Size: 64 bytes
        Interrupt: pin A routed to IRQ 16
        Region 0: Memory at fc4e0000 (32-bit, non-prefetchable) [size=128K]
        Region 1: Memory at fc4c0000 (32-bit, non-prefetchable) [size=128K]
        Region 2: I/O ports at cce0 [size=32]
        Capabilities: [c8] Power Management version 2
                Flags: PMEClk- DSI+ D1- D2- AuxCurrent=0mA PME(D0+,D1-,D2-,D3hot+,D3cold+)
                Status: D0 PME-Enable- DSel=0 DScale=1 PME-
        Capabilities: [d0] Message Signalled Interrupts: Mask- 64bit+ Queue=0/0 Enable-
                Address: 0000000000000000  Data: 0000
        Capabilities: [e0] Express Endpoint IRQ 0
                Device: Supported: MaxPayload 256 bytes, PhantFunc 0, ExtTag-
                Device: Latency L0s <512ns, L1 <64us
                Device: AtnBtn- AtnInd- PwrInd-
                Device: Errors: Correctable- Non-Fatal- Fatal+ Unsupported-
                Device: RlxdOrd+ ExtTag- PhantFunc- AuxPwr- NoSnoop+
                Device: MaxPayload 256 bytes, MaxReadReq 512 bytes
                Link: Supported Speed 2.5Gb/s, Width x4, ASPM L0s L1, Port 6
                Link: Latency L0s <4us, L1 <64us
                Link: ASPM Disabled RCB 64 bytes CommClk- ExtSynch-
                Link: Speed 2.5Gb/s, Width x4

0d:00.1 Ethernet controller [0200]: Intel Corporation 82571EB Gigabit Ethernet Controller [8086:105e] (rev 06)
        Subsystem: Intel Corporation PRO/1000 PT Dual Port Server Adapter [8086:135e]
        Control: I/O+ Mem+ BusMaster+ SpecCycle- MemWINV- VGASnoop- ParErr+ Stepping- SERR+ FastB2B-
        Status: Cap+ 66MHz- UDF- FastB2B- ParErr- DEVSEL=fast >TAbort- <TAbort- <MAbort- >SERR- <PERR-
        Latency: 0, Cache Line Size: 64 bytes
        Interrupt: pin B routed to IRQ 17
        Region 0: Memory at fc4a0000 (32-bit, non-prefetchable) [size=128K]
        Region 1: Memory at fc480000 (32-bit, non-prefetchable) [size=128K]
        Region 2: I/O ports at ccc0 [size=32]
        Capabilities: [c8] Power Management version 2
                Flags: PMEClk- DSI+ D1- D2- AuxCurrent=0mA PME(D0+,D1-,D2-,D3hot+,D3cold+)
                Status: D0 PME-Enable- DSel=0 DScale=1 PME-
        Capabilities: [d0] Message Signalled Interrupts: Mask- 64bit+ Queue=0/0 Enable-
                Address: 0000000000000000  Data: 0000
        Capabilities: [e0] Express Endpoint IRQ 0
                Device: Supported: MaxPayload 256 bytes, PhantFunc 0, ExtTag-
                Device: Latency L0s <512ns, L1 <64us
                Device: AtnBtn- AtnInd- PwrInd-
                Device: Errors: Correctable- Non-Fatal- Fatal+ Unsupported-
                Device: RlxdOrd+ ExtTag- PhantFunc- AuxPwr- NoSnoop+
                Device: MaxPayload 256 bytes, MaxReadReq 512 bytes
                Link: Supported Speed 2.5Gb/s, Width x4, ASPM L0s L1, Port 6
                Link: Latency L0s <4us, L1 <64us
                Link: ASPM Disabled RCB 64 bytes CommClk- ExtSynch-
                Link: Speed 2.5Gb/s, Width x4

0f:0d.0 VGA compatible controller [0300]: ATI Technologies Inc ES1000 [1002:515e] (rev 02) (prog-if 00 [VGA controller])
        Subsystem: Dell Unknown device [1028:01b3]
        Control: I/O+ Mem+ BusMaster+ SpecCycle- MemWINV- VGASnoop+ ParErr- Stepping+ SERR+ FastB2B-
        Status: Cap+ 66MHz- UDF- FastB2B+ ParErr- DEVSEL=medium >TAbort- <TAbort- <MAbort- >SERR- <PERR-
        Latency: 32 (2000ns min), Cache Line Size: 64 bytes
        Interrupt: pin A routed to IRQ 11
        Region 0: Memory at d8000000 (32-bit, prefetchable) [size=128M]
        Region 1: I/O ports at bc00 [size=256]
        Region 2: Memory at fc3d0000 (32-bit, non-prefetchable) [size=64K]
        [virtual] Expansion ROM at fc200000 [disabled] [size=128K]
        Capabilities: [50] Power Management version 2
                Flags: PMEClk- DSI- D1+ D2+ AuxCurrent=0mA PME(D0-,D1-,D2-,D3hot-,D3cold-)
                Status: D0 PME-Enable- DSel=0 DScale=0 PME-
</pre>

* Network:
<pre>
dmesg | grep eth
[   80.726286] e1000: eth0: e1000_probe: Intel(R) PRO/1000 Network Connection
[   80.886042] e1000: eth1: e1000_probe: Intel(R) PRO/1000 Network Connection
[   81.045956] e1000: eth2: e1000_probe: Intel(R) PRO/1000 Network Connection
[   81.205889] e1000: eth3: e1000_probe: Intel(R) PRO/1000 Network Connection
[   81.803378] eth4: Broadcom NetXtreme II BCM5708 1000Base-T (B1) PCI-X 64-bit 133MHz found at mem f4000000, IRQ 16, node addr 00:13:72:fb:f9:1d
[   82.403690] eth5: Broadcom NetXtreme II BCM5708 1000Base-T (B1) PCI-X 64-bit 133MHz found at mem f8000000, IRQ 16, node addr 00:13:72:fb:f9:1b
[   85.084587] Driver 'sd' needs updating - please use bus_type methods
[   85.759205] Driver 'sr' needs updating - please use bus_type methods
[   94.146149] bnx2: eth4: using MSI
[  142.079719] ADDRCONF(NETDEV_UP): eth4: link is not ready
[  221.603401] bnx2: eth4 NIC Copper Link is Up, 1000 Mbps full duplex
[  221.606488] ADDRCONF(NETDEV_CHANGE): eth4: link becomes ready
[  231.868659] eth4: no IPv6 routers present
</pre>

<pre>
ifconfig -a
eth0      Link encap:Ethernet  HWaddr 00:15:17:0e:bd:90  
          BROADCAST MULTICAST  MTU:1500  Metric:1
          RX packets:0 errors:0 dropped:0 overruns:0 frame:0
          TX packets:0 errors:0 dropped:0 overruns:0 carrier:0
          collisions:0 txqueuelen:1000 
          RX bytes:0 (0.0 B)  TX bytes:0 (0.0 B)
          Base address:0xdce0 Memory:fc6e0000-fc700000 

eth1      Link encap:Ethernet  HWaddr 00:15:17:0e:bd:91  
          BROADCAST MULTICAST  MTU:1500  Metric:1
          RX packets:0 errors:0 dropped:0 overruns:0 frame:0
          TX packets:0 errors:0 dropped:0 overruns:0 carrier:0
          collisions:0 txqueuelen:1000 
          RX bytes:0 (0.0 B)  TX bytes:0 (0.0 B)
          Base address:0xdcc0 Memory:fc6a0000-fc6c0000 

eth2      Link encap:Ethernet  HWaddr 00:15:17:0e:bd:c0  
          BROADCAST MULTICAST  MTU:1500  Metric:1
          RX packets:0 errors:0 dropped:0 overruns:0 frame:0
          TX packets:0 errors:0 dropped:0 overruns:0 carrier:0
          collisions:0 txqueuelen:1000 
          RX bytes:0 (0.0 B)  TX bytes:0 (0.0 B)
          Base address:0xcce0 Memory:fc4e0000-fc500000 

eth3      Link encap:Ethernet  HWaddr 00:15:17:0e:bd:c1  
          BROADCAST MULTICAST  MTU:1500  Metric:1
          RX packets:0 errors:0 dropped:0 overruns:0 frame:0
          TX packets:0 errors:0 dropped:0 overruns:0 carrier:0
          collisions:0 txqueuelen:1000 
          RX bytes:0 (0.0 B)  TX bytes:0 (0.0 B)
          Base address:0xccc0 Memory:fc4a0000-fc4c0000 

eth4      Link encap:Ethernet  HWaddr 00:13:72:fb:f9:1d  
          inet addr:192.168.30.150  Bcast:192.168.30.255  Mask:255.255.255.0
          inet6 addr: fe80::213:72ff:fefb:f91d/64 Scope:Link
          UP BROADCAST RUNNING MULTICAST  MTU:1500  Metric:1
          RX packets:25286 errors:0 dropped:0 overruns:0 frame:0
          TX packets:469 errors:0 dropped:0 overruns:0 carrier:0
          collisions:0 txqueuelen:1000 
          RX bytes:1741303 (1.6 MB)  TX bytes:184205 (179.8 KB)
          Interrupt:16 Memory:f4000000-f4012100 

eth5      Link encap:Ethernet  HWaddr 00:13:72:fb:f9:1b  
          BROADCAST MULTICAST  MTU:1500  Metric:1
          RX packets:0 errors:0 dropped:0 overruns:0 frame:0
          TX packets:0 errors:0 dropped:0 overruns:0 carrier:0
          collisions:0 txqueuelen:1000 
          RX bytes:0 (0.0 B)  TX bytes:0 (0.0 B)
          Interrupt:16 Memory:f8000000-f8012100 

lo        Link encap:Local Loopback  
          inet addr:127.0.0.1  Mask:255.0.0.0
          inet6 addr: ::1/128 Scope:Host
          UP LOOPBACK RUNNING  MTU:16436  Metric:1
          RX packets:1 errors:0 dropped:0 overruns:0 frame:0
          TX packets:1 errors:0 dropped:0 overruns:0 carrier:0
          collisions:0 txqueuelen:0 
          RX bytes:82 (82.0 B)  TX bytes:82 (82.0 B)
</pre>

==== Booting ====

I get an output error when booting:

/scripts/local-premount/resume:/scripts/local-premount/resume : 57 : log_begin_msg: not found
